<?xml version="1.0" encoding="ISO-8859-1" ?>
<link_info>
   <banner>TMS320C2000 Linker PC v20.2.5.LTS</banner>
   <copyright>Copyright (c) 1996-2018 Texas Instruments Incorporated</copyright>
   <link_time>0x652cc7cc</link_time>
   <link_errors>0x0</link_errors>
   <output_file>Lab2Idle.out</output_file>
   <entry_point>
      <name>_c_int00</name>
      <address>0x89098</address>
   </entry_point>
   <input_file_list>
      <input_file id="fl-2">
         <path>.\</path>
         <kind>object</kind>
         <file>F2837xD_GlobalVariableDefs.obj</file>
         <name>F2837xD_GlobalVariableDefs.obj</name>
      </input_file>
      <input_file id="fl-3">
         <path>.\</path>
         <kind>object</kind>
         <file>Lab2Idle_DevInit.obj</file>
         <name>Lab2Idle_DevInit.obj</name>
      </input_file>
      <input_file id="fl-4">
         <path>.\</path>
         <kind>object</kind>
         <file>Lab2Idle_main.obj</file>
         <name>Lab2Idle_main.obj</name>
      </input_file>
      <input_file id="fl-8">
         <path>D:\E_Eng\ELEX7820\Labs\Lab2\Lab2\Debug\configPkg\package\cfg\</path>
         <kind>object</kind>
         <file>Lab2Idle_p28FP.o28FP</file>
         <name>Lab2Idle_p28FP.o28FP</name>
      </input_file>
      <input_file id="fl-f">
         <kind>object</kind>
         <file>&lt;internal&gt;</file>
         <name>&lt;internal&gt;</name>
      </input_file>
      <input_file id="fl-10">
         <path>D:\E_Eng\ELEX7820\Labs\Lab2\Lab2\src\sysbios\</path>
         <kind>archive</kind>
         <file>sysbios.a28FP</file>
         <name>BIOS.obj</name>
      </input_file>
      <input_file id="fl-11">
         <path>D:\E_Eng\ELEX7820\Labs\Lab2\Lab2\src\sysbios\</path>
         <kind>archive</kind>
         <file>sysbios.a28FP</file>
         <name>c28_Hwi_asm.obj</name>
      </input_file>
      <input_file id="fl-12">
         <path>D:\E_Eng\ELEX7820\Labs\Lab2\Lab2\src\sysbios\</path>
         <kind>archive</kind>
         <file>sysbios.a28FP</file>
         <name>c28_Hwi_disp_asm.obj</name>
      </input_file>
      <input_file id="fl-13">
         <path>D:\E_Eng\ELEX7820\Labs\Lab2\Lab2\src\sysbios\</path>
         <kind>archive</kind>
         <file>sysbios.a28FP</file>
         <name>c28_IntrinsicsSupport_asm.obj</name>
      </input_file>
      <input_file id="fl-14">
         <path>D:\E_Eng\ELEX7820\Labs\Lab2\Lab2\src\sysbios\</path>
         <kind>archive</kind>
         <file>sysbios.a28FP</file>
         <name>c28_TaskSupport_asm.obj</name>
      </input_file>
      <input_file id="fl-15">
         <path>D:\E_Eng\ELEX7820\tools\sysbios\bios_6_83_00_18\packages\ti\targets\rts2800\lib\</path>
         <kind>archive</kind>
         <file>ti.targets.rts2800.a28FP</file>
         <name>Assert.o28FP</name>
      </input_file>
      <input_file id="fl-16">
         <path>D:\E_Eng\ELEX7820\tools\sysbios\bios_6_83_00_18\packages\ti\targets\rts2800\lib\</path>
         <kind>archive</kind>
         <file>ti.targets.rts2800.a28FP</file>
         <name>Core-mem.o28FP</name>
      </input_file>
      <input_file id="fl-17">
         <path>D:\E_Eng\ELEX7820\tools\sysbios\bios_6_83_00_18\packages\ti\targets\rts2800\lib\</path>
         <kind>archive</kind>
         <file>ti.targets.rts2800.a28FP</file>
         <name>Core-smem.o28FP</name>
      </input_file>
      <input_file id="fl-18">
         <path>D:\E_Eng\ELEX7820\tools\sysbios\bios_6_83_00_18\packages\ti\targets\rts2800\lib\</path>
         <kind>archive</kind>
         <file>ti.targets.rts2800.a28FP</file>
         <name>Core-params.o28FP</name>
      </input_file>
      <input_file id="fl-19">
         <path>D:\E_Eng\ELEX7820\tools\sysbios\bios_6_83_00_18\packages\ti\targets\rts2800\lib\</path>
         <kind>archive</kind>
         <file>ti.targets.rts2800.a28FP</file>
         <name>Error.o28FP</name>
      </input_file>
      <input_file id="fl-1a">
         <path>D:\E_Eng\ELEX7820\tools\sysbios\bios_6_83_00_18\packages\ti\targets\rts2800\lib\</path>
         <kind>archive</kind>
         <file>ti.targets.rts2800.a28FP</file>
         <name>Gate.o28FP</name>
      </input_file>
      <input_file id="fl-1b">
         <path>D:\E_Eng\ELEX7820\tools\sysbios\bios_6_83_00_18\packages\ti\targets\rts2800\lib\</path>
         <kind>archive</kind>
         <file>ti.targets.rts2800.a28FP</file>
         <name>HeapStd.o28FP</name>
      </input_file>
      <input_file id="fl-1c">
         <path>D:\E_Eng\ELEX7820\tools\sysbios\bios_6_83_00_18\packages\ti\targets\rts2800\lib\</path>
         <kind>archive</kind>
         <file>ti.targets.rts2800.a28FP</file>
         <name>LoggerBuf.o28FP</name>
      </input_file>
      <input_file id="fl-1d">
         <path>D:\E_Eng\ELEX7820\tools\sysbios\bios_6_83_00_18\packages\ti\targets\rts2800\lib\</path>
         <kind>archive</kind>
         <file>ti.targets.rts2800.a28FP</file>
         <name>Memory.o28FP</name>
      </input_file>
      <input_file id="fl-1e">
         <path>D:\E_Eng\ELEX7820\tools\sysbios\bios_6_83_00_18\packages\ti\targets\rts2800\lib\</path>
         <kind>archive</kind>
         <file>ti.targets.rts2800.a28FP</file>
         <name>Startup.o28FP</name>
      </input_file>
      <input_file id="fl-1f">
         <path>D:\E_Eng\ELEX7820\tools\sysbios\bios_6_83_00_18\packages\ti\targets\rts2800\lib\</path>
         <kind>archive</kind>
         <file>ti.targets.rts2800.a28FP</file>
         <name>System.o28FP</name>
      </input_file>
      <input_file id="fl-20">
         <path>D:\E_Eng\ELEX7820\tools\sysbios\bios_6_83_00_18\packages\ti\targets\rts2800\lib\</path>
         <kind>archive</kind>
         <file>ti.targets.rts2800.a28FP</file>
         <name>SysMin.o28FP</name>
      </input_file>
      <input_file id="fl-21">
         <path>D:\E_Eng\ELEX7820\tools\sysbios\bios_6_83_00_18\packages\ti\targets\rts2800\lib\</path>
         <kind>archive</kind>
         <file>ti.targets.rts2800.a28FP</file>
         <name>Text.o28FP</name>
      </input_file>
      <input_file id="fl-22">
         <path>D:\E_Eng\ELEX7820\tools\sysbios\bios_6_83_00_18\packages\ti\targets\rts2800\lib\</path>
         <kind>archive</kind>
         <file>ti.targets.rts2800.a28FP</file>
         <name>xdc_noinit.o28FP</name>
      </input_file>
      <input_file id="fl-23">
         <path>D:\E_Eng\ELEX7820\tools\sysbios\bios_6_83_00_18\packages\ti\targets\rts2800\lib\</path>
         <kind>archive</kind>
         <file>ti.targets.rts2800.a28FP</file>
         <name>Log.o28FP</name>
      </input_file>
      <input_file id="fl-24">
         <path>D:\E_Eng\ELEX7820\tools\sysbios\bios_6_83_00_18\packages\ti\targets\rts2800\lib\</path>
         <kind>archive</kind>
         <file>ti.targets.rts2800.a28FP</file>
         <name>Registry.o28FP</name>
      </input_file>
      <input_file id="fl-25">
         <path>D:\E_Eng\ELEX7820\tools\sysbios\bios_6_83_00_18\packages\ti\targets\rts2800\lib\</path>
         <kind>archive</kind>
         <file>boot.a28FP</file>
         <name>boot_cg.o28FP</name>
      </input_file>
      <input_file id="fl-26">
         <path>D:\E_Eng\ELEX7820\tools\sysbios\bios_6_83_00_18\packages\ti\catalog\c2800\initF2837x\lib\</path>
         <kind>archive</kind>
         <file>Boot.a28FP</file>
         <name>Boot.o28FP</name>
      </input_file>
      <input_file id="fl-27">
         <path>D:\E_Eng\ELEX7820\tools\sysbios\bios_6_83_00_18\packages\ti\catalog\c2800\initF2837x\lib\</path>
         <kind>archive</kind>
         <file>Boot.a28FP</file>
         <name>Boot_asm.o28FP</name>
      </input_file>
      <input_file id="fl-33">
         <path>D:\E_Eng\ELEX7820\CCS\CCS\ccs\tools\compiler\ti-cgt-c2000_20.2.5.LTS\lib\</path>
         <kind>archive</kind>
         <file>rts2800_fpu32.lib</file>
         <name>ll_div28.asm.obj</name>
      </input_file>
      <input_file id="fl-34">
         <path>D:\E_Eng\ELEX7820\CCS\CCS\ccs\tools\compiler\ti-cgt-c2000_20.2.5.LTS\lib\</path>
         <kind>archive</kind>
         <file>rts2800_fpu32.lib</file>
         <name>u_div28.asm.obj</name>
      </input_file>
      <input_file id="fl-35">
         <path>D:\E_Eng\ELEX7820\CCS\CCS\ccs\tools\compiler\ti-cgt-c2000_20.2.5.LTS\lib\</path>
         <kind>archive</kind>
         <file>rts2800_fpu32.lib</file>
         <name>cpy_tbl.c.obj</name>
      </input_file>
      <input_file id="fl-36">
         <path>D:\E_Eng\ELEX7820\CCS\CCS\ccs\tools\compiler\ti-cgt-c2000_20.2.5.LTS\lib\</path>
         <kind>archive</kind>
         <file>rts2800_fpu32.lib</file>
         <name>memcpy.c.obj</name>
      </input_file>
      <input_file id="fl-37">
         <path>D:\E_Eng\ELEX7820\CCS\CCS\ccs\tools\compiler\ti-cgt-c2000_20.2.5.LTS\lib\</path>
         <kind>archive</kind>
         <file>rts2800_fpu32.lib</file>
         <name>pre_init.c.obj</name>
      </input_file>
      <input_file id="fl-38">
         <path>D:\E_Eng\ELEX7820\CCS\CCS\ccs\tools\compiler\ti-cgt-c2000_20.2.5.LTS\lib\</path>
         <kind>archive</kind>
         <file>rts2800_fpu32.lib</file>
         <name>startup.c.obj</name>
      </input_file>
      <input_file id="fl-39">
         <path>D:\E_Eng\ELEX7820\CCS\CCS\ccs\tools\compiler\ti-cgt-c2000_20.2.5.LTS\lib\</path>
         <kind>archive</kind>
         <file>rts2800_fpu32.lib</file>
         <name>exit.c.obj</name>
      </input_file>
      <input_file id="fl-3a">
         <path>D:\E_Eng\ELEX7820\CCS\CCS\ccs\tools\compiler\ti-cgt-c2000_20.2.5.LTS\lib\</path>
         <kind>archive</kind>
         <file>rts2800_fpu32.lib</file>
         <name>_lock.c.obj</name>
      </input_file>
      <input_file id="fl-3b">
         <path>D:\E_Eng\ELEX7820\CCS\CCS\ccs\tools\compiler\ti-cgt-c2000_20.2.5.LTS\lib\</path>
         <kind>archive</kind>
         <file>rts2800_fpu32.lib</file>
         <name>args_main.c.obj</name>
      </input_file>
      <input_file id="fl-3c">
         <path>D:\E_Eng\ELEX7820\CCS\CCS\ccs\tools\compiler\ti-cgt-c2000_20.2.5.LTS\lib\</path>
         <kind>archive</kind>
         <file>rts2800_fpu32.lib</file>
         <name>memset.c.obj</name>
      </input_file>
      <input_file id="fl-3d">
         <path>D:\E_Eng\ELEX7820\CCS\CCS\ccs\tools\compiler\ti-cgt-c2000_20.2.5.LTS\lib\</path>
         <kind>archive</kind>
         <file>rts2800_fpu32.lib</file>
         <name>strcmp.c.obj</name>
      </input_file>
      <input_file id="fl-3e">
         <path>D:\E_Eng\ELEX7820\CCS\CCS\ccs\tools\compiler\ti-cgt-c2000_20.2.5.LTS\lib\</path>
         <kind>archive</kind>
         <file>rts2800_fpu32.lib</file>
         <name>strlen.c.obj</name>
      </input_file>
      <input_file id="fl-3f">
         <path>D:\E_Eng\ELEX7820\CCS\CCS\ccs\tools\compiler\ti-cgt-c2000_20.2.5.LTS\lib\</path>
         <kind>archive</kind>
         <file>rts2800_fpu32.lib</file>
         <name>hostwrite.c.obj</name>
      </input_file>
      <input_file id="fl-40">
         <path>D:\E_Eng\ELEX7820\CCS\CCS\ccs\tools\compiler\ti-cgt-c2000_20.2.5.LTS\lib\</path>
         <kind>archive</kind>
         <file>rts2800_fpu32.lib</file>
         <name>trgmsg.c.obj</name>
      </input_file>
      <input_file id="fl-41">
         <path>D:\E_Eng\ELEX7820\CCS\CCS\ccs\tools\compiler\ti-cgt-c2000_20.2.5.LTS\lib\</path>
         <kind>archive</kind>
         <file>rts2800_fpu32.lib</file>
         <name>hostopen.c.obj</name>
      </input_file>
   </input_file_list>
   <object_component_list>
      <object_component id="oc-ff">
         <name>PieVectTableFile</name>
         <uninitialized>true</uninitialized>
         <run_address>0xd00</run_address>
         <size>0x1c0</size>
         <input_file_ref idref="fl-2"/>
      </object_component>
      <object_component id="oc-cf">
         <name>AccessProtectionRegsFile</name>
         <uninitialized>true</uninitialized>
         <run_address>0x5f4c0</run_address>
         <size>0x2e</size>
         <input_file_ref idref="fl-2"/>
      </object_component>
      <object_component id="oc-e4">
         <name>AdcaRegsFile</name>
         <uninitialized>true</uninitialized>
         <run_address>0x7400</run_address>
         <size>0x7c</size>
         <input_file_ref idref="fl-2"/>
      </object_component>
      <object_component id="oc-e5">
         <name>AdcbRegsFile</name>
         <uninitialized>true</uninitialized>
         <run_address>0x7480</run_address>
         <size>0x7c</size>
         <input_file_ref idref="fl-2"/>
      </object_component>
      <object_component id="oc-e6">
         <name>AdccRegsFile</name>
         <uninitialized>true</uninitialized>
         <run_address>0x7500</run_address>
         <size>0x7c</size>
         <input_file_ref idref="fl-2"/>
      </object_component>
      <object_component id="oc-e7">
         <name>AdcdRegsFile</name>
         <uninitialized>true</uninitialized>
         <run_address>0x7580</run_address>
         <size>0x7c</size>
         <input_file_ref idref="fl-2"/>
      </object_component>
      <object_component id="oc-ac">
         <name>AdcaResultRegsFile</name>
         <uninitialized>true</uninitialized>
         <run_address>0xb00</run_address>
         <size>0x18</size>
         <input_file_ref idref="fl-2"/>
      </object_component>
      <object_component id="oc-ad">
         <name>AdcbResultRegsFile</name>
         <uninitialized>true</uninitialized>
         <run_address>0xb20</run_address>
         <size>0x18</size>
         <input_file_ref idref="fl-2"/>
      </object_component>
      <object_component id="oc-ae">
         <name>AdccResultRegsFile</name>
         <uninitialized>true</uninitialized>
         <run_address>0xb40</run_address>
         <size>0x18</size>
         <input_file_ref idref="fl-2"/>
      </object_component>
      <object_component id="oc-af">
         <name>AdcdResultRegsFile</name>
         <uninitialized>true</uninitialized>
         <run_address>0xb60</run_address>
         <size>0x18</size>
         <input_file_ref idref="fl-2"/>
      </object_component>
      <object_component id="oc-d3">
         <name>AnalogSubsysRegsFile</name>
         <uninitialized>true</uninitialized>
         <run_address>0x5d180</run_address>
         <size>0x3e</size>
         <input_file_ref idref="fl-2"/>
      </object_component>
      <object_component id="oc-fb">
         <name>CanaRegsFile</name>
         <uninitialized>true</uninitialized>
         <run_address>0x48000</run_address>
         <size>0x164</size>
         <input_file_ref idref="fl-2"/>
      </object_component>
      <object_component id="oc-fc">
         <name>CanbRegsFile</name>
         <uninitialized>true</uninitialized>
         <run_address>0x4a000</run_address>
         <size>0x164</size>
         <input_file_ref idref="fl-2"/>
      </object_component>
      <object_component id="oc-d4">
         <name>Cla1RegsFile</name>
         <uninitialized>true</uninitialized>
         <run_address>0x1400</run_address>
         <size>0x3e</size>
         <input_file_ref idref="fl-2"/>
      </object_component>
      <object_component id="oc-f6">
         <name>Clb1DataExchRegsFile</name>
         <uninitialized>true</uninitialized>
         <run_address>0x3200</run_address>
         <size>0x108</size>
         <input_file_ref idref="fl-2"/>
      </object_component>
      <object_component id="oc-f7">
         <name>Clb2DataExchRegsFile</name>
         <uninitialized>true</uninitialized>
         <run_address>0x3600</run_address>
         <size>0x108</size>
         <input_file_ref idref="fl-2"/>
      </object_component>
      <object_component id="oc-f8">
         <name>Clb3DataExchRegsFile</name>
         <uninitialized>true</uninitialized>
         <run_address>0x3a00</run_address>
         <size>0x108</size>
         <input_file_ref idref="fl-2"/>
      </object_component>
      <object_component id="oc-f9">
         <name>Clb4DataExchRegsFile</name>
         <uninitialized>true</uninitialized>
         <run_address>0x3e00</run_address>
         <size>0x108</size>
         <input_file_ref idref="fl-2"/>
      </object_component>
      <object_component id="oc-d5">
         <name>Clb1LogicCfgRegsFile</name>
         <uninitialized>true</uninitialized>
         <run_address>0x3000</run_address>
         <size>0x3e</size>
         <input_file_ref idref="fl-2"/>
      </object_component>
      <object_component id="oc-d6">
         <name>Clb2LogicCfgRegsFile</name>
         <uninitialized>true</uninitialized>
         <run_address>0x3400</run_address>
         <size>0x3e</size>
         <input_file_ref idref="fl-2"/>
      </object_component>
      <object_component id="oc-d7">
         <name>Clb3LogicCfgRegsFile</name>
         <uninitialized>true</uninitialized>
         <run_address>0x3800</run_address>
         <size>0x3e</size>
         <input_file_ref idref="fl-2"/>
      </object_component>
      <object_component id="oc-d8">
         <name>Clb4LogicCfgRegsFile</name>
         <uninitialized>true</uninitialized>
         <run_address>0x3c00</run_address>
         <size>0x3e</size>
         <input_file_ref idref="fl-2"/>
      </object_component>
      <object_component id="oc-d9">
         <name>Clb1LogicCtrlRegsFile</name>
         <uninitialized>true</uninitialized>
         <run_address>0x3100</run_address>
         <size>0x40</size>
         <input_file_ref idref="fl-2"/>
      </object_component>
      <object_component id="oc-da">
         <name>Clb2LogicCtrlRegsFile</name>
         <uninitialized>true</uninitialized>
         <run_address>0x3500</run_address>
         <size>0x40</size>
         <input_file_ref idref="fl-2"/>
      </object_component>
      <object_component id="oc-db">
         <name>Clb3LogicCtrlRegsFile</name>
         <uninitialized>true</uninitialized>
         <run_address>0x3900</run_address>
         <size>0x40</size>
         <input_file_ref idref="fl-2"/>
      </object_component>
      <object_component id="oc-dc">
         <name>Clb4LogicCtrlRegsFile</name>
         <uninitialized>true</uninitialized>
         <run_address>0x3d00</run_address>
         <size>0x40</size>
         <input_file_ref idref="fl-2"/>
      </object_component>
      <object_component id="oc-dd">
         <name>ClbXbarRegsFile</name>
         <uninitialized>true</uninitialized>
         <run_address>0x7a40</run_address>
         <size>0x40</size>
         <input_file_ref idref="fl-2"/>
      </object_component>
      <object_component id="oc-d1">
         <name>ClkCfgRegsFile</name>
         <uninitialized>true</uninitialized>
         <run_address>0x5d200</run_address>
         <size>0x32</size>
         <input_file_ref idref="fl-2"/>
      </object_component>
      <object_component id="oc-b8">
         <name>Cmpss1RegsFile</name>
         <uninitialized>true</uninitialized>
         <run_address>0x5c80</run_address>
         <size>0x1b</size>
         <input_file_ref idref="fl-2"/>
      </object_component>
      <object_component id="oc-b9">
         <name>Cmpss2RegsFile</name>
         <uninitialized>true</uninitialized>
         <run_address>0x5ca0</run_address>
         <size>0x1b</size>
         <input_file_ref idref="fl-2"/>
      </object_component>
      <object_component id="oc-ba">
         <name>Cmpss3RegsFile</name>
         <uninitialized>true</uninitialized>
         <run_address>0x5cc0</run_address>
         <size>0x1b</size>
         <input_file_ref idref="fl-2"/>
      </object_component>
      <object_component id="oc-bb">
         <name>Cmpss4RegsFile</name>
         <uninitialized>true</uninitialized>
         <run_address>0x5ce0</run_address>
         <size>0x1b</size>
         <input_file_ref idref="fl-2"/>
      </object_component>
      <object_component id="oc-bc">
         <name>Cmpss5RegsFile</name>
         <uninitialized>true</uninitialized>
         <run_address>0x5d00</run_address>
         <size>0x1b</size>
         <input_file_ref idref="fl-2"/>
      </object_component>
      <object_component id="oc-bd">
         <name>Cmpss6RegsFile</name>
         <uninitialized>true</uninitialized>
         <run_address>0x5d20</run_address>
         <size>0x1b</size>
         <input_file_ref idref="fl-2"/>
      </object_component>
      <object_component id="oc-be">
         <name>Cmpss7RegsFile</name>
         <uninitialized>true</uninitialized>
         <run_address>0x5d40</run_address>
         <size>0x1b</size>
         <input_file_ref idref="fl-2"/>
      </object_component>
      <object_component id="oc-bf">
         <name>Cmpss8RegsFile</name>
         <uninitialized>true</uninitialized>
         <run_address>0x5d60</run_address>
         <size>0x1b</size>
         <input_file_ref idref="fl-2"/>
      </object_component>
      <object_component id="oc-9e">
         <name>CpuTimer0RegsFile</name>
         <uninitialized>true</uninitialized>
         <run_address>0xc00</run_address>
         <size>0x8</size>
         <input_file_ref idref="fl-2"/>
      </object_component>
      <object_component id="oc-9f">
         <name>CpuTimer1RegsFile</name>
         <uninitialized>true</uninitialized>
         <run_address>0xc08</run_address>
         <size>0x8</size>
         <input_file_ref idref="fl-2"/>
      </object_component>
      <object_component id="oc-a0">
         <name>CpuTimer2RegsFile</name>
         <uninitialized>true</uninitialized>
         <run_address>0xc10</run_address>
         <size>0x8</size>
         <input_file_ref idref="fl-2"/>
      </object_component>
      <object_component id="oc-e8">
         <name>CpuSysRegsFile</name>
         <uninitialized>true</uninitialized>
         <run_address>0x5d300</run_address>
         <size>0x82</size>
         <input_file_ref idref="fl-2"/>
      </object_component>
      <object_component id="oc-9a">
         <name>DacaRegsFile</name>
         <uninitialized>true</uninitialized>
         <run_address>0x5c00</run_address>
         <size>0x7</size>
         <input_file_ref idref="fl-2"/>
      </object_component>
      <object_component id="oc-9b">
         <name>DacbRegsFile</name>
         <uninitialized>true</uninitialized>
         <run_address>0x5c10</run_address>
         <size>0x7</size>
         <input_file_ref idref="fl-2"/>
      </object_component>
      <object_component id="oc-9c">
         <name>DaccRegsFile</name>
         <uninitialized>true</uninitialized>
         <run_address>0x5c20</run_address>
         <size>0x7</size>
         <input_file_ref idref="fl-2"/>
      </object_component>
      <object_component id="oc-98">
         <name>DcsmCommonRegsFile</name>
         <uninitialized>true</uninitialized>
         <run_address>0x5f070</run_address>
         <size>0x6</size>
         <input_file_ref idref="fl-2"/>
      </object_component>
      <object_component id="oc-c1">
         <name>DcsmZ1RegsFile</name>
         <uninitialized>true</uninitialized>
         <run_address>0x5f000</run_address>
         <size>0x22</size>
         <input_file_ref idref="fl-2"/>
      </object_component>
      <object_component id="oc-c2">
         <name>DcsmZ2RegsFile</name>
         <uninitialized>true</uninitialized>
         <run_address>0x5f040</run_address>
         <size>0x22</size>
         <input_file_ref idref="fl-2"/>
      </object_component>
      <object_component id="oc-fa">
         <name>DevCfgRegsFile</name>
         <uninitialized>true</uninitialized>
         <run_address>0x5d000</run_address>
         <size>0x12e</size>
         <input_file_ref idref="fl-2"/>
      </object_component>
      <object_component id="oc-b0">
         <name>DmaClaSrcSelRegsFile</name>
         <uninitialized>true</uninitialized>
         <run_address>0x7980</run_address>
         <size>0x1a</size>
         <input_file_ref idref="fl-2"/>
      </object_component>
      <object_component id="oc-e9">
         <name>DmaRegsFile</name>
         <uninitialized>true</uninitialized>
         <run_address>0x1000</run_address>
         <size>0xe0</size>
         <input_file_ref idref="fl-2"/>
      </object_component>
      <object_component id="oc-b1">
         <name>ECap1RegsFile</name>
         <uninitialized>true</uninitialized>
         <run_address>0x5000</run_address>
         <size>0x1a</size>
         <input_file_ref idref="fl-2"/>
      </object_component>
      <object_component id="oc-b2">
         <name>ECap2RegsFile</name>
         <uninitialized>true</uninitialized>
         <run_address>0x5020</run_address>
         <size>0x1a</size>
         <input_file_ref idref="fl-2"/>
      </object_component>
      <object_component id="oc-b3">
         <name>ECap3RegsFile</name>
         <uninitialized>true</uninitialized>
         <run_address>0x5040</run_address>
         <size>0x1a</size>
         <input_file_ref idref="fl-2"/>
      </object_component>
      <object_component id="oc-b4">
         <name>ECap4RegsFile</name>
         <uninitialized>true</uninitialized>
         <run_address>0x5060</run_address>
         <size>0x1a</size>
         <input_file_ref idref="fl-2"/>
      </object_component>
      <object_component id="oc-b5">
         <name>ECap5RegsFile</name>
         <uninitialized>true</uninitialized>
         <run_address>0x5080</run_address>
         <size>0x1a</size>
         <input_file_ref idref="fl-2"/>
      </object_component>
      <object_component id="oc-b6">
         <name>ECap6RegsFile</name>
         <uninitialized>true</uninitialized>
         <run_address>0x50a0</run_address>
         <size>0x1a</size>
         <input_file_ref idref="fl-2"/>
      </object_component>
      <object_component id="oc-a1">
         <name>Emif1ConfigRegsFile</name>
         <uninitialized>true</uninitialized>
         <run_address>0x5f480</run_address>
         <size>0xa</size>
         <input_file_ref idref="fl-2"/>
      </object_component>
      <object_component id="oc-a2">
         <name>Emif2ConfigRegsFile</name>
         <uninitialized>true</uninitialized>
         <run_address>0x5f4a0</run_address>
         <size>0xa</size>
         <input_file_ref idref="fl-2"/>
      </object_component>
      <object_component id="oc-cb">
         <name>Emif1RegsFile</name>
         <uninitialized>true</uninitialized>
         <run_address>0x47000</run_address>
         <size>0x28</size>
         <input_file_ref idref="fl-2"/>
      </object_component>
      <object_component id="oc-cc">
         <name>Emif2RegsFile</name>
         <uninitialized>true</uninitialized>
         <run_address>0x47800</run_address>
         <size>0x28</size>
         <input_file_ref idref="fl-2"/>
      </object_component>
      <object_component id="oc-ea">
         <name>EPwm1RegsFile</name>
         <uninitialized>true</uninitialized>
         <run_address>0x4000</run_address>
         <size>0x100</size>
         <input_file_ref idref="fl-2"/>
      </object_component>
      <object_component id="oc-eb">
         <name>EPwm2RegsFile</name>
         <uninitialized>true</uninitialized>
         <run_address>0x4100</run_address>
         <size>0x100</size>
         <input_file_ref idref="fl-2"/>
      </object_component>
      <object_component id="oc-ec">
         <name>EPwm3RegsFile</name>
         <uninitialized>true</uninitialized>
         <run_address>0x4200</run_address>
         <size>0x100</size>
         <input_file_ref idref="fl-2"/>
      </object_component>
      <object_component id="oc-ed">
         <name>EPwm4RegsFile</name>
         <uninitialized>true</uninitialized>
         <run_address>0x4300</run_address>
         <size>0x100</size>
         <input_file_ref idref="fl-2"/>
      </object_component>
      <object_component id="oc-ee">
         <name>EPwm5RegsFile</name>
         <uninitialized>true</uninitialized>
         <run_address>0x4400</run_address>
         <size>0x100</size>
         <input_file_ref idref="fl-2"/>
      </object_component>
      <object_component id="oc-ef">
         <name>EPwm6RegsFile</name>
         <uninitialized>true</uninitialized>
         <run_address>0x4500</run_address>
         <size>0x100</size>
         <input_file_ref idref="fl-2"/>
      </object_component>
      <object_component id="oc-f0">
         <name>EPwm7RegsFile</name>
         <uninitialized>true</uninitialized>
         <run_address>0x4600</run_address>
         <size>0x100</size>
         <input_file_ref idref="fl-2"/>
      </object_component>
      <object_component id="oc-f1">
         <name>EPwm8RegsFile</name>
         <uninitialized>true</uninitialized>
         <run_address>0x4700</run_address>
         <size>0x100</size>
         <input_file_ref idref="fl-2"/>
      </object_component>
      <object_component id="oc-f2">
         <name>EPwm9RegsFile</name>
         <uninitialized>true</uninitialized>
         <run_address>0x4800</run_address>
         <size>0x100</size>
         <input_file_ref idref="fl-2"/>
      </object_component>
      <object_component id="oc-f3">
         <name>EPwm10RegsFile</name>
         <uninitialized>true</uninitialized>
         <run_address>0x4900</run_address>
         <size>0x100</size>
         <input_file_ref idref="fl-2"/>
      </object_component>
      <object_component id="oc-f4">
         <name>EPwm11RegsFile</name>
         <uninitialized>true</uninitialized>
         <run_address>0x4a00</run_address>
         <size>0x100</size>
         <input_file_ref idref="fl-2"/>
      </object_component>
      <object_component id="oc-f5">
         <name>EPwm12RegsFile</name>
         <uninitialized>true</uninitialized>
         <run_address>0x4b00</run_address>
         <size>0x100</size>
         <input_file_ref idref="fl-2"/>
      </object_component>
      <object_component id="oc-de">
         <name>EPwmXbarRegsFile</name>
         <uninitialized>true</uninitialized>
         <run_address>0x7a00</run_address>
         <size>0x40</size>
         <input_file_ref idref="fl-2"/>
      </object_component>
      <object_component id="oc-c3">
         <name>EQep1RegsFile</name>
         <uninitialized>true</uninitialized>
         <run_address>0x5100</run_address>
         <size>0x22</size>
         <input_file_ref idref="fl-2"/>
      </object_component>
      <object_component id="oc-c4">
         <name>EQep2RegsFile</name>
         <uninitialized>true</uninitialized>
         <run_address>0x5140</run_address>
         <size>0x22</size>
         <input_file_ref idref="fl-2"/>
      </object_component>
      <object_component id="oc-c5">
         <name>EQep3RegsFile</name>
         <uninitialized>true</uninitialized>
         <run_address>0x5180</run_address>
         <size>0x22</size>
         <input_file_ref idref="fl-2"/>
      </object_component>
      <object_component id="oc-fe">
         <name>Flash0CtrlRegsFile</name>
         <uninitialized>true</uninitialized>
         <run_address>0x5f800</run_address>
         <size>0x182</size>
         <input_file_ref idref="fl-2"/>
      </object_component>
      <object_component id="oc-cd">
         <name>Flash0EccRegsFile</name>
         <uninitialized>true</uninitialized>
         <run_address>0x5fb00</run_address>
         <size>0x28</size>
         <input_file_ref idref="fl-2"/>
      </object_component>
      <object_component id="oc-95">
         <name>FlashPumpSemaphoreRegsFile</name>
         <uninitialized>true</uninitialized>
         <run_address>0x50024</run_address>
         <size>0x2</size>
         <input_file_ref idref="fl-2"/>
      </object_component>
      <object_component id="oc-fd">
         <name>GpioCtrlRegsFile</name>
         <uninitialized>true</uninitialized>
         <run_address>0x7c00</run_address>
         <size>0x180</size>
         <input_file_ref idref="fl-2"/>
      </object_component>
      <object_component id="oc-d0">
         <name>GpioDataRegsFile</name>
         <uninitialized>true</uninitialized>
         <run_address>0x7f00</run_address>
         <size>0x30</size>
         <input_file_ref idref="fl-2"/>
      </object_component>
      <object_component id="oc-c6">
         <name>I2caRegsFile</name>
         <uninitialized>true</uninitialized>
         <run_address>0x7300</run_address>
         <size>0x22</size>
         <input_file_ref idref="fl-2"/>
      </object_component>
      <object_component id="oc-c7">
         <name>I2cbRegsFile</name>
         <uninitialized>true</uninitialized>
         <run_address>0x7340</run_address>
         <size>0x22</size>
         <input_file_ref idref="fl-2"/>
      </object_component>
      <object_component id="oc-c0">
         <name>InputXbarRegsFile</name>
         <uninitialized>true</uninitialized>
         <run_address>0x7900</run_address>
         <size>0x20</size>
         <input_file_ref idref="fl-2"/>
      </object_component>
      <object_component id="oc-c8">
         <name>IpcRegsFile</name>
         <uninitialized>true</uninitialized>
         <run_address>0x50000</run_address>
         <size>0x24</size>
         <input_file_ref idref="fl-2"/>
      </object_component>
      <object_component id="oc-d2">
         <name>MemoryErrorRegsFile</name>
         <uninitialized>true</uninitialized>
         <run_address>0x5f500</run_address>
         <size>0x3a</size>
         <input_file_ref idref="fl-2"/>
      </object_component>
      <object_component id="oc-e3">
         <name>MemCfgRegsFile</name>
         <uninitialized>true</uninitialized>
         <run_address>0x5f400</run_address>
         <size>0x76</size>
         <input_file_ref idref="fl-2"/>
      </object_component>
      <object_component id="oc-c9">
         <name>McbspaRegsFile</name>
         <uninitialized>true</uninitialized>
         <run_address>0x6000</run_address>
         <size>0x24</size>
         <input_file_ref idref="fl-2"/>
      </object_component>
      <object_component id="oc-ca">
         <name>McbspbRegsFile</name>
         <uninitialized>true</uninitialized>
         <run_address>0x6040</run_address>
         <size>0x24</size>
         <input_file_ref idref="fl-2"/>
      </object_component>
      <object_component id="oc-9d">
         <name>NmiIntruptRegsFile</name>
         <uninitialized>true</uninitialized>
         <run_address>0x7060</run_address>
         <size>0x7</size>
         <input_file_ref idref="fl-2"/>
      </object_component>
      <object_component id="oc-df">
         <name>OutputXbarRegsFile</name>
         <uninitialized>true</uninitialized>
         <run_address>0x7a80</run_address>
         <size>0x40</size>
         <input_file_ref idref="fl-2"/>
      </object_component>
      <object_component id="oc-b7">
         <name>PieCtrlRegsFile</name>
         <uninitialized>true</uninitialized>
         <run_address>0xce0</run_address>
         <size>0x1a</size>
         <input_file_ref idref="fl-2"/>
      </object_component>
      <object_component id="oc-96">
         <name>RomPrefetchRegsFile</name>
         <uninitialized>true</uninitialized>
         <run_address>0x5e608</run_address>
         <size>0x2</size>
         <input_file_ref idref="fl-2"/>
      </object_component>
      <object_component id="oc-97">
         <name>RomWaitStateRegsFile</name>
         <uninitialized>true</uninitialized>
         <run_address>0x5f540</run_address>
         <size>0x2</size>
         <input_file_ref idref="fl-2"/>
      </object_component>
      <object_component id="oc-a5">
         <name>SciaRegsFile</name>
         <uninitialized>true</uninitialized>
         <run_address>0x7200</run_address>
         <size>0x10</size>
         <input_file_ref idref="fl-2"/>
      </object_component>
      <object_component id="oc-a6">
         <name>ScibRegsFile</name>
         <uninitialized>true</uninitialized>
         <run_address>0x7210</run_address>
         <size>0x10</size>
         <input_file_ref idref="fl-2"/>
      </object_component>
      <object_component id="oc-a7">
         <name>ScicRegsFile</name>
         <uninitialized>true</uninitialized>
         <run_address>0x7220</run_address>
         <size>0x10</size>
         <input_file_ref idref="fl-2"/>
      </object_component>
      <object_component id="oc-a8">
         <name>ScidRegsFile</name>
         <uninitialized>true</uninitialized>
         <run_address>0x7230</run_address>
         <size>0x10</size>
         <input_file_ref idref="fl-2"/>
      </object_component>
      <object_component id="oc-e0">
         <name>Sdfm1RegsFile</name>
         <uninitialized>true</uninitialized>
         <run_address>0x5e00</run_address>
         <size>0x48</size>
         <input_file_ref idref="fl-2"/>
      </object_component>
      <object_component id="oc-e1">
         <name>Sdfm2RegsFile</name>
         <uninitialized>true</uninitialized>
         <run_address>0x5e80</run_address>
         <size>0x48</size>
         <input_file_ref idref="fl-2"/>
      </object_component>
      <object_component id="oc-a9">
         <name>SpiaRegsFile</name>
         <uninitialized>true</uninitialized>
         <run_address>0x6100</run_address>
         <size>0x10</size>
         <input_file_ref idref="fl-2"/>
      </object_component>
      <object_component id="oc-aa">
         <name>SpibRegsFile</name>
         <uninitialized>true</uninitialized>
         <run_address>0x6110</run_address>
         <size>0x10</size>
         <input_file_ref idref="fl-2"/>
      </object_component>
      <object_component id="oc-ab">
         <name>SpicRegsFile</name>
         <uninitialized>true</uninitialized>
         <run_address>0x6120</run_address>
         <size>0x10</size>
         <input_file_ref idref="fl-2"/>
      </object_component>
      <object_component id="oc-99">
         <name>SyncSocRegsFile</name>
         <uninitialized>true</uninitialized>
         <run_address>0x7940</run_address>
         <size>0x6</size>
         <input_file_ref idref="fl-2"/>
      </object_component>
      <object_component id="oc-e2">
         <name>UppRegsFile</name>
         <uninitialized>true</uninitialized>
         <run_address>0x6200</run_address>
         <size>0x48</size>
         <input_file_ref idref="fl-2"/>
      </object_component>
      <object_component id="oc-ce">
         <name>WdRegsFile</name>
         <uninitialized>true</uninitialized>
         <run_address>0x7000</run_address>
         <size>0x2b</size>
         <input_file_ref idref="fl-2"/>
      </object_component>
      <object_component id="oc-a4">
         <name>XbarRegsFile</name>
         <uninitialized>true</uninitialized>
         <run_address>0x7920</run_address>
         <size>0xe</size>
         <input_file_ref idref="fl-2"/>
      </object_component>
      <object_component id="oc-a3">
         <name>XintRegsFile</name>
         <uninitialized>true</uninitialized>
         <run_address>0x7070</run_address>
         <size>0xb</size>
         <input_file_ref idref="fl-2"/>
      </object_component>
      <object_component id="oc-204">
         <name>.cinit:_ti_sysbios_family_c28_Hwi_Module_State_0_dispatchTable__A</name>
         <load_address>0x80569</load_address>
         <run_address>0x80569</run_address>
         <size>0x1c3</size>
         <input_file_ref idref="fl-8"/>
      </object_component>
      <object_component id="oc-10f">
         <name>.cinit</name>
         <load_address>0x8072c</load_address>
         <run_address>0x8072c</run_address>
         <size>0x125</size>
         <input_file_ref idref="fl-8"/>
      </object_component>
      <object_component id="oc-201">
         <name>.cinit:_ti_sysbios_knl_Swi_Module_State_0_readyQ__A</name>
         <load_address>0x80851</load_address>
         <run_address>0x80851</run_address>
         <size>0x43</size>
         <input_file_ref idref="fl-8"/>
      </object_component>
      <object_component id="oc-20b">
         <name>.cinit:_ti_sysbios_knl_Task_Module_State_0_readyQ__A</name>
         <load_address>0x80894</load_address>
         <run_address>0x80894</run_address>
         <size>0x43</size>
         <input_file_ref idref="fl-8"/>
      </object_component>
      <object_component id="oc-1ff">
         <name>.cinit:_ti_sysbios_family_c28_Timer_Object__table__V</name>
         <load_address>0x808d7</load_address>
         <run_address>0x808d7</run_address>
         <size>0x33</size>
         <input_file_ref idref="fl-8"/>
      </object_component>
      <object_component id="oc-123">
         <name>.cinit:_ti_sysbios_knl_Task_Object__table__V</name>
         <load_address>0x8090a</load_address>
         <run_address>0x8090a</run_address>
         <size>0x2d</size>
         <input_file_ref idref="fl-8"/>
      </object_component>
      <object_component id="oc-21d">
         <name>.cinit:_ti_sysbios_family_c28_Hwi_Object__table__V</name>
         <load_address>0x80937</load_address>
         <run_address>0x80937</run_address>
         <size>0x23</size>
         <input_file_ref idref="fl-8"/>
      </object_component>
      <object_component id="oc-202">
         <name>.cinit:_ti_sysbios_knl_Swi_Object__table__V</name>
         <load_address>0x8095a</load_address>
         <run_address>0x8095a</run_address>
         <size>0x17</size>
         <input_file_ref idref="fl-8"/>
      </object_component>
      <object_component id="oc-2c5">
         <name>.cinit:_xdc_runtime_LoggerBuf_Object__table__V</name>
         <load_address>0x80971</load_address>
         <run_address>0x80971</run_address>
         <size>0x15</size>
         <input_file_ref idref="fl-8"/>
      </object_component>
      <object_component id="oc-206">
         <name>.cinit:_ti_sysbios_gates_GateMutex_Object__table__V</name>
         <load_address>0x80986</load_address>
         <run_address>0x80986</run_address>
         <size>0x11</size>
         <input_file_ref idref="fl-8"/>
      </object_component>
      <object_component id="oc-107">
         <name>.cinit</name>
         <load_address>0x80997</load_address>
         <run_address>0x80997</run_address>
         <size>0x10</size>
         <input_file_ref idref="fl-4"/>
      </object_component>
      <object_component id="oc-1c2">
         <name>.cinit</name>
         <load_address>0x809a7</load_address>
         <run_address>0x809a7</run_address>
         <size>0xe</size>
         <input_file_ref idref="fl-39"/>
      </object_component>
      <object_component id="oc-1fb">
         <name>.cinit:_xdc_runtime_System_Module_State_0_atexitHandlers__A</name>
         <load_address>0x809b5</load_address>
         <run_address>0x809b5</run_address>
         <size>0xb</size>
         <input_file_ref idref="fl-8"/>
      </object_component>
      <object_component id="oc-305">
         <name>.cinit:_xdc_runtime_HeapStd_Object__table__V</name>
         <load_address>0x809c0</load_address>
         <run_address>0x809c0</run_address>
         <size>0x9</size>
         <input_file_ref idref="fl-8"/>
      </object_component>
      <object_component id="oc-247">
         <name>.cinit:__lock</name>
         <load_address>0x809c9</load_address>
         <run_address>0x809c9</run_address>
         <size>0x5</size>
         <input_file_ref idref="fl-3a"/>
      </object_component>
      <object_component id="oc-246">
         <name>.cinit:__unlock</name>
         <load_address>0x809ce</load_address>
         <run_address>0x809ce</run_address>
         <size>0x5</size>
         <input_file_ref idref="fl-3a"/>
      </object_component>
      <object_component id="oc-28a">
         <name>.cinit:_ti_sysbios_gates_GateHwi_Object__table__V</name>
         <load_address>0x809d3</load_address>
         <run_address>0x809d3</run_address>
         <size>0x5</size>
         <input_file_ref idref="fl-8"/>
      </object_component>
      <object_component id="oc-20d">
         <name>.cinit:_ti_sysbios_knl_Task_Module_State_0_idleTask__A</name>
         <load_address>0x809d8</load_address>
         <run_address>0x809d8</run_address>
         <size>0x5</size>
         <input_file_ref idref="fl-8"/>
      </object_component>
      <object_component id="oc-377">
         <name>.binit</name>
         <load_address>0x809fc</load_address>
         <run_address>0x809fc</run_address>
         <size>0xa</size>
      </object_component>
      <object_component id="oc-288">
         <name>.text:_xdc_runtime_System_doPrint__I</name>
         <load_address>0x88000</load_address>
         <run_address>0x88000</run_address>
         <size>0x23b</size>
         <input_file_ref idref="fl-1f"/>
      </object_component>
      <object_component id="oc-266">
         <name>.text:_ti_sysbios_knl_Semaphore_pend__E</name>
         <load_address>0x8823b</load_address>
         <run_address>0x8823b</run_address>
         <size>0x19c</size>
         <input_file_ref idref="fl-10"/>
      </object_component>
      <object_component id="oc-1a3">
         <name>.text</name>
         <load_address>0x883d7</load_address>
         <run_address>0x883d7</run_address>
         <size>0x107</size>
         <input_file_ref idref="fl-33"/>
      </object_component>
      <object_component id="oc-34e">
         <name>.text:_xdc_runtime_HeapStd_alloc__E</name>
         <load_address>0x884de</load_address>
         <run_address>0x884de</run_address>
         <size>0xee</size>
         <input_file_ref idref="fl-1b"/>
      </object_component>
      <object_component id="oc-272">
         <name>.text:_ti_sysbios_family_c28_Hwi_clearInterrupt__E</name>
         <load_address>0x885cc</load_address>
         <run_address>0x885cc</run_address>
         <size>0xdc</size>
         <input_file_ref idref="fl-10"/>
      </object_component>
      <object_component id="oc-2f7">
         <name>.text:_xdc_runtime_System_printfExtend__I</name>
         <load_address>0x886a8</load_address>
         <run_address>0x886a8</run_address>
         <size>0xc2</size>
         <input_file_ref idref="fl-8"/>
      </object_component>
      <object_component id="oc-2c6">
         <name>.text:_xdc_runtime_LoggerBuf_write8__E</name>
         <load_address>0x8876a</load_address>
         <run_address>0x8876a</run_address>
         <size>0xc0</size>
         <input_file_ref idref="fl-1c"/>
      </object_component>
      <object_component id="oc-2d9">
         <name>.text:_ti_sysbios_knl_Semaphore_Instance_init__E</name>
         <load_address>0x8882a</load_address>
         <run_address>0x8882a</run_address>
         <size>0xbf</size>
         <input_file_ref idref="fl-10"/>
      </object_component>
      <object_component id="oc-269">
         <name>.text:_xdc_runtime_Core_createObject__I</name>
         <load_address>0x888e9</load_address>
         <run_address>0x888e9</run_address>
         <size>0xa0</size>
         <input_file_ref idref="fl-16"/>
      </object_component>
      <object_component id="oc-33d">
         <name>.text:_ti_sysbios_family_c28_Hwi_dispatch</name>
         <load_address>0x88989</load_address>
         <run_address>0x88989</run_address>
         <size>0x9d</size>
         <input_file_ref idref="fl-12"/>
      </object_component>
      <object_component id="oc-34b">
         <name>.text</name>
         <load_address>0x88a26</load_address>
         <run_address>0x88a26</run_address>
         <size>0x95</size>
         <input_file_ref idref="fl-40"/>
      </object_component>
      <object_component id="oc-273">
         <name>.text:_ti_sysbios_family_c28_Hwi_enableInterrupt__E</name>
         <load_address>0x88abb</load_address>
         <run_address>0x88abb</run_address>
         <size>0x8e</size>
         <input_file_ref idref="fl-10"/>
      </object_component>
      <object_component id="oc-2d8">
         <name>.text:_xdc_runtime_Core_constructObject__I</name>
         <load_address>0x88b49</load_address>
         <run_address>0x88b49</run_address>
         <size>0x8d</size>
         <input_file_ref idref="fl-17"/>
      </object_component>
      <object_component id="oc-36a">
         <name>.text:_xdc_runtime_HeapStd_Instance_init__E</name>
         <load_address>0x88bd6</load_address>
         <run_address>0x88bd6</run_address>
         <size>0x83</size>
         <input_file_ref idref="fl-1b"/>
      </object_component>
      <object_component id="oc-267">
         <name>.text:_ti_sysbios_knl_Semaphore_post__E</name>
         <load_address>0x88c59</load_address>
         <run_address>0x88c59</run_address>
         <size>0x82</size>
         <input_file_ref idref="fl-10"/>
      </object_component>
      <object_component id="oc-35d">
         <name>.text:_ti_sysbios_family_c28_Hwi_disableInterrupt__E</name>
         <load_address>0x88cdb</load_address>
         <run_address>0x88cdb</run_address>
         <size>0x81</size>
         <input_file_ref idref="fl-10"/>
      </object_component>
      <object_component id="oc-2b5">
         <name>.text:_ti_sysbios_family_c28_Hwi_disablePIEIER__E</name>
         <load_address>0x88d5c</load_address>
         <run_address>0x88d5c</run_address>
         <size>0x80</size>
         <input_file_ref idref="fl-10"/>
      </object_component>
      <object_component id="oc-2b4">
         <name>.text:_ti_sysbios_family_c28_Hwi_enablePIEIER__E</name>
         <load_address>0x88ddc</load_address>
         <run_address>0x88ddc</run_address>
         <size>0x7f</size>
         <input_file_ref idref="fl-10"/>
      </object_component>
      <object_component id="oc-30c">
         <name>.text:_xdc_runtime_LoggerBuf_write4__E</name>
         <load_address>0x88e5b</load_address>
         <run_address>0x88e5b</run_address>
         <size>0x7a</size>
         <input_file_ref idref="fl-1c"/>
      </object_component>
      <object_component id="oc-277">
         <name>.text:_ti_sysbios_knl_Task_checkStacks__E</name>
         <load_address>0x88ed5</load_address>
         <run_address>0x88ed5</run_address>
         <size>0x75</size>
         <input_file_ref idref="fl-10"/>
      </object_component>
      <object_component id="oc-257">
         <name>.text:_xdc_runtime_Startup_startMods__I</name>
         <load_address>0x88f4a</load_address>
         <run_address>0x88f4a</run_address>
         <size>0x72</size>
         <input_file_ref idref="fl-1e"/>
      </object_component>
      <object_component id="oc-23e">
         <name>.text:_ti_sysbios_gates_GateMutex_enter__E</name>
         <load_address>0x88fbc</load_address>
         <run_address>0x88fbc</run_address>
         <size>0x71</size>
         <input_file_ref idref="fl-10"/>
      </object_component>
      <object_component id="oc-34f">
         <name>.text:_xdc_runtime_HeapStd_free__E</name>
         <load_address>0x8902d</load_address>
         <run_address>0x8902d</run_address>
         <size>0x6b</size>
         <input_file_ref idref="fl-1b"/>
      </object_component>
      <object_component id="oc-92">
         <name>.text</name>
         <load_address>0x89098</load_address>
         <run_address>0x89098</run_address>
         <size>0x69</size>
         <input_file_ref idref="fl-25"/>
      </object_component>
      <object_component id="oc-33e">
         <name>.text:_ti_sysbios_family_c28_Timer_stopAndClear__I</name>
         <load_address>0x89101</load_address>
         <run_address>0x89101</run_address>
         <size>0x66</size>
         <input_file_ref idref="fl-10"/>
      </object_component>
      <object_component id="oc-253">
         <name>.text:_xdc_runtime_Error_policyDefault__E</name>
         <load_address>0x89167</load_address>
         <run_address>0x89167</run_address>
         <size>0x60</size>
         <input_file_ref idref="fl-19"/>
      </object_component>
      <object_component id="oc-314">
         <name>.text:_xdc_runtime_Text_putSite__E</name>
         <load_address>0x891c7</load_address>
         <run_address>0x891c7</run_address>
         <size>0x60</size>
         <input_file_ref idref="fl-21"/>
      </object_component>
      <object_component id="oc-374">
         <name>.text:_ti_sysbios_family_c28_Hwi_dispatchCore__I</name>
         <load_address>0x89227</load_address>
         <run_address>0x89227</run_address>
         <size>0x4c</size>
         <input_file_ref idref="fl-10"/>
      </object_component>
      <object_component id="oc-213">
         <name>.text:.bootCodeSection:_ti_catalog_c2800_initF2837x_Boot_configurePllDivs</name>
         <load_address>0x89273</load_address>
         <run_address>0x89273</run_address>
         <size>0x49</size>
         <input_file_ref idref="fl-26"/>
      </object_component>
      <object_component id="oc-2f0">
         <name>.text:_ti_sysbios_family_c28_Hwi_Module_startup__E</name>
         <load_address>0x892bc</load_address>
         <run_address>0x892bc</run_address>
         <size>0x47</size>
         <input_file_ref idref="fl-10"/>
      </object_component>
      <object_component id="oc-325">
         <name>.text:_ti_sysbios_knl_Task_postInit__I</name>
         <load_address>0x89303</load_address>
         <run_address>0x89303</run_address>
         <size>0x47</size>
         <input_file_ref idref="fl-10"/>
      </object_component>
      <object_component id="oc-220">
         <name>.text:_ti_sysbios_knl_Clock_workFunc__E</name>
         <load_address>0x8934a</load_address>
         <run_address>0x8934a</run_address>
         <size>0x44</size>
         <input_file_ref idref="fl-10"/>
      </object_component>
      <object_component id="oc-12a">
         <name>.text:_ti_sysbios_family_c28_Hwi_unPluggedInterrupt__I</name>
         <load_address>0x8938e</load_address>
         <run_address>0x8938e</run_address>
         <size>0x42</size>
         <input_file_ref idref="fl-10"/>
      </object_component>
      <object_component id="oc-328">
         <name>.text:_xdc_runtime_Text_putLab__E</name>
         <load_address>0x893d0</load_address>
         <run_address>0x893d0</run_address>
         <size>0x41</size>
         <input_file_ref idref="fl-21"/>
      </object_component>
      <object_component id="oc-31d">
         <name>.text:_ti_sysbios_family_c28_Timer_postInit__I</name>
         <load_address>0x89411</load_address>
         <run_address>0x89411</run_address>
         <size>0x40</size>
         <input_file_ref idref="fl-10"/>
      </object_component>
      <object_component id="oc-2fe">
         <name>.text:_xdc_runtime_Memory_alloc__E</name>
         <load_address>0x89451</load_address>
         <run_address>0x89451</run_address>
         <size>0x40</size>
         <input_file_ref idref="fl-1d"/>
      </object_component>
      <object_component id="oc-376">
         <name>.text:_ti_sysbios_knl_Swi_restoreHwi__E</name>
         <load_address>0x89491</load_address>
         <run_address>0x89491</run_address>
         <size>0x3e</size>
         <input_file_ref idref="fl-10"/>
      </object_component>
      <object_component id="oc-2d4">
         <name>.text:_ti_sysbios_knl_Swi_run__I</name>
         <load_address>0x894cf</load_address>
         <run_address>0x894cf</run_address>
         <size>0x3e</size>
         <input_file_ref idref="fl-10"/>
      </object_component>
      <object_component id="oc-26c">
         <name>.text:_xdc_runtime_Core_deleteObject__I</name>
         <load_address>0x8950d</load_address>
         <run_address>0x8950d</run_address>
         <size>0x3e</size>
         <input_file_ref idref="fl-16"/>
      </object_component>
      <object_component id="oc-30e">
         <name>.text:_xdc_runtime_LoggerBuf_getFilterLevel__E</name>
         <load_address>0x8954b</load_address>
         <run_address>0x8954b</run_address>
         <size>0x3d</size>
         <input_file_ref idref="fl-1c"/>
      </object_component>
      <object_component id="oc-30d">
         <name>.text:_xdc_runtime_LoggerBuf_setFilterLevel__E</name>
         <load_address>0x89588</load_address>
         <run_address>0x89588</run_address>
         <size>0x3c</size>
         <input_file_ref idref="fl-1c"/>
      </object_component>
      <object_component id="oc-35f">
         <name>.text:_ti_sysbios_family_c28_TaskSupport_start__E</name>
         <load_address>0x895c4</load_address>
         <run_address>0x895c4</run_address>
         <size>0x39</size>
         <input_file_ref idref="fl-10"/>
      </object_component>
      <object_component id="oc-32b">
         <name>.text</name>
         <load_address>0x895fd</load_address>
         <run_address>0x895fd</run_address>
         <size>0x39</size>
         <input_file_ref idref="fl-3f"/>
      </object_component>
      <object_component id="oc-33a">
         <name>.text:_xdc_runtime_Text_putMod__E</name>
         <load_address>0x89636</load_address>
         <run_address>0x89636</run_address>
         <size>0x38</size>
         <input_file_ref idref="fl-21"/>
      </object_component>
      <object_component id="oc-250">
         <name>.text:_ti_sysbios_knl_Task_startCore__E</name>
         <load_address>0x8966e</load_address>
         <run_address>0x8966e</run_address>
         <size>0x35</size>
         <input_file_ref idref="fl-10"/>
      </object_component>
      <object_component id="oc-2d0">
         <name>.text:_xdc_runtime_System_formatNum__I</name>
         <load_address>0x896a3</load_address>
         <run_address>0x896a3</run_address>
         <size>0x35</size>
         <input_file_ref idref="fl-1f"/>
      </object_component>
      <object_component id="oc-2f4">
         <name>.text:_ti_sysbios_knl_Task_Module_startup__E</name>
         <load_address>0x896d8</load_address>
         <run_address>0x896d8</run_address>
         <size>0x32</size>
         <input_file_ref idref="fl-10"/>
      </object_component>
      <object_component id="oc-2ea">
         <name>.text:_xdc_runtime_Error_print__E</name>
         <load_address>0x8970a</load_address>
         <run_address>0x8970a</run_address>
         <size>0x31</size>
         <input_file_ref idref="fl-19"/>
      </object_component>
      <object_component id="oc-338">
         <name>.text:_xdc_runtime_LoggerBuf_Instance_init__E</name>
         <load_address>0x8973b</load_address>
         <run_address>0x8973b</run_address>
         <size>0x30</size>
         <input_file_ref idref="fl-1c"/>
      </object_component>
      <object_component id="oc-2a7">
         <name>.text:_xdc_runtime_Core_assignParams__I</name>
         <load_address>0x8976b</load_address>
         <run_address>0x8976b</run_address>
         <size>0x2f</size>
         <input_file_ref idref="fl-18"/>
      </object_component>
      <object_component id="oc-1f4">
         <name>.text:_xdc_runtime_Startup_exec__E</name>
         <load_address>0x8979a</load_address>
         <run_address>0x8979a</run_address>
         <size>0x2f</size>
         <input_file_ref idref="fl-1e"/>
      </object_component>
      <object_component id="oc-2ca">
         <name>.text:_ti_sysbios_family_c28_Hwi_getStackInfo__E</name>
         <load_address>0x897c9</load_address>
         <run_address>0x897c9</run_address>
         <size>0x2e</size>
         <input_file_ref idref="fl-10"/>
      </object_component>
      <object_component id="oc-28f">
         <name>.text:_ti_sysbios_knl_Swi_runLoop__I</name>
         <load_address>0x897f7</load_address>
         <run_address>0x897f7</run_address>
         <size>0x2e</size>
         <input_file_ref idref="fl-10"/>
      </object_component>
      <object_component id="oc-25d">
         <name>.text:_ti_sysbios_knl_Swi_schedule__I</name>
         <load_address>0x89825</load_address>
         <run_address>0x89825</run_address>
         <size>0x2e</size>
         <input_file_ref idref="fl-10"/>
      </object_component>
      <object_component id="oc-2b8">
         <name>.text:_ti_sysbios_knl_Task_schedule__I</name>
         <load_address>0x89853</load_address>
         <run_address>0x89853</run_address>
         <size>0x2e</size>
         <input_file_ref idref="fl-10"/>
      </object_component>
      <object_component id="oc-264">
         <name>.text:_xdc_runtime_Assert_raise__I</name>
         <load_address>0x89881</load_address>
         <run_address>0x89881</run_address>
         <size>0x2d</size>
         <input_file_ref idref="fl-15"/>
      </object_component>
      <object_component id="oc-27b">
         <name>.text:_xdc_runtime_Error_setX__E</name>
         <load_address>0x898ae</load_address>
         <run_address>0x898ae</run_address>
         <size>0x2d</size>
         <input_file_ref idref="fl-19"/>
      </object_component>
      <object_component id="oc-24d">
         <name>.text:_ti_sysbios_family_c28_Timer_start__E</name>
         <load_address>0x898db</load_address>
         <run_address>0x898db</run_address>
         <size>0x2c</size>
         <input_file_ref idref="fl-10"/>
      </object_component>
      <object_component id="oc-30f">
         <name>.text:_xdc_runtime_LoggerBuf_Object__create__S</name>
         <load_address>0x89907</load_address>
         <run_address>0x89907</run_address>
         <size>0x2c</size>
         <input_file_ref idref="fl-8"/>
      </object_component>
      <object_component id="oc-352">
         <name>.text:_xdc_runtime_HeapStd_Object__create__S</name>
         <load_address>0x89933</load_address>
         <run_address>0x89933</run_address>
         <size>0x2b</size>
         <input_file_ref idref="fl-8"/>
      </object_component>
      <object_component id="oc-33b">
         <name>.text:_xdc_runtime_Text_xprintf__I</name>
         <load_address>0x8995e</load_address>
         <run_address>0x8995e</run_address>
         <size>0x29</size>
         <input_file_ref idref="fl-21"/>
      </object_component>
      <object_component id="oc-25c">
         <name>.text</name>
         <load_address>0x89987</load_address>
         <run_address>0x89987</run_address>
         <size>0x29</size>
         <input_file_ref idref="fl-39"/>
      </object_component>
      <object_component id="oc-28e">
         <name>.text:_xdc_runtime_SysMin_flush__E</name>
         <load_address>0x899b0</load_address>
         <run_address>0x899b0</run_address>
         <size>0x26</size>
         <input_file_ref idref="fl-20"/>
      </object_component>
      <object_component id="oc-371">
         <name>.text:_ti_sysbios_family_c28_TaskSupport_buildTaskStack</name>
         <load_address>0x899d6</load_address>
         <run_address>0x899d6</run_address>
         <size>0x25</size>
         <input_file_ref idref="fl-14"/>
      </object_component>
      <object_component id="oc-23a">
         <name>.text:_ti_sysbios_knl_Swi_post__E</name>
         <load_address>0x899fb</load_address>
         <run_address>0x899fb</run_address>
         <size>0x24</size>
         <input_file_ref idref="fl-10"/>
      </object_component>
      <object_component id="oc-1f3">
         <name>.text</name>
         <load_address>0x89a1f</load_address>
         <run_address>0x89a1f</run_address>
         <size>0x24</size>
         <input_file_ref idref="fl-35"/>
      </object_component>
      <object_component id="oc-21a">
         <name>.text:_xdc_runtime_System_processAtExit__E</name>
         <load_address>0x89a43</load_address>
         <run_address>0x89a43</run_address>
         <size>0x23</size>
         <input_file_ref idref="fl-1f"/>
      </object_component>
      <object_component id="oc-275">
         <name>.text:_ti_sysbios_knl_Task_allBlockedFunction__I</name>
         <load_address>0x89a66</load_address>
         <run_address>0x89a66</run_address>
         <size>0x21</size>
         <input_file_ref idref="fl-10"/>
      </object_component>
      <object_component id="oc-340">
         <name>.text:_ti_sysbios_family_c28_Timer_setPrescale__E</name>
         <load_address>0x89a87</load_address>
         <run_address>0x89a87</run_address>
         <size>0x20</size>
         <input_file_ref idref="fl-10"/>
      </object_component>
      <object_component id="oc-225">
         <name>.text:_xdc_runtime_System_atexit__E</name>
         <load_address>0x89aa7</load_address>
         <run_address>0x89aa7</run_address>
         <size>0x20</size>
         <input_file_ref idref="fl-1f"/>
      </object_component>
      <object_component id="oc-342">
         <name>.text:_ti_sysbios_knl_Task_exit__E</name>
         <load_address>0x89ac7</load_address>
         <run_address>0x89ac7</run_address>
         <size>0x1f</size>
         <input_file_ref idref="fl-10"/>
      </object_component>
      <object_component id="oc-27d">
         <name>.text:_xdc_runtime_Error_policyLog__I</name>
         <load_address>0x89ae6</load_address>
         <run_address>0x89ae6</run_address>
         <size>0x1f</size>
         <input_file_ref idref="fl-8"/>
      </object_component>
      <object_component id="oc-2e4">
         <name>.text:_xdc_runtime_LoggerBuf_filterOutEvent__I</name>
         <load_address>0x89b05</load_address>
         <run_address>0x89b05</run_address>
         <size>0x1f</size>
         <input_file_ref idref="fl-1c"/>
      </object_component>
      <object_component id="oc-29d">
         <name>.text:_ti_sysbios_knl_Task_blockI__E</name>
         <load_address>0x89b24</load_address>
         <run_address>0x89b24</run_address>
         <size>0x1e</size>
         <input_file_ref idref="fl-10"/>
      </object_component>
      <object_component id="oc-2bf">
         <name>.text:_ti_sysbios_family_c28_TaskSupport_swap__E</name>
         <load_address>0x89b42</load_address>
         <run_address>0x89b42</run_address>
         <size>0x1d</size>
         <input_file_ref idref="fl-14"/>
      </object_component>
      <object_component id="oc-2fa">
         <name>.text:_ti_sysbios_gates_GateHwi_Object__create__S</name>
         <load_address>0x89b5f</load_address>
         <run_address>0x89b5f</run_address>
         <size>0x1d</size>
         <input_file_ref idref="fl-8"/>
      </object_component>
      <object_component id="oc-240">
         <name>.text:_ti_sysbios_gates_GateMutex_Object__create__S</name>
         <load_address>0x89b7c</load_address>
         <run_address>0x89b7c</run_address>
         <size>0x1d</size>
         <input_file_ref idref="fl-8"/>
      </object_component>
      <object_component id="oc-2a9">
         <name>.text:_ti_sysbios_knl_Semaphore_construct</name>
         <load_address>0x89b99</load_address>
         <run_address>0x89b99</run_address>
         <size>0x1d</size>
         <input_file_ref idref="fl-8"/>
      </object_component>
      <object_component id="oc-316">
         <name>.text:_xdc_runtime_SysMin_putch__E</name>
         <load_address>0x89bb6</load_address>
         <run_address>0x89bb6</run_address>
         <size>0x1d</size>
         <input_file_ref idref="fl-20"/>
      </object_component>
      <object_component id="oc-215">
         <name>.text</name>
         <load_address>0x89bd3</load_address>
         <run_address>0x89bd3</run_address>
         <size>0x1d</size>
         <input_file_ref idref="fl-36"/>
      </object_component>
      <object_component id="oc-2c2">
         <name>.text:_ti_sysbios_hal_Hwi_checkStack</name>
         <load_address>0x89bf0</load_address>
         <run_address>0x89bf0</run_address>
         <size>0x1c</size>
         <input_file_ref idref="fl-10"/>
      </object_component>
      <object_component id="oc-2fd">
         <name>.text:_xdc_runtime_SysMin_output__I</name>
         <load_address>0x89c0c</load_address>
         <run_address>0x89c0c</run_address>
         <size>0x1c</size>
         <input_file_ref idref="fl-8"/>
      </object_component>
      <object_component id="oc-36c">
         <name>.text:_ti_sysbios_family_c28_Hwi_switchAndDispatch__I</name>
         <load_address>0x89c28</load_address>
         <run_address>0x89c28</run_address>
         <size>0x1b</size>
         <input_file_ref idref="fl-11"/>
      </object_component>
      <object_component id="oc-256">
         <name>.text:_ti_sysbios_hal_Hwi_initStack</name>
         <load_address>0x89c43</load_address>
         <run_address>0x89c43</run_address>
         <size>0x1b</size>
         <input_file_ref idref="fl-10"/>
      </object_component>
      <object_component id="oc-35e">
         <name>.text:_ti_sysbios_knl_Task_processVitalTaskFlag__I</name>
         <load_address>0x89c5e</load_address>
         <run_address>0x89c5e</run_address>
         <size>0x1b</size>
         <input_file_ref idref="fl-10"/>
      </object_component>
      <object_component id="oc-33c">
         <name>.text:_xdc_runtime_System_avprintf__E</name>
         <load_address>0x89c79</load_address>
         <run_address>0x89c79</run_address>
         <size>0x1a</size>
         <input_file_ref idref="fl-1f"/>
      </object_component>
      <object_component id="oc-302">
         <name>.text:_ti_sysbios_knl_Queue_construct</name>
         <load_address>0x89c93</load_address>
         <run_address>0x89c93</run_address>
         <size>0x19</size>
         <input_file_ref idref="fl-8"/>
      </object_component>
      <object_component id="oc-24f">
         <name>.text:_ti_sysbios_knl_Swi_restore__E</name>
         <load_address>0x89cac</load_address>
         <run_address>0x89cac</run_address>
         <size>0x19</size>
         <input_file_ref idref="fl-10"/>
      </object_component>
      <object_component id="oc-258">
         <name>.text:_xdc_runtime_System_vprintf__E</name>
         <load_address>0x89cc5</load_address>
         <run_address>0x89cc5</run_address>
         <size>0x19</size>
         <input_file_ref idref="fl-1f"/>
      </object_component>
      <object_component id="oc-290">
         <name>.text:_ti_sysbios_family_xxx_Hwi_switchAndRunFunc</name>
         <load_address>0x89cde</load_address>
         <run_address>0x89cde</run_address>
         <size>0x18</size>
         <input_file_ref idref="fl-11"/>
      </object_component>
      <object_component id="oc-319">
         <name>.text:_xdc_runtime_LoggerBuf_reset__E</name>
         <load_address>0x89cf6</load_address>
         <run_address>0x89cf6</run_address>
         <size>0x18</size>
         <input_file_ref idref="fl-1c"/>
      </object_component>
      <object_component id="oc-2d1">
         <name>.text:_xdc_runtime_System_putchar__I</name>
         <load_address>0x89d0e</load_address>
         <run_address>0x89d0e</run_address>
         <size>0x18</size>
         <input_file_ref idref="fl-1f"/>
      </object_component>
      <object_component id="oc-21c">
         <name>.text:_myTickFxn</name>
         <load_address>0x89d26</load_address>
         <run_address>0x89d26</run_address>
         <size>0x17</size>
         <input_file_ref idref="fl-4"/>
      </object_component>
      <object_component id="oc-227">
         <name>.text:_ti_sysbios_family_c28_Timer_startup__E</name>
         <load_address>0x89d3d</load_address>
         <run_address>0x89d3d</run_address>
         <size>0x17</size>
         <input_file_ref idref="fl-10"/>
      </object_component>
      <object_component id="oc-21f">
         <name>.text:_ti_sysbios_knl_Clock_doTick__I</name>
         <load_address>0x89d54</load_address>
         <run_address>0x89d54</run_address>
         <size>0x17</size>
         <input_file_ref idref="fl-8"/>
      </object_component>
      <object_component id="oc-294">
         <name>.text:_ti_sysbios_knl_Semaphore_pendTimeout__I</name>
         <load_address>0x89d6b</load_address>
         <run_address>0x89d6b</run_address>
         <size>0x17</size>
         <input_file_ref idref="fl-10"/>
      </object_component>
      <object_component id="oc-274">
         <name>.text:_ti_sysbios_knl_Task_restore__E</name>
         <load_address>0x89d82</load_address>
         <run_address>0x89d82</run_address>
         <size>0x17</size>
         <input_file_ref idref="fl-10"/>
      </object_component>
      <object_component id="oc-29f">
         <name>.text:_ti_sysbios_knl_Task_unblockI__E</name>
         <load_address>0x89d99</load_address>
         <run_address>0x89d99</run_address>
         <size>0x17</size>
         <input_file_ref idref="fl-10"/>
      </object_component>
      <object_component id="oc-2ed">
         <name>.text:_xdc_runtime_LoggerBuf_Module_startup__E</name>
         <load_address>0x89db0</load_address>
         <run_address>0x89db0</run_address>
         <size>0x17</size>
         <input_file_ref idref="fl-1c"/>
      </object_component>
      <object_component id="oc-2d6">
         <name>.text:_xdc_runtime_Memory_valloc__E</name>
         <load_address>0x89dc7</load_address>
         <run_address>0x89dc7</run_address>
         <size>0x17</size>
         <input_file_ref idref="fl-1d"/>
      </object_component>
      <object_component id="oc-2eb">
         <name>.text:_xdc_runtime_SysMin_abort__E</name>
         <load_address>0x89dde</load_address>
         <run_address>0x89dde</run_address>
         <size>0x17</size>
         <input_file_ref idref="fl-20"/>
      </object_component>
      <object_component id="oc-224">
         <name>.text:_ti_sysbios_BIOS_atExitFunc__I</name>
         <load_address>0x89df5</load_address>
         <run_address>0x89df5</run_address>
         <size>0x16</size>
         <input_file_ref idref="fl-8"/>
      </object_component>
      <object_component id="oc-2f1">
         <name>.text:_ti_sysbios_family_c28_Timer_Module_startup__E</name>
         <load_address>0x89e0b</load_address>
         <run_address>0x89e0b</run_address>
         <size>0x16</size>
         <input_file_ref idref="fl-10"/>
      </object_component>
      <object_component id="oc-35a">
         <name>.text:_xdc_runtime_Text_printVisFxn__I</name>
         <load_address>0x89e21</load_address>
         <run_address>0x89e21</run_address>
         <size>0x16</size>
         <input_file_ref idref="fl-21"/>
      </object_component>
      <object_component id="oc-207">
         <name>.text:_ti_sysbios_BIOS_startFunc__I</name>
         <load_address>0x89e37</load_address>
         <run_address>0x89e37</run_address>
         <size>0x15</size>
         <input_file_ref idref="fl-8"/>
      </object_component>
      <object_component id="oc-2f3">
         <name>.text:_ti_sysbios_knl_Swi_Module_startup__E</name>
         <load_address>0x89e4c</load_address>
         <run_address>0x89e4c</run_address>
         <size>0x15</size>
         <input_file_ref idref="fl-10"/>
      </object_component>
      <object_component id="oc-22d">
         <name>.text:_ti_sysbios_knl_Idle_run__E</name>
         <load_address>0x89e61</load_address>
         <run_address>0x89e61</run_address>
         <size>0x14</size>
         <input_file_ref idref="fl-10"/>
      </object_component>
      <object_component id="oc-241">
         <name>.text:_ti_sysbios_gates_GateMutex_Object__delete__S</name>
         <load_address>0x89e75</load_address>
         <run_address>0x89e75</run_address>
         <size>0x13</size>
         <input_file_ref idref="fl-8"/>
      </object_component>
      <object_component id="oc-2f2">
         <name>.text:_ti_sysbios_knl_Clock_Module_startup__E</name>
         <load_address>0x89e88</load_address>
         <run_address>0x89e88</run_address>
         <size>0x13</size>
         <input_file_ref idref="fl-10"/>
      </object_component>
      <object_component id="oc-212">
         <name>.text:_xdc_runtime_Error_raiseX__E</name>
         <load_address>0x89e9b</load_address>
         <run_address>0x89e9b</run_address>
         <size>0x13</size>
         <input_file_ref idref="fl-19"/>
      </object_component>
      <object_component id="oc-2fb">
         <name>.text:_ti_sysbios_gates_GateHwi_Object__delete__S</name>
         <load_address>0x89eae</load_address>
         <run_address>0x89eae</run_address>
         <size>0x12</size>
         <input_file_ref idref="fl-8"/>
      </object_component>
      <object_component id="oc-310">
         <name>.text:_xdc_runtime_LoggerBuf_Object__delete__S</name>
         <load_address>0x89ec0</load_address>
         <run_address>0x89ec0</run_address>
         <size>0x12</size>
         <input_file_ref idref="fl-8"/>
      </object_component>
      <object_component id="oc-1f6">
         <name>.text</name>
         <load_address>0x89ed2</load_address>
         <run_address>0x89ed2</run_address>
         <size>0x12</size>
         <input_file_ref idref="fl-3b"/>
      </object_component>
      <object_component id="oc-2c1">
         <name>.text:_myIdleFxn2</name>
         <load_address>0x89ee4</load_address>
         <run_address>0x89ee4</run_address>
         <size>0x11</size>
         <input_file_ref idref="fl-4"/>
      </object_component>
      <object_component id="oc-2c7">
         <name>.text:_ti_sysbios_BIOS_errorRaiseHook__I</name>
         <load_address>0x89ef5</load_address>
         <run_address>0x89ef5</run_address>
         <size>0x11</size>
         <input_file_ref idref="fl-8"/>
      </object_component>
      <object_component id="oc-36d">
         <name>.text:_ti_sysbios_knl_Task_restoreHwi__E</name>
         <load_address>0x89f06</load_address>
         <run_address>0x89f06</run_address>
         <size>0x11</size>
         <input_file_ref idref="fl-10"/>
      </object_component>
      <object_component id="oc-353">
         <name>.text:_xdc_runtime_HeapStd_Object__delete__S</name>
         <load_address>0x89f17</load_address>
         <run_address>0x89f17</run_address>
         <size>0x11</size>
         <input_file_ref idref="fl-8"/>
      </object_component>
      <object_component id="oc-33f">
         <name>.text:_ti_sysbios_family_c28_Timer_stop__E</name>
         <load_address>0x89f28</load_address>
         <run_address>0x89f28</run_address>
         <size>0x10</size>
         <input_file_ref idref="fl-10"/>
      </object_component>
      <object_component id="oc-2ef">
         <name>.text:_xdc_runtime_SysMin_Module_startup__E</name>
         <load_address>0x89f38</load_address>
         <run_address>0x89f38</run_address>
         <size>0x10</size>
         <input_file_ref idref="fl-20"/>
      </object_component>
      <object_component id="oc-22b">
         <name>.text:_ti_sysbios_BIOS_removeRTSLock__I</name>
         <load_address>0x89f48</load_address>
         <run_address>0x89f48</run_address>
         <size>0xf</size>
         <input_file_ref idref="fl-8"/>
      </object_component>
      <object_component id="oc-26a">
         <name>.text:_ti_sysbios_gates_GateMutex_Instance_init__E</name>
         <load_address>0x89f57</load_address>
         <run_address>0x89f57</run_address>
         <size>0xf</size>
         <input_file_ref idref="fl-10"/>
      </object_component>
      <object_component id="oc-30b">
         <name>.text:_xdc_runtime_LoggerBuf_write2__E</name>
         <load_address>0x89f66</load_address>
         <run_address>0x89f66</run_address>
         <size>0xf</size>
         <input_file_ref idref="fl-1c"/>
      </object_component>
      <object_component id="oc-358">
         <name>.text:_xdc_runtime_Registry_findById__E</name>
         <load_address>0x89f75</load_address>
         <run_address>0x89f75</run_address>
         <size>0xf</size>
         <input_file_ref idref="fl-24"/>
      </object_component>
      <object_component id="oc-233">
         <name>.text:_DeviceInit</name>
         <load_address>0x89f84</load_address>
         <run_address>0x89f84</run_address>
         <size>0xe</size>
         <input_file_ref idref="fl-3"/>
      </object_component>
      <object_component id="oc-312">
         <name>.text:_ti_sysbios_family_c28_f2837x_TimestampProvider_get64__E</name>
         <load_address>0x89f92</load_address>
         <run_address>0x89f92</run_address>
         <size>0xe</size>
         <input_file_ref idref="fl-10"/>
      </object_component>
      <object_component id="oc-2aa">
         <name>.text:_ti_sysbios_knl_Semaphore_destruct</name>
         <load_address>0x89fa0</load_address>
         <run_address>0x89fa0</run_address>
         <size>0xe</size>
         <input_file_ref idref="fl-8"/>
      </object_component>
      <object_component id="oc-321">
         <name>.text:_ti_sysbios_knl_Swi_Object__get__S</name>
         <load_address>0x89fae</load_address>
         <run_address>0x89fae</run_address>
         <size>0xe</size>
         <input_file_ref idref="fl-8"/>
      </object_component>
      <object_component id="oc-324">
         <name>.text:_ti_sysbios_knl_Task_Object__get__S</name>
[...]
         <object_component_ref idref="oc-2b3"/>
      </symbol>
      <symbol id="sm-91e">
         <name>_ti_sysbios_family_xxx_Hwi_switchAndRunFunc</name>
         <value>0x89cde</value>
         <object_component_ref idref="oc-290"/>
      </symbol>
      <symbol id="sm-9be">
         <name>_ti_sysbios_family_c28_Hwi_dispatchTable</name>
         <value>0x88989</value>
         <object_component_ref idref="oc-33d"/>
      </symbol>
      <symbol id="sm-9bf">
         <name>_ti_sysbios_family_c28_Hwi_dispatchPie</name>
         <value>0x889e6</value>
         <object_component_ref idref="oc-33d"/>
      </symbol>
      <symbol id="sm-9cb">
         <name>_ti_sysbios_family_c28_IntrinsicsSupport_maxbit__E</name>
         <value>0x8a23c</value>
         <object_component_ref idref="oc-276"/>
      </symbol>
      <symbol id="sm-9db">
         <name>_ti_sysbios_family_c28_TaskSupport_buildTaskStack</name>
         <value>0x899d6</value>
         <object_component_ref idref="oc-371"/>
      </symbol>
      <symbol id="sm-9dc">
         <name>_ti_sysbios_family_c28_TaskSupport_swap__E</name>
         <value>0x89b42</value>
         <object_component_ref idref="oc-2bf"/>
      </symbol>
      <symbol id="sm-9dd">
         <name>_ti_sysbios_family_c28_TaskSupport_glue</name>
         <value>0x8a16a</value>
         <object_component_ref idref="oc-375"/>
      </symbol>
      <symbol id="sm-9f1">
         <name>_xdc_runtime_Assert_raise__I</name>
         <value>0x89881</value>
         <object_component_ref idref="oc-264"/>
      </symbol>
      <symbol id="sm-a10">
         <name>_xdc_runtime_Core_deleteObject__I</name>
         <value>0x8950d</value>
         <object_component_ref idref="oc-26c"/>
      </symbol>
      <symbol id="sm-a11">
         <name>_xdc_runtime_Core_createObject__I</name>
         <value>0x888e9</value>
         <object_component_ref idref="oc-269"/>
      </symbol>
      <symbol id="sm-a29">
         <name>_xdc_runtime_Core_constructObject__I</name>
         <value>0x88b49</value>
         <object_component_ref idref="oc-2d8"/>
      </symbol>
      <symbol id="sm-a37">
         <name>_xdc_runtime_Core_assignParams__I</name>
         <value>0x8976b</value>
         <object_component_ref idref="oc-2a7"/>
      </symbol>
      <symbol id="sm-a62">
         <name>_xdc_runtime_Error_getSite__E</name>
         <value>0x8a2dc</value>
         <object_component_ref idref="oc-313"/>
      </symbol>
      <symbol id="sm-a63">
         <name>_xdc_runtime_Error_print__E</name>
         <value>0x8970a</value>
         <object_component_ref idref="oc-2ea"/>
      </symbol>
      <symbol id="sm-a64">
         <name>_xdc_runtime_Error_policyDefault__E</name>
         <value>0x89167</value>
         <object_component_ref idref="oc-253"/>
      </symbol>
      <symbol id="sm-a65">
         <name>_xdc_runtime_Error_init__E</name>
         <value>0x8a127</value>
         <object_component_ref idref="oc-2c3"/>
      </symbol>
      <symbol id="sm-a66">
         <name>_xdc_runtime_Error_raiseX__E</name>
         <value>0x89e9b</value>
         <object_component_ref idref="oc-212"/>
      </symbol>
      <symbol id="sm-a67">
         <name>_xdc_runtime_Error_check__E</name>
         <value>0x8a033</value>
         <object_component_ref idref="oc-32c"/>
      </symbol>
      <symbol id="sm-a68">
         <name>_xdc_runtime_Error_setX__E</name>
         <value>0x898ae</value>
         <object_component_ref idref="oc-27b"/>
      </symbol>
      <symbol id="sm-a76">
         <name>_xdc_runtime_Gate_leaveSystem__E</name>
         <value>0x8a254</value>
         <object_component_ref idref="oc-249"/>
      </symbol>
      <symbol id="sm-a77">
         <name>_xdc_runtime_Gate_enterSystem__E</name>
         <value>0x8a24e</value>
         <object_component_ref idref="oc-235"/>
      </symbol>
      <symbol id="sm-ab8">
         <name>_xdc_runtime_HeapStd_isBlocking__E</name>
         <value>0x8a2de</value>
         <object_component_ref idref="oc-350"/>
      </symbol>
      <symbol id="sm-ab9">
         <name>_xdc_runtime_HeapStd_getStats__E</name>
         <value>0x8a21a</value>
         <object_component_ref idref="oc-351"/>
      </symbol>
      <symbol id="sm-aba">
         <name>_xdc_runtime_HeapStd_free__E</name>
         <value>0x8902d</value>
         <object_component_ref idref="oc-34f"/>
      </symbol>
      <symbol id="sm-abb">
         <name>_xdc_runtime_HeapStd_Instance_init__E</name>
         <value>0x88bd6</value>
         <object_component_ref idref="oc-36a"/>
      </symbol>
      <symbol id="sm-abc">
         <name>_xdc_runtime_HeapStd_alloc__E</name>
         <value>0x884de</value>
         <object_component_ref idref="oc-34e"/>
      </symbol>
      <symbol id="sm-b0b">
         <name>_xdc_runtime_LoggerBuf_write0__E</name>
         <value>0x8a040</value>
         <object_component_ref idref="oc-309"/>
      </symbol>
      <symbol id="sm-b0c">
         <name>_xdc_runtime_LoggerBuf_Instance_init__E</name>
         <value>0x8973b</value>
         <object_component_ref idref="oc-338"/>
      </symbol>
      <symbol id="sm-b0d">
         <name>_xdc_runtime_LoggerBuf_Module_startup__E</name>
         <value>0x89db0</value>
         <object_component_ref idref="oc-2ed"/>
      </symbol>
      <symbol id="sm-b0e">
         <name>_xdc_runtime_LoggerBuf_reset__E</name>
         <value>0x89cf6</value>
         <object_component_ref idref="oc-319"/>
      </symbol>
      <symbol id="sm-b0f">
         <name>_xdc_runtime_LoggerBuf_Instance_finalize__E</name>
         <value>0x8a0fc</value>
         <object_component_ref idref="oc-339"/>
      </symbol>
      <symbol id="sm-b10">
         <name>_xdc_runtime_LoggerBuf_write4__E</name>
         <value>0x88e5b</value>
         <object_component_ref idref="oc-30c"/>
      </symbol>
      <symbol id="sm-b11">
         <name>_xdc_runtime_LoggerBuf_getFilterLevel__E</name>
         <value>0x8954b</value>
         <object_component_ref idref="oc-30e"/>
      </symbol>
      <symbol id="sm-b12">
         <name>_xdc_runtime_LoggerBuf_disable__E</name>
         <value>0x8a26a</value>
         <object_component_ref idref="oc-308"/>
      </symbol>
      <symbol id="sm-b13">
         <name>_xdc_runtime_LoggerBuf_setFilterLevel__E</name>
         <value>0x89588</value>
         <object_component_ref idref="oc-30d"/>
      </symbol>
      <symbol id="sm-b14">
         <name>_xdc_runtime_LoggerBuf_write8__E</name>
         <value>0x8876a</value>
         <object_component_ref idref="oc-2c6"/>
      </symbol>
      <symbol id="sm-b15">
         <name>_xdc_runtime_LoggerBuf_write2__E</name>
         <value>0x89f66</value>
         <object_component_ref idref="oc-30b"/>
      </symbol>
      <symbol id="sm-b16">
         <name>_xdc_runtime_LoggerBuf_filterOutEvent__I</name>
         <value>0x89b05</value>
         <object_component_ref idref="oc-2e4"/>
      </symbol>
      <symbol id="sm-b17">
         <name>_xdc_runtime_LoggerBuf_write1__E</name>
         <value>0x8a04d</value>
         <object_component_ref idref="oc-30a"/>
      </symbol>
      <symbol id="sm-b18">
         <name>_xdc_runtime_LoggerBuf_enable__E</name>
         <value>0x8a25a</value>
         <object_component_ref idref="oc-307"/>
      </symbol>
      <symbol id="sm-b33">
         <name>_xdc_runtime_Memory_calloc__E</name>
         <value>0x8a1f4</value>
         <object_component_ref idref="oc-2a8"/>
      </symbol>
      <symbol id="sm-b34">
         <name>_xdc_runtime_Memory_free__E</name>
         <value>0x8a131</value>
         <object_component_ref idref="oc-2ab"/>
      </symbol>
      <symbol id="sm-b35">
         <name>_xdc_runtime_Memory_valloc__E</name>
         <value>0x89dc7</value>
         <object_component_ref idref="oc-2d6"/>
      </symbol>
      <symbol id="sm-b36">
         <name>_xdc_runtime_Memory_alloc__E</name>
         <value>0x89451</value>
         <object_component_ref idref="oc-2fe"/>
      </symbol>
      <symbol id="sm-b37">
         <name>_xdc_runtime_Memory_getMaxDefaultTypeAlign__E</name>
         <value>0x8a27b</value>
         <object_component_ref idref="oc-32d"/>
      </symbol>
      <symbol id="sm-b59">
         <name>_xdc_runtime_Startup_startMods__I</name>
         <value>0x88f4a</value>
         <object_component_ref idref="oc-257"/>
      </symbol>
      <symbol id="sm-b5a">
         <name>_xdc_runtime_Startup_rtsDone__E</name>
         <value>0x8a27f</value>
         <object_component_ref idref="oc-222"/>
      </symbol>
      <symbol id="sm-b5b">
         <name>_xdc_runtime_Startup_exec__E</name>
         <value>0x8979a</value>
         <object_component_ref idref="oc-1f4"/>
      </symbol>
      <symbol id="sm-bdf">
         <name>_xdc_runtime_System_formatNum__I</name>
         <value>0x896a3</value>
         <object_component_ref idref="oc-2d0"/>
      </symbol>
      <symbol id="sm-be0">
         <name>_xdc_runtime_System_exit__E</name>
         <value>0x8a107</value>
         <object_component_ref idref="oc-1f7"/>
      </symbol>
      <symbol id="sm-be1">
         <name>_xdc_runtime_System_exitStd__E</name>
         <value>0x8a2ce</value>
         <object_component_ref idref="oc-237"/>
      </symbol>
      <symbol id="sm-be2">
         <name>_xdc_runtime_System_printf_va__F</name>
         <value>0x89cc5</value>
         <object_component_ref idref="oc-258"/>
      </symbol>
      <symbol id="sm-be3">
         <name>_xdc_runtime_System_atexit__E</name>
         <value>0x89aa7</value>
         <object_component_ref idref="oc-225"/>
      </symbol>
      <symbol id="sm-be4">
         <name>_xdc_runtime_System_abortStd__E</name>
         <value>0x8a2cb</value>
         <object_component_ref idref="oc-2ec"/>
      </symbol>
      <symbol id="sm-be5">
         <name>_xdc_runtime_System_putchar__I</name>
         <value>0x89d0e</value>
         <object_component_ref idref="oc-2d1"/>
      </symbol>
      <symbol id="sm-be6">
         <name>_xdc_runtime_System_snprintf_va__F</name>
         <value>0x8a13b</value>
         <object_component_ref idref="oc-35b"/>
      </symbol>
      <symbol id="sm-be7">
         <name>_xdc_runtime_System_Module_startup__E</name>
         <value>0x8a2bc</value>
         <object_component_ref idref="oc-2ee"/>
      </symbol>
      <symbol id="sm-be8">
         <name>_xdc_runtime_System_avprintf__E</name>
         <value>0x89c79</value>
         <object_component_ref idref="oc-33c"/>
      </symbol>
      <symbol id="sm-be9">
         <name>_xdc_runtime_System_vprintf__E</name>
         <value>0x89cc5</value>
         <object_component_ref idref="oc-258"/>
      </symbol>
      <symbol id="sm-bea">
         <name>_xdc_runtime_System_aprintf_va__F</name>
         <value>0x89c79</value>
         <object_component_ref idref="oc-33c"/>
      </symbol>
      <symbol id="sm-beb">
         <name>_xdc_runtime_System_doPrint__I</name>
         <value>0x88000</value>
         <object_component_ref idref="oc-288"/>
      </symbol>
      <symbol id="sm-bec">
         <name>_xdc_runtime_System_processAtExit__E</name>
         <value>0x89a43</value>
         <object_component_ref idref="oc-21a"/>
      </symbol>
      <symbol id="sm-bed">
         <name>_xdc_runtime_System_vsnprintf__E</name>
         <value>0x8a13b</value>
         <object_component_ref idref="oc-35b"/>
      </symbol>
      <symbol id="sm-bee">
         <name>_xdc_runtime_System_abort__E</name>
         <value>0x8a05a</value>
         <object_component_ref idref="oc-281"/>
      </symbol>
      <symbol id="sm-c0c">
         <name>_xdc_runtime_SysMin_abort__E</name>
         <value>0x89dde</value>
         <object_component_ref idref="oc-2eb"/>
      </symbol>
      <symbol id="sm-c0d">
         <name>_xdc_runtime_SysMin_ready__E</name>
         <value>0x8a1fc</value>
         <object_component_ref idref="oc-2cd"/>
      </symbol>
      <symbol id="sm-c0e">
         <name>_xdc_runtime_SysMin_flush__E</name>
         <value>0x899b0</value>
         <object_component_ref idref="oc-28e"/>
      </symbol>
      <symbol id="sm-c0f">
         <name>_xdc_runtime_SysMin_Module_startup__E</name>
         <value>0x89f38</value>
         <object_component_ref idref="oc-2ef"/>
      </symbol>
      <symbol id="sm-c10">
         <name>_xdc_runtime_SysMin_putch__E</name>
         <value>0x89bb6</value>
         <object_component_ref idref="oc-316"/>
      </symbol>
      <symbol id="sm-c11">
         <name>_xdc_runtime_SysMin_exit__E</name>
         <value>0x8a0a3</value>
         <object_component_ref idref="oc-25b"/>
      </symbol>
      <symbol id="sm-c4b">
         <name>_xdc_runtime_Text_putLab__E</name>
         <value>0x893d0</value>
         <object_component_ref idref="oc-328"/>
      </symbol>
      <symbol id="sm-c4c">
         <name>_xdc_runtime_Text_printVisFxn__I</name>
         <value>0x89e21</value>
         <object_component_ref idref="oc-35a"/>
      </symbol>
      <symbol id="sm-c4d">
         <name>_xdc_runtime_Text_putMod__E</name>
         <value>0x89636</value>
         <object_component_ref idref="oc-33a"/>
      </symbol>
      <symbol id="sm-c4e">
         <name>_xdc_runtime_Text_xprintf__I</name>
         <value>0x8995e</value>
         <object_component_ref idref="oc-33b"/>
      </symbol>
      <symbol id="sm-c4f">
         <name>_xdc_runtime_Text_ropeText__E</name>
         <value>0x8a145</value>
         <object_component_ref idref="oc-292"/>
      </symbol>
      <symbol id="sm-c50">
         <name>_xdc_runtime_Text_putSite__E</name>
         <value>0x891c7</value>
         <object_component_ref idref="oc-314"/>
      </symbol>
      <symbol id="sm-c5c">
         <name>___xdc__init</name>
         <value>0x8a286</value>
         <object_component_ref idref="oc-1f8"/>
      </symbol>
      <symbol id="sm-c7c">
         <name>_xdc_runtime_Registry_findById__E</name>
         <value>0x89f75</value>
         <object_component_ref idref="oc-358"/>
      </symbol>
      <symbol id="sm-c97">
         <name>_c_int00</name>
         <value>0x89098</value>
         <object_component_ref idref="oc-92"/>
      </symbol>
      <symbol id="sm-c98">
         <name>__stack</name>
         <value>0x6c8</value>
         <object_component_ref idref="oc-195"/>
      </symbol>
      <symbol id="sm-caf">
         <name>_ti_catalog_c2800_initF2837x_Boot_initFlash</name>
         <value>0xb000</value>
         <object_component_ref idref="oc-282"/>
      </symbol>
      <symbol id="sm-cb0">
         <name>_ti_catalog_c2800_initF2837x_Boot_defaultLimpAbortFunction</name>
         <value>0x8a2e3</value>
         <object_component_ref idref="oc-254"/>
      </symbol>
      <symbol id="sm-cb1">
         <name>_ti_catalog_c2800_initF2837x_Boot_configurePllDivs</name>
         <value>0x89273</value>
         <object_component_ref idref="oc-213"/>
      </symbol>
      <symbol id="sm-cb2">
         <name>_ti_catalog_c2800_initF2837x_Boot_initSharedRAMs</name>
         <value>0x8a1c4</value>
         <object_component_ref idref="oc-214"/>
      </symbol>
      <symbol id="sm-cbe">
         <name>_ti_catalog_c2800_initF2837x_Boot_entry</name>
         <value>0x80000</value>
         <object_component_ref idref="oc-93"/>
      </symbol>
      <symbol id="sm-cea">
         <name>ULL$$MOD</name>
         <value>0x8847c</value>
         <object_component_ref idref="oc-1a3"/>
      </symbol>
      <symbol id="sm-ceb">
         <name>ULL$$DIV</name>
         <value>0x8844d</value>
         <object_component_ref idref="oc-1a3"/>
      </symbol>
      <symbol id="sm-cec">
         <name>LL$$MOD</name>
         <value>0x88413</value>
         <object_component_ref idref="oc-1a3"/>
      </symbol>
      <symbol id="sm-ced">
         <name>LL$$DIV</name>
         <value>0x883d7</value>
         <object_component_ref idref="oc-1a3"/>
      </symbol>
      <symbol id="sm-cf9">
         <name>U$$MOD</name>
         <value>0x8a117</value>
         <object_component_ref idref="oc-1a8"/>
      </symbol>
      <symbol id="sm-cfa">
         <name>U$$DIV</name>
         <value>0x8a112</value>
         <object_component_ref idref="oc-1a8"/>
      </symbol>
      <symbol id="sm-d09">
         <name>_copy_in</name>
         <value>0x89a1f</value>
         <object_component_ref idref="oc-1f3"/>
      </symbol>
      <symbol id="sm-d1b">
         <name>_memcpy</name>
         <value>0x89bd3</value>
         <object_component_ref idref="oc-215"/>
      </symbol>
      <symbol id="sm-d28">
         <name>__system_pre_init</name>
         <value>0x8a2e0</value>
         <object_component_ref idref="oc-1f1"/>
      </symbol>
      <symbol id="sm-d36">
         <name>__system_post_cinit</name>
         <value>0x8a2e9</value>
         <object_component_ref idref="oc-1f5"/>
      </symbol>
      <symbol id="sm-d4b">
         <name>C$$EXIT</name>
         <value>0x89987</value>
         <object_component_ref idref="oc-25c"/>
      </symbol>
      <symbol id="sm-d4c">
         <name>_exit</name>
         <value>0x89989</value>
         <object_component_ref idref="oc-25c"/>
      </symbol>
      <symbol id="sm-d4e">
         <name>___TI_cleanup_ptr</name>
         <value>0x6c2</value>
         <object_component_ref idref="oc-1c3"/>
      </symbol>
      <symbol id="sm-d4f">
         <name>___TI_enable_exit_profile_output</name>
         <value>0x6c0</value>
         <object_component_ref idref="oc-1c3"/>
      </symbol>
      <symbol id="sm-d50">
         <name>_abort</name>
         <value>0x89987</value>
         <object_component_ref idref="oc-25c"/>
      </symbol>
      <symbol id="sm-d52">
         <name>___TI_dtors_ptr</name>
         <value>0x6c4</value>
         <object_component_ref idref="oc-1c3"/>
      </symbol>
      <symbol id="sm-d66">
         <name>__unlock</name>
         <value>0x6bc</value>
         <object_component_ref idref="oc-26d"/>
      </symbol>
      <symbol id="sm-d67">
         <name>__lock</name>
         <value>0x13e</value>
         <object_component_ref idref="oc-26e"/>
      </symbol>
      <symbol id="sm-d68">
         <name>__register_lock</name>
         <value>0x8a1bf</value>
         <object_component_ref idref="oc-245"/>
      </symbol>
      <symbol id="sm-d6a">
         <name>__nop</name>
         <value>0x8a1c3</value>
         <object_component_ref idref="oc-245"/>
      </symbol>
      <symbol id="sm-d6c">
         <name>__register_unlock</name>
         <value>0x8a1bb</value>
         <object_component_ref idref="oc-245"/>
      </symbol>
      <symbol id="sm-d7c">
         <name>__args_main</name>
         <value>0x89ed2</value>
         <object_component_ref idref="oc-1f6"/>
      </symbol>
      <symbol id="sm-d8b">
         <name>_memset</name>
         <value>0x8a22f</value>
         <object_component_ref idref="oc-2ff"/>
      </symbol>
      <symbol id="sm-da2">
         <name>_strlen</name>
         <value>0x8a204</value>
         <object_component_ref idref="oc-2cf"/>
      </symbol>
      <symbol id="sm-db0">
         <name>_HOSTwrite</name>
         <value>0x895fd</value>
         <object_component_ref idref="oc-32b"/>
      </symbol>
      <symbol id="sm-dca">
         <name>___TI_readmsg</name>
         <value>0x88a7e</value>
         <object_component_ref idref="oc-34b"/>
      </symbol>
      <symbol id="sm-dcc">
         <name>C$$IO$$</name>
         <value>0x88a79</value>
         <object_component_ref idref="oc-34b"/>
      </symbol>
      <symbol id="sm-dcd">
         <name>__CIOBUF_</name>
         <value>0x8000</value>
         <object_component_ref idref="oc-1e7"/>
      </symbol>
      <symbol id="sm-dce">
         <name>___TI_writemsg</name>
         <value>0x88a26</value>
         <object_component_ref idref="oc-34b"/>
      </symbol>
      <symbol id="sm-ddb">
         <name>_parmbuf</name>
         <value>0x136</value>
         <object_component_ref idref="oc-34a"/>
      </symbol>
   </symbol_table>
   <title>Link successful</title>
</link_info>
