******************************************************************************
             TMS320C2000 Linker PC v20.2.5                     
******************************************************************************
>> Linked Tue Dec  5 14:24:29 2023

OUTPUT FILE NAME:   <labproject.out>
ENTRY POINT SYMBOL: "_c_int00"  address: 00089476


MEMORY CONFIGURATION

         name            origin    length      used     unused   attr    fill
----------------------  --------  ---------  --------  --------  ----  --------
PAGE 0:
  D01SARAM              0000b000   00001000  0000002b  00000fd5  RWIX
  BEGIN                 00080000   00000002  00000002  00000000  RWIX
  FLASHA                00080002   00001ffe  00000c53  000013ab  RWIX
  FLASHB                00082000   00002000  00000000  00002000  RWIX
  FLASHC                00084000   00002000  00000000  00002000  RWIX
  FLASHD                00086000   00002000  00000000  00002000  RWIX
  FLASHE                00088000   00008000  00002870  00005790  RWIX
  FLASHF                00090000   00008000  00000000  00008000  RWIX
  FLASHG                00098000   00008000  00000000  00008000  RWIX
  FLASHH                000a0000   00008000  00000000  00008000  RWIX
  FLASHI                000a8000   00008000  00000000  00008000  RWIX
  FLASHJ                000b0000   00008000  00000000  00008000  RWIX
  FLASHK                000b8000   00002000  00000000  00002000  RWIX
  FLASHL                000ba000   00002000  00000000  00002000  RWIX
  FLASHM                000bc000   00002000  00000000  00002000  RWIX
  FLASHN                000be000   00002000  00000000  00002000  RWIX
  RESET                 003fffc0   00000002  00000000  00000002  RWIX

PAGE 1:
  BOOT_RSVD             00000002   00000120  00000000  00000120  RWIX
  M01SARAM              00000122   000006de  00000188  00000556  RWIX
  ADCARESULT            00000b00   00000018  00000018  00000000  RWIX
  ADCBRESULT            00000b20   00000018  00000018  00000000  RWIX
  ADCCRESULT            00000b40   00000018  00000018  00000000  RWIX
  ADCDRESULT            00000b60   00000018  00000018  00000000  RWIX
  CPUTIMER0             00000c00   00000008  00000008  00000000  RWIX
  CPUTIMER1             00000c08   00000008  00000008  00000000  RWIX
  CPUTIMER2             00000c10   00000008  00000008  00000000  RWIX
  PIECTRL               00000ce0   0000001a  0000001a  00000000  RWIX
  PIEVECTTABLE          00000d00   00000200  00000000  00000200  RWIX
  DMA                   00001000   00000200  000000e0  00000120  RWIX
  CLA1                  00001400   00000080  0000003e  00000042  RWIX
  CLB1LOGICCFG          00003000   00000052  0000003e  00000014  RWIX
  CLB1LOGICCTRL         00003100   00000040  00000040  00000000  RWIX
  CLB1DATAEXCH          00003200   00000200  00000108  000000f8  RWIX
  CLB2LOGICCFG          00003400   00000052  0000003e  00000014  RWIX
  CLB2LOGICCTRL         00003500   00000040  00000040  00000000  RWIX
  CLB2DATAEXCH          00003600   00000200  00000108  000000f8  RWIX
  CLB3LOGICCFG          00003800   00000052  0000003e  00000014  RWIX
  CLB3LOGICCTRL         00003900   00000040  00000040  00000000  RWIX
  CLB3DATAEXCH          00003a00   00000200  00000108  000000f8  RWIX
  CLB4LOGICCFG          00003c00   00000052  0000003e  00000014  RWIX
  CLB4LOGICCTRL         00003d00   00000040  00000040  00000000  RWIX
  CLB4DATAEXCH          00003e00   00000200  00000108  000000f8  RWIX
  EPWM1                 00004000   00000100  00000100  00000000  RWIX
  EPWM2                 00004100   00000100  00000100  00000000  RWIX
  EPWM3                 00004200   00000100  00000100  00000000  RWIX
  EPWM4                 00004300   00000100  00000100  00000000  RWIX
  EPWM5                 00004400   00000100  00000100  00000000  RWIX
  EPWM6                 00004500   00000100  00000100  00000000  RWIX
  EPWM7                 00004600   00000100  00000100  00000000  RWIX
  EPWM8                 00004700   00000100  00000100  00000000  RWIX
  EPWM9                 00004800   00000100  00000100  00000000  RWIX
  EPWM10                00004900   00000100  00000100  00000000  RWIX
  EPWM11                00004a00   00000100  00000100  00000000  RWIX
  EPWM12                00004b00   00000100  00000100  00000000  RWIX
  ECAP1                 00005000   00000020  0000001a  00000006  RWIX
  ECAP2                 00005020   00000020  0000001a  00000006  RWIX
  ECAP3                 00005040   00000020  0000001a  00000006  RWIX
  ECAP4                 00005060   00000020  0000001a  00000006  RWIX
  ECAP5                 00005080   00000020  0000001a  00000006  RWIX
  ECAP6                 000050a0   00000020  0000001a  00000006  RWIX
  EQEP1                 00005100   00000022  00000022  00000000  RWIX
  EQEP2                 00005140   00000022  00000022  00000000  RWIX
  EQEP3                 00005180   00000022  00000022  00000000  RWIX
  DACA                  00005c00   00000008  00000007  00000001  RWIX
  DACB                  00005c10   00000008  00000007  00000001  RWIX
  DACC                  00005c20   00000008  00000007  00000001  RWIX
  CMPSS1                00005c80   00000020  0000001b  00000005  RWIX
  CMPSS2                00005ca0   00000020  0000001b  00000005  RWIX
  CMPSS3                00005cc0   00000020  0000001b  00000005  RWIX
  CMPSS4                00005ce0   00000020  0000001b  00000005  RWIX
  CMPSS5                00005d00   00000020  0000001b  00000005  RWIX
  CMPSS6                00005d20   00000020  0000001b  00000005  RWIX
  CMPSS7                00005d40   00000020  0000001b  00000005  RWIX
  CMPSS8                00005d60   00000020  0000001b  00000005  RWIX
  SDFM1                 00005e00   00000080  00000048  00000038  RWIX
  SDFM2                 00005e80   00000080  00000048  00000038  RWIX
  MCBSPA                00006000   00000024  00000024  00000000  RWIX
  MCBSPB                00006040   00000024  00000024  00000000  RWIX
  SPIA                  00006100   00000010  00000010  00000000  RWIX
  SPIB                  00006110   00000010  00000010  00000000  RWIX
  SPIC                  00006120   00000010  00000010  00000000  RWIX
  UPP                   00006200   00000048  00000048  00000000  RWIX
  WD                    00007000   0000002b  0000002b  00000000  RWIX
  NMIINTRUPT            00007060   00000007  00000007  00000000  RWIX
  XINT                  00007070   0000000b  0000000b  00000000  RWIX
  SCIA                  00007200   00000010  00000010  00000000  RWIX
  SCIB                  00007210   00000010  00000010  00000000  RWIX
  SCIC                  00007220   00000010  00000010  00000000  RWIX
  SCID                  00007230   00000010  00000010  00000000  RWIX
  I2CA                  00007300   00000022  00000022  00000000  RWIX
  I2CB                  00007340   00000022  00000022  00000000  RWIX
  ADCA                  00007400   00000080  0000007c  00000004  RWIX
  ADCB                  00007480   00000080  0000007c  00000004  RWIX
  ADCC                  00007500   00000080  0000007c  00000004  RWIX
  ADCD                  00007580   00000080  0000007c  00000004  RWIX
  INPUTXBAR             00007900   00000020  00000020  00000000  RWIX
  XBAR                  00007920   00000020  0000000e  00000012  RWIX
  SYNCSOC               00007940   00000006  00000006  00000000  RWIX
  DMACLASRCSEL          00007980   0000001a  0000001a  00000000  RWIX
  EPWMXBAR              00007a00   00000040  00000040  00000000  RWIX
  CLBXBAR               00007a40   00000040  00000040  00000000  RWIX
  OUTPUTXBAR            00007a80   00000040  00000040  00000000  RWIX
  GPIOCTRL              00007c00   00000180  00000180  00000000  RWIX
  GPIODATA              00007f00   00000030  00000030  00000000  RWIX
  LS05SARAM             00008000   00003000  00000ea0  00002160  RWIX
  RAMGS0                0000c000   00001000  00000000  00001000  RWIX
  RAMGS1                0000d000   00001000  00000000  00001000  RWIX
  RAMGS2                0000e000   00001000  00000000  00001000  RWIX
  RAMGS3                0000f000   00001000  00000000  00001000  RWIX
  RAMGS4                00010000   00001000  00000200  00000e00  RWIX
  RAMGS5                00011000   00001000  00000102  00000efe  RWIX
  RAMGS6                00012000   00001000  00000200  00000e00  RWIX
  RAMGS7                00013000   00001000  00000200  00000e00  RWIX
  RAMGS8                00014000   00001000  00000000  00001000  RWIX
  RAMGS9                00015000   00001000  00000000  00001000  RWIX
  RAMGS10               00016000   00001000  00000000  00001000  RWIX
  RAMGS11               00017000   00001000  00000000  00001000  RWIX
  RAMGS12               00018000   00001000  00000000  00001000  RWIX
  RAMGS13               00019000   00001000  00000000  00001000  RWIX
  RAMGS14               0001a000   00001000  00000000  00001000  RWIX
  RAMGS15               0001b000   00001000  00000000  00001000  RWIX
  CPU2TOCPU1RAM         0003f800   00000400  00000000  00000400  RWIX
  CPU1TOCPU2RAM         0003fc00   00000400  00000000  00000400  RWIX
  EMIF1                 00047000   00000070  00000028  00000048  RWIX
  EMIF2                 00047800   00000070  00000028  00000048  RWIX
  CANA                  00048000   00000200  00000164  0000009c  RWIX
  CANB                  0004a000   00000200  00000164  0000009c  RWIX
  IPC                   00050000   00000024  00000024  00000000  RWIX
  FLASHPUMPSEMAPHORE    00050024   00000002  00000002  00000000  RWIX
  DEVCFG                0005d000   0000012e  0000012e  00000000  RWIX
  ANALOGSUBSYS          0005d180   00000048  0000003e  0000000a  RWIX
  CLKCFG                0005d200   00000032  00000032  00000000  RWIX
  CPUSYS                0005d300   00000082  00000082  00000000  RWIX
  ROMPREFETCH           0005e608   00000002  00000002  00000000  RWIX
  DCSMZ1                0005f000   00000023  00000022  00000001  RWIX
  DCSMZ2                0005f040   00000023  00000022  00000001  RWIX
  DCSMCOMMON            0005f070   00000008  00000006  00000002  RWIX
  MEMCFG                0005f400   00000080  00000076  0000000a  RWIX
  EMIF1CONFIG           0005f480   00000020  0000000a  00000016  RWIX
  EMIF2CONFIG           0005f4a0   00000020  0000000a  00000016  RWIX
  ACCESSPROTECTION      0005f4c0   00000040  0000002e  00000012  RWIX
  MEMORYERROR           0005f500   00000040  0000003a  00000006  RWIX
  ROMWAITSTATE          0005f540   00000002  00000002  00000000  RWIX
  FLASH0CTRL            0005f800   00000182  00000182  00000000  RWIX
  FLASH0ECC             0005fb00   00000028  00000028  00000000  RWIX


SECTION ALLOCATION MAP

 output                                  attributes/
section   page    origin      length       input sections
--------  ----  ----------  ----------   ----------------
PieVectTableFile 
*          0    00000d00    000001c0     DSECT
                  00000d00    000001c0     F2837xD_GlobalVariableDefs.obj (PieVectTableFile)

EmuKeyVar 
*          0    00000d00    00000000     DSECT

EmuBModeVar 
*          0    00000d00    00000000     DSECT

EmuBootPinsVar 
*          0    00000d00    00000000     DSECT

FlashCallbackVar 
*          0    00000d00    00000000     DSECT

FlashScalingVar 
*          0    00000d00    00000000     DSECT

.ti_catalog_c2800_initF2837x_begin 
*          0    00080000    00000002     
                  00080000    00000002     Boot.a28FP : Boot_asm.o28FP (.ti_catalog_c2800_initF2837x_begin)

.cinit     0    0008002d    0000064f     
                  0008002d    000001c3     Lab2Idle_p28FP.o28FP (.cinit:_ti_sysbios_family_c28_Hwi_Module_State_0_dispatchTable__A)
                  000801f0    00000129     Lab2Idle_p28FP.o28FP (.cinit:_ti_sysbios_knl_Task_Object__table__V)
                  00080319    00000125     Lab2Idle_p28FP.o28FP (.cinit)
                  0008043e    00000067     Lab2Idle_p28FP.o28FP (.cinit:_ti_sysbios_knl_Swi_Object__table__V)
                  000804a5    00000049     Lab2Idle_p28FP.o28FP (.cinit:_ti_sysbios_knl_Semaphore_Object__table__V)
                  000804ee    00000043     Lab2Idle_p28FP.o28FP (.cinit:_ti_sysbios_family_c28_Hwi_Object__table__V)
                  00080531    00000043     Lab2Idle_p28FP.o28FP (.cinit:_ti_sysbios_knl_Swi_Module_State_0_readyQ__A)
                  00080574    00000043     Lab2Idle_p28FP.o28FP (.cinit:_ti_sysbios_knl_Task_Module_State_0_readyQ__A)
                  000805b7    00000034     LabProject_main.obj (.cinit)
                  000805eb    00000033     Lab2Idle_p28FP.o28FP (.cinit:_ti_sysbios_family_c28_Timer_Object__table__V)
                  0008061e    00000015     Lab2Idle_p28FP.o28FP (.cinit:_xdc_runtime_LoggerBuf_Object__table__V)
                  00080633    00000011     Lab2Idle_p28FP.o28FP (.cinit:_ti_sysbios_gates_GateMutex_Object__table__V)
                  00080644    0000000e     rts2800_fpu32.lib : exit.c.obj (.cinit)
                  00080652    0000000b     Lab2Idle_p28FP.o28FP (.cinit:_xdc_runtime_System_Module_State_0_atexitHandlers__A)
                  0008065d    00000009     Lab2Idle_p28FP.o28FP (.cinit:_xdc_runtime_HeapStd_Object__table__V)
                  00080666    00000005     rts2800_fpu32.lib : _lock.c.obj (.cinit:__lock)
                  0008066b    00000005                       : _lock.c.obj (.cinit:__unlock)
                  00080670    00000005     Lab2Idle_p28FP.o28FP (.cinit:_ti_sysbios_gates_GateHwi_Object__table__V)
                  00080675    00000005     Lab2Idle_p28FP.o28FP (.cinit:_ti_sysbios_knl_Task_Module_State_0_idleTask__A)
                  0008067a    00000002     --HOLE-- [fill = 0]

.econst    0    0008067c    000005b3     
                  0008067c    000001c0     Lab2Idle_p28FP.o28FP (.econst:_ti_sysbios_family_c28_Hwi_vectors)
                  0008083c    0000006b     Lab2Idle_p28FP.o28FP (.econst:.string)
                  000808a7    00000001     Lab2Idle_p28FP.o28FP (.econst:ti_sysbios_family_c28_Hwi_Module__id__C)
                  000808a8    00000058     ti.targets.rts2800.a28FP : Error.o28FP (.econst:.string)
                  00080900    00000048     LabProject_main.obj (.econst:.string)
                  00080948    00000047     ti.targets.rts2800.a28FP : Log.o28FP (.econst:.string)
                  0008098f    00000001     Lab2Idle_p28FP.o28FP (.econst:ti_sysbios_family_c28_Hwi_NUM_INTERRUPTS_ALL__C)
                  00080990    00000031     ti.targets.rts2800.a28FP : Text.o28FP (.econst:.string)
                  000809c1    00000001     Lab2Idle_p28FP.o28FP (.econst:ti_sysbios_family_c28_Hwi_Object__count__C)
                  000809c2    0000002a     ti.targets.rts2800.a28FP : Startup.o28FP (.econst:.string)
                  000809ec    00000028     Lab2Idle_p28FP.o28FP (.econst)
                  00080a14    0000001e     Lab2Idle_p28FP.o28FP (.econst:xdc_runtime_LoggerBuf_Module__FXNS__C)
                  00080a32    00000019     ti.targets.rts2800.a28FP : System.o28FP (.econst:.string)
                  00080a4b    00000001     Lab2Idle_p28FP.o28FP (.econst:ti_sysbios_family_c28_TaskSupport_Module__id__C)
                  00080a4c    00000014     Lab2Idle_p28FP.o28FP (.econst:xdc_runtime_HeapStd_Module__FXNS__C)
                  00080a60    00000014     Lab2Idle_p28FP.o28FP (.econst:xdc_runtime_Startup_sfxnTab__A)
                  00080a74    00000012     Lab2Idle_p28FP.o28FP (.econst:ti_sysbios_gates_GateHwi_Module__FXNS__C)
                  00080a86    00000012     Lab2Idle_p28FP.o28FP (.econst:ti_sysbios_gates_GateMutex_Module__FXNS__C)
                  00080a98    00000012     Lab2Idle_p28FP.o28FP (.econst:xdc_runtime_LoggerBuf_Object__PARAMS__C)
                  00080aaa    00000010     Lab2Idle_p28FP.o28FP (.econst:ti_sysbios_gates_GateHwi_Object__DESC__C)
                  00080aba    00000010     Lab2Idle_p28FP.o28FP (.econst:ti_sysbios_gates_GateMutex_Object__DESC__C)
                  00080aca    00000010     Lab2Idle_p28FP.o28FP (.econst:ti_sysbios_knl_Queue_Object__DESC__C)
                  00080ada    00000010     Lab2Idle_p28FP.o28FP (.econst:ti_sysbios_knl_Semaphore_Object__DESC__C)
                  00080aea    00000010     Lab2Idle_p28FP.o28FP (.econst:ti_sysbios_knl_Semaphore_Object__PARAMS__C)
                  00080afa    00000010     Lab2Idle_p28FP.o28FP (.econst:xdc_runtime_HeapStd_Object__DESC__C)
                  00080b0a    00000010     Lab2Idle_p28FP.o28FP (.econst:xdc_runtime_LoggerBuf_Object__DESC__C)
                  00080b1a    0000000e     Lab2Idle_p28FP.o28FP (.econst:xdc_runtime_HeapStd_Object__PARAMS__C)
                  00080b28    0000000c     rts2800_fpu32.lib : e_atan2f.c.obj (.econst)
                  00080b34    0000000c     Lab2Idle_p28FP.o28FP (.econst:ti_sysbios_gates_GateHwi_Object__PARAMS__C)
                  00080b40    0000000c     Lab2Idle_p28FP.o28FP (.econst:ti_sysbios_gates_GateMutex_Object__PARAMS__C)
                  00080b4c    0000000c     Lab2Idle_p28FP.o28FP (.econst:ti_sysbios_knl_Queue_Object__PARAMS__C)
                  00080b58    0000000a     rts2800_fpu32.lib : s_atanf.c.obj (.econst:_aT)
                  00080b62    0000000a     Lab2Idle_p28FP.o28FP (.econst:xdc_runtime_Startup_sfxnRts__A)
                  00080b6c    00000008     rts2800_fpu32.lib : s_atanf.c.obj (.econst:_atanhi)
                  00080b74    00000008                       : s_atanf.c.obj (.econst:_atanlo)
                  00080b7c    00000006     Lab2Idle_p28FP.o28FP (.econst:ti_sysbios_knl_Idle_funcList__A)
                  00080b82    00000005     ti.targets.rts2800.a28FP : Assert.o28FP (.econst:.string)
                  00080b87    00000001     Lab2Idle_p28FP.o28FP (.econst:ti_sysbios_family_c28_Timer_startupNeeded__C)
                  00080b88    00000004     rts2800_fpu32.lib : s_atanf.c.obj (.econst)
                  00080b8c    00000004     Lab2Idle_p28FP.o28FP (.econst:ti_sysbios_knl_Idle_funcList__C)
                  00080b90    00000004     Lab2Idle_p28FP.o28FP (.econst:xdc_runtime_Startup_firstFxns__A)
                  00080b94    00000004     Lab2Idle_p28FP.o28FP (.econst:xdc_runtime_Startup_firstFxns__C)
                  00080b98    00000004     Lab2Idle_p28FP.o28FP (.econst:xdc_runtime_Startup_lastFxns__C)
                  00080b9c    00000002     Lab2Idle_p28FP.o28FP (.econst:ti_sysbios_family_c28_Hwi_A_badIntNum__C)
                  00080b9e    00000002     Lab2Idle_p28FP.o28FP (.econst:ti_sysbios_family_c28_Hwi_A_invalidArg__C)
                  00080ba0    00000002     Lab2Idle_p28FP.o28FP (.econst:ti_sysbios_family_c28_Hwi_E_unpluggedInterrupt__C)
                  00080ba2    00000002     Lab2Idle_p28FP.o28FP (.econst:ti_sysbios_family_c28_Hwi_Module__diagsEnabled__C)
                  00080ba4    00000002     Lab2Idle_p28FP.o28FP (.econst:ti_sysbios_family_c28_Hwi_Module__diagsIncluded__C)
                  00080ba6    00000002     Lab2Idle_p28FP.o28FP (.econst:ti_sysbios_family_c28_Hwi_Module__diagsMask__C)
                  00080ba8    00000002     Lab2Idle_p28FP.o28FP (.econst:ti_sysbios_family_c28_TaskSupport_E_invalidStack__C)
                  00080baa    00000002     Lab2Idle_p28FP.o28FP (.econst:ti_sysbios_gates_GateMutex_A_badContext__C)
                  00080bac    00000002     Lab2Idle_p28FP.o28FP (.econst:ti_sysbios_gates_GateMutex_Instance_State_sem__O)
                  00080bae    00000002     Lab2Idle_p28FP.o28FP (.econst:ti_sysbios_gates_GateMutex_Module__diagsEnabled__C)
                  00080bb0    00000002     Lab2Idle_p28FP.o28FP (.econst:ti_sysbios_gates_GateMutex_Module__diagsIncluded__C)
                  00080bb2    00000002     Lab2Idle_p28FP.o28FP (.econst:ti_sysbios_gates_GateMutex_Module__diagsMask__C)
                  00080bb4    00000002     Lab2Idle_p28FP.o28FP (.econst:ti_sysbios_hal_Hwi_E_stackOverflow__C)
                  00080bb6    00000002     Lab2Idle_p28FP.o28FP (.econst:ti_sysbios_knl_Clock_Module_State_clockQ__O)
                  00080bb8    00000002     Lab2Idle_p28FP.o28FP (.econst:ti_sysbios_knl_Semaphore_A_badContext__C)
                  00080bba    00000002     Lab2Idle_p28FP.o28FP (.econst:ti_sysbios_knl_Semaphore_A_noEvents__C)
                  00080bbc    00000002     Lab2Idle_p28FP.o28FP (.econst:ti_sysbios_knl_Semaphore_A_overflow__C)
                  00080bbe    00000002     Lab2Idle_p28FP.o28FP (.econst:ti_sysbios_knl_Semaphore_A_pendTaskDisabled__C)
                  00080bc0    00000002     Lab2Idle_p28FP.o28FP (.econst:ti_sysbios_knl_Semaphore_Instance_State_pendQ__O)
                  00080bc2    00000002     Lab2Idle_p28FP.o28FP (.econst:ti_sysbios_knl_Semaphore_Module__diagsEnabled__C)
                  00080bc4    00000002     Lab2Idle_p28FP.o28FP (.econst:ti_sysbios_knl_Semaphore_Module__diagsIncluded__C)
                  00080bc6    00000002     Lab2Idle_p28FP.o28FP (.econst:ti_sysbios_knl_Semaphore_Module__diagsMask__C)
                  00080bc8    00000002     Lab2Idle_p28FP.o28FP (.econst:ti_sysbios_knl_Task_E_spOutOfBounds__C)
                  00080bca    00000002     Lab2Idle_p28FP.o28FP (.econst:ti_sysbios_knl_Task_E_stackOverflow__C)
                  00080bcc    00000002     Lab2Idle_p28FP.o28FP (.econst:ti_sysbios_knl_Task_Module_State_inactiveQ__O)
                  00080bce    00000002     Lab2Idle_p28FP.o28FP (.econst:ti_sysbios_knl_Task_allBlockedFunc__C)
                  00080bd0    00000002     Lab2Idle_p28FP.o28FP (.econst:xdc_runtime_Assert_E_assertFailed__C)
                  00080bd2    00000002     Lab2Idle_p28FP.o28FP (.econst:xdc_runtime_Core_A_initializedParams__C)
                  00080bd4    00000002     Lab2Idle_p28FP.o28FP (.econst:xdc_runtime_Core_Module__diagsEnabled__C)
                  00080bd6    00000002     Lab2Idle_p28FP.o28FP (.econst:xdc_runtime_Core_Module__diagsIncluded__C)
                  00080bd8    00000002     Lab2Idle_p28FP.o28FP (.econst:xdc_runtime_Core_Module__diagsMask__C)
                  00080bda    00000002     Lab2Idle_p28FP.o28FP (.econst:xdc_runtime_Error_E_memory__C)
                  00080bdc    00000002     Lab2Idle_p28FP.o28FP (.econst:xdc_runtime_Error_policyFxn__C)
                  00080bde    00000002     Lab2Idle_p28FP.o28FP (.econst:xdc_runtime_Error_raiseHook__C)
                  00080be0    00000002     Lab2Idle_p28FP.o28FP (.econst:xdc_runtime_HeapStd_A_align__C)
                  00080be2    00000002     Lab2Idle_p28FP.o28FP (.econst:xdc_runtime_HeapStd_A_invalidTotalFreeSize__C)
                  00080be4    00000002     Lab2Idle_p28FP.o28FP (.econst:xdc_runtime_HeapStd_A_zeroSize__C)
                  00080be6    00000002     Lab2Idle_p28FP.o28FP (.econst:xdc_runtime_HeapStd_E_noRTSMemory__C)
                  00080be8    00000002     Lab2Idle_p28FP.o28FP (.econst:xdc_runtime_HeapStd_Module__diagsEnabled__C)
                  00080bea    00000002     Lab2Idle_p28FP.o28FP (.econst:xdc_runtime_HeapStd_Module__diagsIncluded__C)
                  00080bec    00000002     Lab2Idle_p28FP.o28FP (.econst:xdc_runtime_HeapStd_Module__diagsMask__C)
                  00080bee    00000002     Lab2Idle_p28FP.o28FP (.econst:xdc_runtime_IFilterLogger_Interface__BASE__C)
                  00080bf0    00000002     Lab2Idle_p28FP.o28FP (.econst:xdc_runtime_IGateProvider_Interface__BASE__C)
                  00080bf2    00000002     Lab2Idle_p28FP.o28FP (.econst:xdc_runtime_IHeap_Interface__BASE__C)
                  00080bf4    00000002     Lab2Idle_p28FP.o28FP (.econst:xdc_runtime_ILogger_Interface__BASE__C)
                  00080bf6    00000002     Lab2Idle_p28FP.o28FP (.econst:xdc_runtime_IModule_Interface__BASE__C)
                  00080bf8    00000002     Lab2Idle_p28FP.o28FP (.econst:xdc_runtime_LoggerBuf_E_badLevel__C)
                  00080bfa    00000002     Lab2Idle_p28FP.o28FP (.econst:xdc_runtime_LoggerBuf_Module__gateObj__C)
                  00080bfc    00000002     Lab2Idle_p28FP.o28FP (.econst:xdc_runtime_LoggerBuf_statusLogger__C)
                  00080bfe    00000002     Lab2Idle_p28FP.o28FP (.econst:xdc_runtime_Memory_defaultHeapInstance__C)
                  00080c00    00000002     Lab2Idle_p28FP.o28FP (.econst:xdc_runtime_Startup_execImpl__C)
                  00080c02    00000002     Lab2Idle_p28FP.o28FP (.econst:xdc_runtime_Startup_sfxnRts__C)
                  00080c04    00000002     Lab2Idle_p28FP.o28FP (.econst:xdc_runtime_Startup_sfxnTab__C)
                  00080c06    00000002     Lab2Idle_p28FP.o28FP (.econst:xdc_runtime_SysMin_bufSize__C)
                  00080c08    00000002     Lab2Idle_p28FP.o28FP (.econst:xdc_runtime_SysMin_outputFunc__C)
                  00080c0a    00000002     Lab2Idle_p28FP.o28FP (.econst:xdc_runtime_System_Module__gateObj__C)
                  00080c0c    00000002     Lab2Idle_p28FP.o28FP (.econst:xdc_runtime_System_abortFxn__C)
                  00080c0e    00000002     Lab2Idle_p28FP.o28FP (.econst:xdc_runtime_System_exitFxn__C)
                  00080c10    00000002     Lab2Idle_p28FP.o28FP (.econst:xdc_runtime_System_extendFxn__C)
                  00080c12    00000002     Lab2Idle_p28FP.o28FP (.econst:xdc_runtime_Text_charTab__C)
                  00080c14    00000002     Lab2Idle_p28FP.o28FP (.econst:xdc_runtime_Text_nodeTab__A)
                  00080c16    00000002     Lab2Idle_p28FP.o28FP (.econst:xdc_runtime_Text_visitRopeFxn__C)
                  00080c18    00000001     Lab2Idle_p28FP.o28FP (.econst:ti_sysbios_gates_GateMutex_Module__id__C)
                  00080c19    00000001     Lab2Idle_p28FP.o28FP (.econst:ti_sysbios_hal_Hwi_Module__id__C)
                  00080c1a    00000001     Lab2Idle_p28FP.o28FP (.econst:ti_sysbios_knl_Semaphore_Module__id__C)
                  00080c1b    00000001     Lab2Idle_p28FP.o28FP (.econst:ti_sysbios_knl_Swi_Object__count__C)
                  00080c1c    00000001     Lab2Idle_p28FP.o28FP (.econst:ti_sysbios_knl_Task_Module__id__C)
                  00080c1d    00000001     Lab2Idle_p28FP.o28FP (.econst:ti_sysbios_knl_Task_Object__count__C)
                  00080c1e    00000001     Lab2Idle_p28FP.o28FP (.econst:ti_sysbios_knl_Task_numConstructedTasks__C)
                  00080c1f    00000001     Lab2Idle_p28FP.o28FP (.econst:xdc_runtime_Core_Module__id__C)
                  00080c20    00000001     Lab2Idle_p28FP.o28FP (.econst:xdc_runtime_Error_Module__loggerDefined__C)
                  00080c21    00000001     Lab2Idle_p28FP.o28FP (.econst:xdc_runtime_Error_maxDepth__C)
                  00080c22    00000001     Lab2Idle_p28FP.o28FP (.econst:xdc_runtime_Error_policy__C)
                  00080c23    00000001     Lab2Idle_p28FP.o28FP (.econst:xdc_runtime_HeapStd_Module__id__C)
                  00080c24    00000001     Lab2Idle_p28FP.o28FP (.econst:xdc_runtime_LoggerBuf_Module__id__C)
                  00080c25    00000001     Lab2Idle_p28FP.o28FP (.econst:xdc_runtime_LoggerBuf_Object__count__C)
                  00080c26    00000001     Lab2Idle_p28FP.o28FP (.econst:xdc_runtime_LoggerBuf_filterByLevel__C)
                  00080c27    00000001     Lab2Idle_p28FP.o28FP (.econst:xdc_runtime_Memory_Module__id__C)
                  00080c28    00000001     Lab2Idle_p28FP.o28FP (.econst:xdc_runtime_Startup_maxPasses__C)
                  00080c29    00000001     Lab2Idle_p28FP.o28FP (.econst:xdc_runtime_SysMin_flushAtExit__C)
                  00080c2a    00000001     Lab2Idle_p28FP.o28FP (.econst:xdc_runtime_System_maxAtexitHandlers__C)
                  00080c2b    00000001     Lab2Idle_p28FP.o28FP (.econst:xdc_runtime_Text_charTab__A)
                  00080c2c    00000001     Lab2Idle_p28FP.o28FP (.econst:xdc_runtime_Text_isLoaded__C)
                  00080c2d    00000001     Lab2Idle_p28FP.o28FP (.econst:xdc_runtime_Text_registryModsLastId__C)
                  00080c2e    00000001     Lab2Idle_p28FP.o28FP (.econst:xdc_runtime_Text_unnamedModsLastId__C)

.switch    0    00080c30    0000001c     
                  00080c30    0000001c     sysbios.a28FP : BIOS.obj (.switch:_ti_sysbios_family_c28_Hwi_clearInterrupt__E)

.binit     0    00080c4c    0000000a     
                  00080c4c    0000000a     (.binit)

AdcaResultRegsFile 
*          1    00000b00    00000018     UNINITIALIZED
                  00000b00    00000018     F2837xD_GlobalVariableDefs.obj (AdcaResultRegsFile)

AdcbResultRegsFile 
*          1    00000b20    00000018     UNINITIALIZED
                  00000b20    00000018     F2837xD_GlobalVariableDefs.obj (AdcbResultRegsFile)

AdccResultRegsFile 
*          1    00000b40    00000018     UNINITIALIZED
                  00000b40    00000018     F2837xD_GlobalVariableDefs.obj (AdccResultRegsFile)

AdcdResultRegsFile 
*          1    00000b60    00000018     UNINITIALIZED
                  00000b60    00000018     F2837xD_GlobalVariableDefs.obj (AdcdResultRegsFile)

CpuTimer0RegsFile 
*          1    00000c00    00000008     UNINITIALIZED
                  00000c00    00000008     F2837xD_GlobalVariableDefs.obj (CpuTimer0RegsFile)

CpuTimer1RegsFile 
*          1    00000c08    00000008     UNINITIALIZED
                  00000c08    00000008     F2837xD_GlobalVariableDefs.obj (CpuTimer1RegsFile)

CpuTimer2RegsFile 
*          1    00000c10    00000008     UNINITIALIZED
                  00000c10    00000008     F2837xD_GlobalVariableDefs.obj (CpuTimer2RegsFile)

PieCtrlRegsFile 
*          1    00000ce0    0000001a     UNINITIALIZED
                  00000ce0    0000001a     F2837xD_GlobalVariableDefs.obj (PieCtrlRegsFile)

DmaRegsFile 
*          1    00001000    000000e0     UNINITIALIZED
                  00001000    000000e0     F2837xD_GlobalVariableDefs.obj (DmaRegsFile)

Cla1RegsFile 
*          1    00001400    0000003e     UNINITIALIZED
                  00001400    0000003e     F2837xD_GlobalVariableDefs.obj (Cla1RegsFile)

Clb1LogicCfgRegsFile 
*          1    00003000    0000003e     UNINITIALIZED
                  00003000    0000003e     F2837xD_GlobalVariableDefs.obj (Clb1LogicCfgRegsFile)

Clb1LogicCtrlRegsFile 
*          1    00003100    00000040     UNINITIALIZED
                  00003100    00000040     F2837xD_GlobalVariableDefs.obj (Clb1LogicCtrlRegsFile)

Clb1DataExchRegsFile 
*          1    00003200    00000108     UNINITIALIZED
                  00003200    00000108     F2837xD_GlobalVariableDefs.obj (Clb1DataExchRegsFile)

Clb2LogicCfgRegsFile 
*          1    00003400    0000003e     UNINITIALIZED
                  00003400    0000003e     F2837xD_GlobalVariableDefs.obj (Clb2LogicCfgRegsFile)

Clb2LogicCtrlRegsFile 
*          1    00003500    00000040     UNINITIALIZED
                  00003500    00000040     F2837xD_GlobalVariableDefs.obj (Clb2LogicCtrlRegsFile)

Clb2DataExchRegsFile 
*          1    00003600    00000108     UNINITIALIZED
                  00003600    00000108     F2837xD_GlobalVariableDefs.obj (Clb2DataExchRegsFile)

Clb3LogicCfgRegsFile 
*          1    00003800    0000003e     UNINITIALIZED
                  00003800    0000003e     F2837xD_GlobalVariableDefs.obj (Clb3LogicCfgRegsFile)

Clb3LogicCtrlRegsFile 
*          1    00003900    00000040     UNINITIALIZED
                  00003900    00000040     F2837xD_GlobalVariableDefs.obj (Clb3LogicCtrlRegsFile)

Clb3DataExchRegsFile 
*          1    00003a00    00000108     UNINITIALIZED
                  00003a00    00000108     F2837xD_GlobalVariableDefs.obj (Clb3DataExchRegsFile)

Clb4LogicCfgRegsFile 
*          1    00003c00    0000003e     UNINITIALIZED
                  00003c00    0000003e     F2837xD_GlobalVariableDefs.obj (Clb4LogicCfgRegsFile)

Clb4LogicCtrlRegsFile 
*          1    00003d00    00000040     UNINITIALIZED
                  00003d00    00000040     F2837xD_GlobalVariableDefs.obj (Clb4LogicCtrlRegsFile)

Clb4DataExchRegsFile 
*          1    00003e00    00000108     UNINITIALIZED
                  00003e00    00000108     F2837xD_GlobalVariableDefs.obj (Clb4DataExchRegsFile)

EPwm1RegsFile 
*          1    00004000    00000100     UNINITIALIZED
                  00004000    00000100     F2837xD_GlobalVariableDefs.obj (EPwm1RegsFile)

EPwm2RegsFile 
*          1    00004100    00000100     UNINITIALIZED
                  00004100    00000100     F2837xD_GlobalVariableDefs.obj (EPwm2RegsFile)

EPwm3RegsFile 
*          1    00004200    00000100     UNINITIALIZED
                  00004200    00000100     F2837xD_GlobalVariableDefs.obj (EPwm3RegsFile)

EPwm4RegsFile 
*          1    00004300    00000100     UNINITIALIZED
                  00004300    00000100     F2837xD_GlobalVariableDefs.obj (EPwm4RegsFile)

EPwm5RegsFile 
*          1    00004400    00000100     UNINITIALIZED
                  00004400    00000100     F2837xD_GlobalVariableDefs.obj (EPwm5RegsFile)

EPwm6RegsFile 
*          1    00004500    00000100     UNINITIALIZED
                  00004500    00000100     F2837xD_GlobalVariableDefs.obj (EPwm6RegsFile)

EPwm7RegsFile 
*          1    00004600    00000100     UNINITIALIZED
                  00004600    00000100     F2837xD_GlobalVariableDefs.obj (EPwm7RegsFile)

EPwm8RegsFile 
*          1    00004700    00000100     UNINITIALIZED
                  00004700    00000100     F2837xD_GlobalVariableDefs.obj (EPwm8RegsFile)

EPwm9RegsFile 
*          1    00004800    00000100     UNINITIALIZED
                  00004800    00000100     F2837xD_GlobalVariableDefs.obj (EPwm9RegsFile)

EPwm10RegsFile 
*          1    00004900    00000100     UNINITIALIZED
                  00004900    00000100     F2837xD_GlobalVariableDefs.obj (EPwm10RegsFile)

EPwm11RegsFile 
*          1    00004a00    00000100     UNINITIALIZED
                  00004a00    00000100     F2837xD_GlobalVariableDefs.obj (EPwm11RegsFile)

EPwm12RegsFile 
*          1    00004b00    00000100     UNINITIALIZED
                  00004b00    00000100     F2837xD_GlobalVariableDefs.obj (EPwm12RegsFile)

ECap1RegsFile 
*          1    00005000    0000001a     UNINITIALIZED
                  00005000    0000001a     F2837xD_GlobalVariableDefs.obj (ECap1RegsFile)

ECap2RegsFile 
*          1    00005020    0000001a     UNINITIALIZED
                  00005020    0000001a     F2837xD_GlobalVariableDefs.obj (ECap2RegsFile)

ECap3RegsFile 
*          1    00005040    0000001a     UNINITIALIZED
                  00005040    0000001a     F2837xD_GlobalVariableDefs.obj (ECap3RegsFile)

ECap4RegsFile 
*          1    00005060    0000001a     UNINITIALIZED
                  00005060    0000001a     F2837xD_GlobalVariableDefs.obj (ECap4RegsFile)

ECap5RegsFile 
*          1    00005080    0000001a     UNINITIALIZED
                  00005080    0000001a     F2837xD_GlobalVariableDefs.obj (ECap5RegsFile)

ECap6RegsFile 
*          1    000050a0    0000001a     UNINITIALIZED
                  000050a0    0000001a     F2837xD_GlobalVariableDefs.obj (ECap6RegsFile)

EQep1RegsFile 
*          1    00005100    00000022     UNINITIALIZED
                  00005100    00000022     F2837xD_GlobalVariableDefs.obj (EQep1RegsFile)

EQep2RegsFile 
*          1    00005140    00000022     UNINITIALIZED
                  00005140    00000022     F2837xD_GlobalVariableDefs.obj (EQep2RegsFile)

EQep3RegsFile 
*          1    00005180    00000022     UNINITIALIZED
                  00005180    00000022     F2837xD_GlobalVariableDefs.obj (EQep3RegsFile)

DacaRegsFile 
*          1    00005c00    00000007     UNINITIALIZED
                  00005c00    00000007     F2837xD_GlobalVariableDefs.obj (DacaRegsFile)

DacbRegsFile 
*          1    00005c10    00000007     UNINITIALIZED
                  00005c10    00000007     F2837xD_GlobalVariableDefs.obj (DacbRegsFile)

DaccRegsFile 
*          1    00005c20    00000007     UNINITIALIZED
                  00005c20    00000007     F2837xD_GlobalVariableDefs.obj (DaccRegsFile)

Cmpss1RegsFile 
*          1    00005c80    0000001b     UNINITIALIZED
                  00005c80    0000001b     F2837xD_GlobalVariableDefs.obj (Cmpss1RegsFile)

Cmpss2RegsFile 
*          1    00005ca0    0000001b     UNINITIALIZED
                  00005ca0    0000001b     F2837xD_GlobalVariableDefs.obj (Cmpss2RegsFile)

Cmpss3RegsFile 
*          1    00005cc0    0000001b     UNINITIALIZED
                  00005cc0    0000001b     F2837xD_GlobalVariableDefs.obj (Cmpss3RegsFile)

Cmpss4RegsFile 
*          1    00005ce0    0000001b     UNINITIALIZED
                  00005ce0    0000001b     F2837xD_GlobalVariableDefs.obj (Cmpss4RegsFile)

Cmpss5RegsFile 
*          1    00005d00    0000001b     UNINITIALIZED
                  00005d00    0000001b     F2837xD_GlobalVariableDefs.obj (Cmpss5RegsFile)

Cmpss6RegsFile 
*          1    00005d20    0000001b     UNINITIALIZED
                  00005d20    0000001b     F2837xD_GlobalVariableDefs.obj (Cmpss6RegsFile)

Cmpss7RegsFile 
*          1    00005d40    0000001b     UNINITIALIZED
                  00005d40    0000001b     F2837xD_GlobalVariableDefs.obj (Cmpss7RegsFile)

Cmpss8RegsFile 
*          1    00005d60    0000001b     UNINITIALIZED
                  00005d60    0000001b     F2837xD_GlobalVariableDefs.obj (Cmpss8RegsFile)

Sdfm1RegsFile 
*          1    00005e00    00000048     UNINITIALIZED
                  00005e00    00000048     F2837xD_GlobalVariableDefs.obj (Sdfm1RegsFile)

Sdfm2RegsFile 
*          1    00005e80    00000048     UNINITIALIZED
                  00005e80    00000048     F2837xD_GlobalVariableDefs.obj (Sdfm2RegsFile)

McbspaRegsFile 
*          1    00006000    00000024     UNINITIALIZED
                  00006000    00000024     F2837xD_GlobalVariableDefs.obj (McbspaRegsFile)

McbspbRegsFile 
*          1    00006040    00000024     UNINITIALIZED
                  00006040    00000024     F2837xD_GlobalVariableDefs.obj (McbspbRegsFile)

SpiaRegsFile 
*          1    00006100    00000010     UNINITIALIZED
                  00006100    00000010     F2837xD_GlobalVariableDefs.obj (SpiaRegsFile)

SpibRegsFile 
*          1    00006110    00000010     UNINITIALIZED
                  00006110    00000010     F2837xD_GlobalVariableDefs.obj (SpibRegsFile)

SpicRegsFile 
*          1    00006120    00000010     UNINITIALIZED
                  00006120    00000010     F2837xD_GlobalVariableDefs.obj (SpicRegsFile)

UppRegsFile 
*          1    00006200    00000048     UNINITIALIZED
                  00006200    00000048     F2837xD_GlobalVariableDefs.obj (UppRegsFile)

WdRegsFile 
*          1    00007000    0000002b     UNINITIALIZED
                  00007000    0000002b     F2837xD_GlobalVariableDefs.obj (WdRegsFile)

NmiIntruptRegsFile 
*          1    00007060    00000007     UNINITIALIZED
                  00007060    00000007     F2837xD_GlobalVariableDefs.obj (NmiIntruptRegsFile)

XintRegsFile 
*          1    00007070    0000000b     UNINITIALIZED
                  00007070    0000000b     F2837xD_GlobalVariableDefs.obj (XintRegsFile)

SciaRegsFile 
*          1    00007200    00000010     UNINITIALIZED
                  00007200    00000010     F2837xD_GlobalVariableDefs.obj (SciaRegsFile)

ScibRegsFile 
*          1    00007210    00000010     UNINITIALIZED
                  00007210    00000010     F2837xD_GlobalVariableDefs.obj (ScibRegsFile)

ScicRegsFile 
*          1    00007220    00000010     UNINITIALIZED
                  00007220    00000010     F2837xD_GlobalVariableDefs.obj (ScicRegsFile)

ScidRegsFile 
*          1    00007230    00000010     UNINITIALIZED
                  00007230    00000010     F2837xD_GlobalVariableDefs.obj (ScidRegsFile)

I2caRegsFile 
*          1    00007300    00000022     UNINITIALIZED
                  00007300    00000022     F2837xD_GlobalVariableDefs.obj (I2caRegsFile)

I2cbRegsFile 
*          1    00007340    00000022     UNINITIALIZED
                  00007340    00000022     F2837xD_GlobalVariableDefs.obj (I2cbRegsFile)

AdcaRegsFile 
*          1    00007400    0000007c     UNINITIALIZED
                  00007400    0000007c     F2837xD_GlobalVariableDefs.obj (AdcaRegsFile)

AdcbRegsFile 
*          1    00007480    0000007c     UNINITIALIZED
                  00007480    0000007c     F2837xD_GlobalVariableDefs.obj (AdcbRegsFile)

AdccRegsFile 
*          1    00007500    0000007c     UNINITIALIZED
                  00007500    0000007c     F2837xD_GlobalVariableDefs.obj (AdccRegsFile)

AdcdRegsFile 
*          1    00007580    0000007c     UNINITIALIZED
                  00007580    0000007c     F2837xD_GlobalVariableDefs.obj (AdcdRegsFile)

InputXbarRegsFile 
*          1    00007900    00000020     UNINITIALIZED
                  00007900    00000020     F2837xD_GlobalVariableDefs.obj (InputXbarRegsFile)

XbarRegsFile 
*          1    00007920    0000000e     UNINITIALIZED
                  00007920    0000000e     F2837xD_GlobalVariableDefs.obj (XbarRegsFile)

SyncSocRegsFile 
*          1    00007940    00000006     UNINITIALIZED
                  00007940    00000006     F2837xD_GlobalVariableDefs.obj (SyncSocRegsFile)

DmaClaSrcSelRegsFile 
*          1    00007980    0000001a     UNINITIALIZED
                  00007980    0000001a     F2837xD_GlobalVariableDefs.obj (DmaClaSrcSelRegsFile)

EPwmXbarRegsFile 
*          1    00007a00    00000040     UNINITIALIZED
                  00007a00    00000040     F2837xD_GlobalVariableDefs.obj (EPwmXbarRegsFile)

ClbXbarRegsFile 
*          1    00007a40    00000040     UNINITIALIZED
                  00007a40    00000040     F2837xD_GlobalVariableDefs.obj (ClbXbarRegsFile)

OutputXbarRegsFile 
*          1    00007a80    00000040     UNINITIALIZED
                  00007a80    00000040     F2837xD_GlobalVariableDefs.obj (OutputXbarRegsFile)

GpioCtrlRegsFile 
*          1    00007c00    00000180     UNINITIALIZED
                  00007c00    00000180     F2837xD_GlobalVariableDefs.obj (GpioCtrlRegsFile)

GpioDataRegsFile 
*          1    00007f00    00000030     UNINITIALIZED
                  00007f00    00000030     F2837xD_GlobalVariableDefs.obj (GpioDataRegsFile)

RFFTdata1 
*          1    00010000    00000200     UNINITIALIZED
                  00010000    00000200     LabProject_main.obj (RFFTdata1)

RFFTdata2 
*          1    00011000    00000102     UNINITIALIZED
                  00011000    00000102     LabProject_main.obj (RFFTdata2)

RFFTdata3 
*          1    00012000    00000200     UNINITIALIZED
                  00012000    00000200     LabProject_main.obj (RFFTdata3)

RFFTdata4 
*          1    00013000    00000200     UNINITIALIZED
                  00013000    00000200     LabProject_main.obj (RFFTdata4)

Emif1RegsFile 
*          1    00047000    00000028     UNINITIALIZED
                  00047000    00000028     F2837xD_GlobalVariableDefs.obj (Emif1RegsFile)

Emif2RegsFile 
*          1    00047800    00000028     UNINITIALIZED
                  00047800    00000028     F2837xD_GlobalVariableDefs.obj (Emif2RegsFile)

CanaRegsFile 
*          1    00048000    00000164     UNINITIALIZED
                  00048000    00000164     F2837xD_GlobalVariableDefs.obj (CanaRegsFile)

CanbRegsFile 
*          1    0004a000    00000164     UNINITIALIZED
                  0004a000    00000164     F2837xD_GlobalVariableDefs.obj (CanbRegsFile)

IpcRegsFile 
*          1    00050000    00000024     UNINITIALIZED
                  00050000    00000024     F2837xD_GlobalVariableDefs.obj (IpcRegsFile)

FlashPumpSemaphoreRegsFile 
*          1    00050024    00000002     UNINITIALIZED
                  00050024    00000002     F2837xD_GlobalVariableDefs.obj (FlashPumpSemaphoreRegsFile)

DevCfgRegsFile 
*          1    0005d000    0000012e     UNINITIALIZED
                  0005d000    0000012e     F2837xD_GlobalVariableDefs.obj (DevCfgRegsFile)

AnalogSubsysRegsFile 
*          1    0005d180    0000003e     UNINITIALIZED
                  0005d180    0000003e     F2837xD_GlobalVariableDefs.obj (AnalogSubsysRegsFile)

ClkCfgRegsFile 
*          1    0005d200    00000032     UNINITIALIZED
                  0005d200    00000032     F2837xD_GlobalVariableDefs.obj (ClkCfgRegsFile)

CpuSysRegsFile 
*          1    0005d300    00000082     UNINITIALIZED
                  0005d300    00000082     F2837xD_GlobalVariableDefs.obj (CpuSysRegsFile)

DcsmZ1RegsFile 
*          1    0005f000    00000022     UNINITIALIZED
                  0005f000    00000022     F2837xD_GlobalVariableDefs.obj (DcsmZ1RegsFile)

DcsmZ2RegsFile 
*          1    0005f040    00000022     UNINITIALIZED
                  0005f040    00000022     F2837xD_GlobalVariableDefs.obj (DcsmZ2RegsFile)

DcsmCommonRegsFile 
*          1    0005f070    00000006     UNINITIALIZED
                  0005f070    00000006     F2837xD_GlobalVariableDefs.obj (DcsmCommonRegsFile)

MemCfgRegsFile 
*          1    0005f400    00000076     UNINITIALIZED
                  0005f400    00000076     F2837xD_GlobalVariableDefs.obj (MemCfgRegsFile)

Emif1ConfigRegsFile 
*          1    0005f480    0000000a     UNINITIALIZED
                  0005f480    0000000a     F2837xD_GlobalVariableDefs.obj (Emif1ConfigRegsFile)

Emif2ConfigRegsFile 
*          1    0005f4a0    0000000a     UNINITIALIZED
                  0005f4a0    0000000a     F2837xD_GlobalVariableDefs.obj (Emif2ConfigRegsFile)

AccessProtectionRegsFile 
*          1    0005f4c0    0000002e     UNINITIALIZED
                  0005f4c0    0000002e     F2837xD_GlobalVariableDefs.obj (AccessProtectionRegsFile)

MemoryErrorRegsFile 
*          1    0005f500    0000003a     UNINITIALIZED
                  0005f500    0000003a     F2837xD_GlobalVariableDefs.obj (MemoryErrorRegsFile)

Flash0CtrlRegsFile 
*          1    0005f800    00000182     UNINITIALIZED
                  0005f800    00000182     F2837xD_GlobalVariableDefs.obj (Flash0CtrlRegsFile)

Flash0EccRegsFile 
*          1    0005fb00    00000028     UNINITIALIZED
                  0005fb00    00000028     F2837xD_GlobalVariableDefs.obj (Flash0EccRegsFile)

RomPrefetchRegsFile 
*          1    0005e608    00000002     UNINITIALIZED
                  0005e608    00000002     F2837xD_GlobalVariableDefs.obj (RomPrefetchRegsFile)

RomWaitStateRegsFile 
*          1    0005f540    00000002     UNINITIALIZED
                  0005f540    00000002     F2837xD_GlobalVariableDefs.obj (RomWaitStateRegsFile)

.pinit     0    00080002    00000000     UNINITIALIZED

.text      0    00088000    00002870     
                  00088000    0000023b     ti.targets.rts2800.a28FP : System.o28FP (.text:_xdc_runtime_System_doPrint__I)
                  0008823b    0000019c     sysbios.a28FP : BIOS.obj (.text:_ti_sysbios_knl_Semaphore_pend__E)
                  000883d7    00000001     LabProject_main.obj (.text:_Menu_swi5)
                  000883d8    0000011d     RFFT_f32.obj (.text)
                  000884f5    00000107     rts2800_fpu32.lib : ll_div28.asm.obj (.text)
                  000885fc    000000ee     ti.targets.rts2800.a28FP : HeapStd.o28FP (.text:_xdc_runtime_HeapStd_alloc__E)
                  000886ea    000000dc     sysbios.a28FP : BIOS.obj (.text:_ti_sysbios_family_c28_Hwi_clearInterrupt__E)
                  000887c6    000000d2     rts2800_fpu32.lib : e_atan2f.c.obj (.text)
                  00088898    000000ca                       : s_atanf.c.obj (.text)
                  00088962    000000c2     Lab2Idle_p28FP.o28FP (.text:_xdc_runtime_System_printfExtend__I)
                  00088a24    000000c0     ti.targets.rts2800.a28FP : LoggerBuf.o28FP (.text:_xdc_runtime_LoggerBuf_write8__E)
                  00088ae4    000000bf     sysbios.a28FP : BIOS.obj (.text:_ti_sysbios_knl_Semaphore_Instance_init__E)
                  00088ba3    000000a0     ti.targets.rts2800.a28FP : Core-mem.o28FP (.text:_xdc_runtime_Core_createObject__I)
                  00088c43    0000009d     sysbios.a28FP : c28_Hwi_disp_asm.obj (.text:_ti_sysbios_family_c28_Hwi_dispatch)
                  00088ce0    0000009c     RFFT_f32_mag.obj (.text)
                  00088d7c    00000095     rts2800_fpu32.lib : trgmsg.c.obj (.text)
                  00088e11    0000008e     sysbios.a28FP : BIOS.obj (.text:_ti_sysbios_family_c28_Hwi_enableInterrupt__E)
                  00088e9f    0000008d     ti.targets.rts2800.a28FP : Core-smem.o28FP (.text:_xdc_runtime_Core_constructObject__I)
                  00088f2c    00000088     rts2800_fpu32.lib : fs_div28.asm.obj (.text)
                  00088fb4    00000083     ti.targets.rts2800.a28FP : HeapStd.o28FP (.text:_xdc_runtime_HeapStd_Instance_init__E)
                  00089037    00000082     sysbios.a28FP : BIOS.obj (.text:_ti_sysbios_knl_Semaphore_post__E)
                  000890b9    00000081                   : BIOS.obj (.text:_ti_sysbios_family_c28_Hwi_disableInterrupt__E)
                  0008913a    00000080                   : BIOS.obj (.text:_ti_sysbios_family_c28_Hwi_disablePIEIER__E)
                  000891ba    0000007f                   : BIOS.obj (.text:_ti_sysbios_family_c28_Hwi_enablePIEIER__E)
                  00089239    0000007a     ti.targets.rts2800.a28FP : LoggerBuf.o28FP (.text:_xdc_runtime_LoggerBuf_write4__E)
                  000892b3    00000075     sysbios.a28FP : BIOS.obj (.text:_ti_sysbios_knl_Task_checkStacks__E)
                  00089328    00000072     ti.targets.rts2800.a28FP : Startup.o28FP (.text:_xdc_runtime_Startup_startMods__I)
                  0008939a    00000071     sysbios.a28FP : BIOS.obj (.text:_ti_sysbios_gates_GateMutex_enter__E)
                  0008940b    0000006b     ti.targets.rts2800.a28FP : HeapStd.o28FP (.text:_xdc_runtime_HeapStd_free__E)
                  00089476    00000069     boot.a28FP : boot_cg.o28FP (.text)
                  000894df    00000066     sysbios.a28FP : BIOS.obj (.text:_ti_sysbios_family_c28_Timer_stopAndClear__I)
                  00089545    00000060     ti.targets.rts2800.a28FP : Error.o28FP (.text:_xdc_runtime_Error_policyDefault__E)
                  000895a5    00000060                              : Text.o28FP (.text:_xdc_runtime_Text_putSite__E)
                  00089605    0000005f     LabProject_main.obj (.text:_main)
                  00089664    0000004c     sysbios.a28FP : BIOS.obj (.text:_ti_sysbios_family_c28_Hwi_dispatchCore__I)
                  000896b0    00000049     Boot.a28FP : Boot.o28FP (.text:.bootCodeSection:_ti_catalog_c2800_initF2837x_Boot_configurePllDivs)
                  000896f9    00000047     sysbios.a28FP : BIOS.obj (.text:_ti_sysbios_family_c28_Hwi_Module_startup__E)
                  00089740    00000047                   : BIOS.obj (.text:_ti_sysbios_knl_Task_postInit__I)
                  00089787    00000044     F28379D_adc.obj (.text:_ADC_init)
                  000897cb    00000044     sysbios.a28FP : BIOS.obj (.text:_ti_sysbios_knl_Clock_workFunc__E)
                  0008980f    00000042                   : BIOS.obj (.text:_ti_sysbios_family_c28_Hwi_unPluggedInterrupt__I)
                  00089851    00000041     ti.targets.rts2800.a28FP : Text.o28FP (.text:_xdc_runtime_Text_putLab__E)
                  00089892    00000040     sysbios.a28FP : BIOS.obj (.text:_ti_sysbios_family_c28_Timer_postInit__I)
                  000898d2    00000040     ti.targets.rts2800.a28FP : Memory.o28FP (.text:_xdc_runtime_Memory_alloc__E)
                  00089912    0000003e     sysbios.a28FP : BIOS.obj (.text:_ti_sysbios_knl_Swi_restoreHwi__E)
                  00089950    0000003e                   : BIOS.obj (.text:_ti_sysbios_knl_Swi_run__I)
                  0008998e    0000003e     ti.targets.rts2800.a28FP : Core-mem.o28FP (.text:_xdc_runtime_Core_deleteObject__I)
                  000899cc    0000003d                              : LoggerBuf.o28FP (.text:_xdc_runtime_LoggerBuf_getFilterLevel__E)
                  00089a09    0000003c                              : LoggerBuf.o28FP (.text:_xdc_runtime_LoggerBuf_setFilterLevel__E)
                  00089a45    00000039     sysbios.a28FP : BIOS.obj (.text:_ti_sysbios_family_c28_TaskSupport_start__E)
                  00089a7e    00000039     rts2800_fpu32.lib : hostwrite.c.obj (.text)
                  00089ab7    00000038     ti.targets.rts2800.a28FP : Text.o28FP (.text:_xdc_runtime_Text_putMod__E)
                  00089aef    00000037     F28379D_pwm.obj (.text:_PWM_init)
                  00089b26    00000035     sysbios.a28FP : BIOS.obj (.text:_ti_sysbios_knl_Task_startCore__E)
                  00089b5b    00000035     ti.targets.rts2800.a28FP : System.o28FP (.text:_xdc_runtime_System_formatNum__I)
                  00089b90    00000032     sysbios.a28FP : BIOS.obj (.text:_ti_sysbios_knl_Task_Module_startup__E)
                  00089bc2    00000031     F28379D_gpio.obj (.text:_GPIO_init)
                  00089bf3    00000031     ti.targets.rts2800.a28FP : Error.o28FP (.text:_xdc_runtime_Error_print__E)
                  00089c24    00000030                              : LoggerBuf.o28FP (.text:_xdc_runtime_LoggerBuf_Instance_init__E)
                  00089c54    0000002f                              : Core-params.o28FP (.text:_xdc_runtime_Core_assignParams__I)
                  00089c83    0000002f                              : Startup.o28FP (.text:_xdc_runtime_Startup_exec__E)
                  00089cb2    0000002e     sysbios.a28FP : BIOS.obj (.text:_ti_sysbios_family_c28_Hwi_getStackInfo__E)
                  00089ce0    0000002e                   : BIOS.obj (.text:_ti_sysbios_knl_Swi_runLoop__I)
                  00089d0e    0000002e                   : BIOS.obj (.text:_ti_sysbios_knl_Swi_schedule__I)
                  00089d3c    0000002e                   : BIOS.obj (.text:_ti_sysbios_knl_Task_schedule__I)
                  00089d6a    0000002d     ti.targets.rts2800.a28FP : Assert.o28FP (.text:_xdc_runtime_Assert_raise__I)
                  00089d97    0000002d                              : Error.o28FP (.text:_xdc_runtime_Error_setX__E)
                  00089dc4    0000002c     sysbios.a28FP : BIOS.obj (.text:_ti_sysbios_family_c28_Timer_start__E)
                  00089df0    0000002c     Lab2Idle_p28FP.o28FP (.text:_xdc_runtime_LoggerBuf_Object__create__S)
                  00089e1c    0000002b     Lab2Idle_p28FP.o28FP (.text:_xdc_runtime_HeapStd_Object__create__S)
                  00089e47    00000029     ti.targets.rts2800.a28FP : Text.o28FP (.text:_xdc_runtime_Text_xprintf__I)
                  00089e70    00000029     rts2800_fpu32.lib : exit.c.obj (.text)
                  00089e99    00000026     ti.targets.rts2800.a28FP : SysMin.o28FP (.text:_xdc_runtime_SysMin_flush__E)
                  00089ebf    00000025     LabProject_main.obj (.text:_adc_hwi)
                  00089ee4    00000025     sysbios.a28FP : c28_TaskSupport_asm.obj (.text:_ti_sysbios_family_c28_TaskSupport_buildTaskStack)
                  00089f09    00000024                   : BIOS.obj (.text:_ti_sysbios_knl_Swi_post__E)
                  00089f2d    00000024     rts2800_fpu32.lib : cpy_tbl.c.obj (.text)
                  00089f51    00000023     RFFT_f32_phase.obj (.text)
                  00089f74    00000023     ti.targets.rts2800.a28FP : System.o28FP (.text:_xdc_runtime_System_processAtExit__E)
                  00089f97    00000021     sysbios.a28FP : BIOS.obj (.text:_ti_sysbios_knl_Task_allBlockedFunction__I)
                  00089fb8    00000020                   : BIOS.obj (.text:_ti_sysbios_family_c28_Timer_setPrescale__E)
                  00089fd8    00000020     ti.targets.rts2800.a28FP : System.o28FP (.text:_xdc_runtime_System_atexit__E)
                  00089ff8    0000001f     sysbios.a28FP : BIOS.obj (.text:_ti_sysbios_knl_Task_exit__E)
                  0008a017    0000001f     Lab2Idle_p28FP.o28FP (.text:_xdc_runtime_Error_policyLog__I)
                  0008a036    0000001f     ti.targets.rts2800.a28FP : LoggerBuf.o28FP (.text:_xdc_runtime_LoggerBuf_filterOutEvent__I)
                  0008a055    0000001e     sysbios.a28FP : BIOS.obj (.text:_ti_sysbios_knl_Task_blockI__E)
                  0008a073    0000001d     LabProject_main.obj (.text:_myTickFxn)
                  0008a090    0000001d     sysbios.a28FP : c28_TaskSupport_asm.obj (.text:_ti_sysbios_family_c28_TaskSupport_swap__E)
                  0008a0ad    0000001d     Lab2Idle_p28FP.o28FP (.text:_ti_sysbios_gates_GateHwi_Object__create__S)
                  0008a0ca    0000001d     Lab2Idle_p28FP.o28FP (.text:_ti_sysbios_gates_GateMutex_Object__create__S)
                  0008a0e7    0000001d     Lab2Idle_p28FP.o28FP (.text:_ti_sysbios_knl_Semaphore_construct)
                  0008a104    0000001d     ti.targets.rts2800.a28FP : SysMin.o28FP (.text:_xdc_runtime_SysMin_putch__E)
                  0008a121    0000001d     rts2800_fpu32.lib : memcpy.c.obj (.text)
                  0008a13e    0000001c     sysbios.a28FP : BIOS.obj (.text:_ti_sysbios_hal_Hwi_checkStack)
                  0008a15a    0000001c     Lab2Idle_p28FP.o28FP (.text:_xdc_runtime_SysMin_output__I)
                  0008a176    0000001b     sysbios.a28FP : c28_Hwi_asm.obj (.text:_ti_sysbios_family_c28_Hwi_switchAndDispatch__I)
                  0008a191    0000001b                   : BIOS.obj (.text:_ti_sysbios_hal_Hwi_initStack)
                  0008a1ac    0000001b                   : BIOS.obj (.text:_ti_sysbios_knl_Task_processVitalTaskFlag__I)
                  0008a1c7    0000001a     ti.targets.rts2800.a28FP : System.o28FP (.text:_xdc_runtime_System_avprintf__E)
                  0008a1e1    00000019     Lab2Idle_p28FP.o28FP (.text:_ti_sysbios_knl_Queue_construct)
                  0008a1fa    00000019     sysbios.a28FP : BIOS.obj (.text:_ti_sysbios_knl_Swi_restore__E)
                  0008a213    00000019     ti.targets.rts2800.a28FP : System.o28FP (.text:_xdc_runtime_System_vprintf__E)
                  0008a22c    00000018     sysbios.a28FP : c28_Hwi_asm.obj (.text:_ti_sysbios_family_xxx_Hwi_switchAndRunFunc)
                  0008a244    00000018     ti.targets.rts2800.a28FP : LoggerBuf.o28FP (.text:_xdc_runtime_LoggerBuf_reset__E)
                  0008a25c    00000018                              : System.o28FP (.text:_xdc_runtime_System_putchar__I)
                  0008a274    00000017     sysbios.a28FP : BIOS.obj (.text:_ti_sysbios_family_c28_Timer_startup__E)
                  0008a28b    00000017     Lab2Idle_p28FP.o28FP (.text:_ti_sysbios_knl_Clock_doTick__I)
                  0008a2a2    00000017     sysbios.a28FP : BIOS.obj (.text:_ti_sysbios_knl_Semaphore_pendTimeout__I)
                  0008a2b9    00000017                   : BIOS.obj (.text:_ti_sysbios_knl_Task_restore__E)
                  0008a2d0    00000017                   : BIOS.obj (.text:_ti_sysbios_knl_Task_unblockI__E)
                  0008a2e7    00000017     ti.targets.rts2800.a28FP : LoggerBuf.o28FP (.text:_xdc_runtime_LoggerBuf_Module_startup__E)
                  0008a2fe    00000017                              : Memory.o28FP (.text:_xdc_runtime_Memory_valloc__E)
                  0008a315    00000017                              : SysMin.o28FP (.text:_xdc_runtime_SysMin_abort__E)
                  0008a32c    00000016     Lab2Idle_p28FP.o28FP (.text:_ti_sysbios_BIOS_atExitFunc__I)
                  0008a342    00000016     sysbios.a28FP : BIOS.obj (.text:_ti_sysbios_family_c28_Timer_Module_startup__E)
                  0008a358    00000016     ti.targets.rts2800.a28FP : Text.o28FP (.text:_xdc_runtime_Text_printVisFxn__I)
                  0008a36e    00000015     Lab2Idle_p28FP.o28FP (.text:_ti_sysbios_BIOS_startFunc__I)
                  0008a383    00000015     sysbios.a28FP : BIOS.obj (.text:_ti_sysbios_knl_Swi_Module_startup__E)
                  0008a398    00000014                   : BIOS.obj (.text:_ti_sysbios_knl_Idle_run__E)
                  0008a3ac    00000013     Lab2Idle_p28FP.o28FP (.text:_ti_sysbios_gates_GateMutex_Object__delete__S)
                  0008a3bf    00000013     sysbios.a28FP : BIOS.obj (.text:_ti_sysbios_knl_Clock_Module_startup__E)
                  0008a3d2    00000013     ti.targets.rts2800.a28FP : Error.o28FP (.text:_xdc_runtime_Error_raiseX__E)
                  0008a3e5    00000012     LabProject_main.obj (.text:_button_press)
                  0008a3f7    00000012     Lab2Idle_p28FP.o28FP (.text:_ti_sysbios_gates_GateHwi_Object__delete__S)
                  0008a409    00000012     Lab2Idle_p28FP.o28FP (.text:_xdc_runtime_LoggerBuf_Object__delete__S)
                  0008a41b    00000012     rts2800_fpu32.lib : args_main.c.obj (.text)
                  0008a42d    00000011     LabProject_main.obj (.text:_myIdleFxn2)
                  0008a43e    00000011     Lab2Idle_p28FP.o28FP (.text:_ti_sysbios_BIOS_errorRaiseHook__I)
                  0008a44f    00000011     sysbios.a28FP : BIOS.obj (.text:_ti_sysbios_knl_Task_restoreHwi__E)
                  0008a460    00000011     Lab2Idle_p28FP.o28FP (.text:_xdc_runtime_HeapStd_Object__delete__S)
                  0008a471    00000010     DelayUs.obj (.text)
                  0008a481    00000010     sysbios.a28FP : BIOS.obj (.text:_ti_sysbios_family_c28_Timer_stop__E)
                  0008a491    00000010     ti.targets.rts2800.a28FP : SysMin.o28FP (.text:_xdc_runtime_SysMin_Module_startup__E)
                  0008a4a1    0000000f     Lab2Idle_p28FP.o28FP (.text:_ti_sysbios_BIOS_removeRTSLock__I)
                  0008a4b0    0000000f     sysbios.a28FP : BIOS.obj (.text:_ti_sysbios_gates_GateMutex_Instance_init__E)
                  0008a4bf    0000000f     ti.targets.rts2800.a28FP : LoggerBuf.o28FP (.text:_xdc_runtime_LoggerBuf_write2__E)
                  0008a4ce    0000000f                              : Registry.o28FP (.text:_xdc_runtime_Registry_findById__E)
                  0008a4dd    0000000e     sysbios.a28FP : BIOS.obj (.text:_ti_sysbios_family_c28_f2837x_TimestampProvider_get64__E)
                  0008a4eb    0000000e     Lab2Idle_p28FP.o28FP (.text:_ti_sysbios_knl_Semaphore_destruct)
                  0008a4f9    0000000e     Lab2Idle_p28FP.o28FP (.text:_ti_sysbios_knl_Swi_Object__get__S)
                  0008a507    0000000e     Lab2Idle_p28FP.o28FP (.text:_ti_sysbios_knl_Task_Object__get__S)
                  0008a515    0000000e     Lab2Idle_p28FP.o28FP (.text:_xdc_runtime_LoggerBuf_Object__get__S)
                  0008a523    0000000d     LabProject_main.obj (.text:_Testing)
                  0008a530    0000000d     Lab2Idle_p28FP.o28FP (.text:_ti_sysbios_BIOS_registerRTSLock__I)
                  0008a53d    0000000d     Lab2Idle_p28FP.o28FP (.text:_ti_sysbios_BIOS_rtsLock__I)
                  0008a54a    0000000d     sysbios.a28FP : BIOS.obj (.text:_ti_sysbios_family_c28_Hwi_dispatchC__I)
                  0008a557    0000000d                   : BIOS.obj (.text:_ti_sysbios_knl_Clock_enqueueI__E)
                  0008a564    0000000d     Lab2Idle_p28FP.o28FP (.text:_ti_sysbios_knl_Queue_destruct)
                  0008a571    0000000d     sysbios.a28FP : BIOS.obj (.text:_ti_sysbios_knl_Task_enter__I)
                  0008a57e    0000000d     ti.targets.rts2800.a28FP : Error.o28FP (.text:_xdc_runtime_Error_check__E)
                  0008a58b    0000000d                              : LoggerBuf.o28FP (.text:_xdc_runtime_LoggerBuf_write0__E)
                  0008a598    0000000d                              : LoggerBuf.o28FP (.text:_xdc_runtime_LoggerBuf_write1__E)
                  0008a5a5    0000000d                              : System.o28FP (.text:_xdc_runtime_System_abort__E)
                  0008a5b2    0000000c     Lab2Idle_p28FP.o28FP (.text:_ti_sysbios_BIOS_exitFunc__I)
                  0008a5be    0000000c     Lab2Idle_p28FP.o28FP (.text:_ti_sysbios_family_c28_Hwi_disableIER__E)
                  0008a5ca    0000000c     sysbios.a28FP : BIOS.obj (.text:_ti_sysbios_gates_GateMutex_leave__E)
                  0008a5d6    0000000c                   : BIOS.obj (.text:_ti_sysbios_knl_Queue_put__E)
                  0008a5e2    0000000c                   : BIOS.obj (.text:_ti_sysbios_knl_Task_enabled__E)
                  0008a5ee    0000000c     ti.targets.rts2800.a28FP : SysMin.o28FP (.text:_xdc_runtime_SysMin_exit__E)
                  0008a5fa    0000000b     LabProject_DevInit.obj (.text:_DeviceInit)
                  0008a605    0000000b     LabProject_main.obj (.text:_myIdleFxn)
                  0008a610    0000000b     Lab2Idle_p28FP.o28FP (.text:_ti_sysbios_family_c28_Hwi_Module__startupDone__F)
                  0008a61b    0000000b     Lab2Idle_p28FP.o28FP (.text:_ti_sysbios_family_c28_Hwi_Object__get__S)
                  0008a626    0000000b     Lab2Idle_p28FP.o28FP (.text:_ti_sysbios_family_c28_Hwi_enableIER__E)
                  0008a631    0000000b     Lab2Idle_p28FP.o28FP (.text:_ti_sysbios_family_c28_Timer_Module__startupDone__F)
                  0008a63c    0000000b     Lab2Idle_p28FP.o28FP (.text:_ti_sysbios_knl_Queue_Object__get__S)
                  0008a647    0000000b     Lab2Idle_p28FP.o28FP (.text:_ti_sysbios_knl_Task_SupportProxy_start__E)
                  0008a652    0000000b     ti.targets.rts2800.a28FP : LoggerBuf.o28FP (.text:_xdc_runtime_LoggerBuf_Instance_finalize__E)
                  0008a65d    0000000b                              : System.o28FP (.text:_xdc_runtime_System_exit__E)
                  0008a668    0000000b     rts2800_fpu32.lib : u_div28.asm.obj (.text)
                  0008a673    0000000a     Lab2Idle_p28FP.o28FP (.text:.bootCodeSection:_ti_catalog_c2800_initF2837x_Boot_init)
                  0008a67d    0000000a     ti.targets.rts2800.a28FP : Error.o28FP (.text:_xdc_runtime_Error_init__E)
                  0008a687    0000000a                              : Memory.o28FP (.text:_xdc_runtime_Memory_free__E)
                  0008a691    0000000a                              : System.o28FP (.text:_xdc_runtime_System_vsnprintf__E)
                  0008a69b    0000000a                              : Text.o28FP (.text:_xdc_runtime_Text_ropeText__E)
                  0008a6a5    00000009     LabProject_main.obj (.text:_Print_tsk8)
                  0008a6ae    00000009     LabProject_main.obj (.text:_Start_sampling_tsk4)
                  0008a6b7    00000009     LabProject_main.obj (.text:_print_message_tsk7)
                  0008a6c0    00000009     LabProject_main.obj (.text:_pwm_tsk10)
                  0008a6c9    00000009     Lab2Idle_p28FP.o28FP (.text:_ti_sysbios_BIOS_rtsUnlock__I)
                  0008a6d2    00000009     Lab2Idle_p28FP.o28FP (.text:_ti_sysbios_family_c28_Hwi_restoreIER__E)
                  0008a6db    00000009     sysbios.a28FP : BIOS.obj (.text:_ti_sysbios_family_c28_TaskSupport_checkStack__E)
                  0008a6e4    00000009                   : c28_TaskSupport_asm.obj (.text:_ti_sysbios_family_c28_TaskSupport_glue)
                  0008a6ed    00000009     Lab2Idle_p28FP.o28FP (.text:_ti_sysbios_gates_GateHwi_Handle__label__S)
                  0008a6f6    00000009     Lab2Idle_p28FP.o28FP (.text:_ti_sysbios_gates_GateMutex_Handle__label__S)
                  0008a6ff    00000009     sysbios.a28FP : BIOS.obj (.text:_ti_sysbios_hal_Hwi_Module_startup__E)
                  0008a708    00000009                   : BIOS.obj (.text:_ti_sysbios_hal_Timer_Module_startup__E)
                  0008a711    00000009                   : BIOS.obj (.text:_ti_sysbios_knl_Task_unblock__E)
                  0008a71a    00000009     LabProject_main.obj (.text:_wait_tsk9)
                  0008a723    00000009     Lab2Idle_p28FP.o28FP (.text:_xdc_runtime_HeapStd_Handle__label__S)
                  0008a72c    00000009     Lab2Idle_p28FP.o28FP (.text:_xdc_runtime_LoggerBuf_Handle__label__S)
                  0008a735    00000009     Lab2Idle_p28FP.o28FP (.text:_xdc_runtime_Startup_exec__I)
                  0008a73e    00000009     rts2800_fpu32.lib : _lock.c.obj (.text)
                  0008a747    00000008     Boot.a28FP : Boot.o28FP (.text:.bootCodeSection:_ti_catalog_c2800_initF2837x_Boot_initSharedRAMs)
                  0008a74f    00000008     sysbios.a28FP : BIOS.obj (.text:_ti_sysbios_BIOS_setThreadType__E)
                  0008a757    00000008                   : BIOS.obj (.text:_ti_sysbios_gates_GateMutex_Instance_finalize__E)
                  0008a75f    00000008                   : BIOS.obj (.text:_ti_sysbios_gates_GateMutex_query__E)
                  0008a767    00000008                   : BIOS.obj (.text:_ti_sysbios_knl_Semaphore_Instance_finalize__E)
                  0008a76f    00000008     Lab2Idle_p28FP.o28FP (.text:_xdc_runtime_IHeap_alloc)
                  0008a777    00000008     ti.targets.rts2800.a28FP : Memory.o28FP (.text:_xdc_runtime_Memory_calloc__E)
                  0008a77f    00000008                              : SysMin.o28FP (.text:_xdc_runtime_SysMin_ready__E)
                  0008a787    00000008     rts2800_fpu32.lib : strlen.c.obj (.text)
                  0008a78f    00000007     Lab2Idle_p28FP.o28FP (.text:.bootCodeSection:_ti_catalog_c2800_initF2837x_Boot_initStartup)
                  0008a796    00000007     sysbios.a28FP : BIOS.obj (.text:_ti_sysbios_knl_Queue_empty__E)
                  0008a79d    00000007     ti.targets.rts2800.a28FP : HeapStd.o28FP (.text:_xdc_runtime_HeapStd_getStats__E)
                  0008a7a4    00000007     Lab2Idle_p28FP.o28FP (.text:_xdc_runtime_System_aprintf__E)
                  0008a7ab    00000007     Lab2Idle_p28FP.o28FP (.text:_xdc_runtime_System_printf__E)
                  0008a7b2    00000007     rts2800_fpu32.lib : memset.c.obj (.text)
                  0008a7b9    00000006     sysbios.a28FP : BIOS.obj (.text:_ti_sysbios_BIOS_start__E)
                  0008a7bf    00000006                   : c28_IntrinsicsSupport_asm.obj (.text:_ti_sysbios_family_c28_IntrinsicsSupport_maxbit__E)
                  0008a7c5    00000006                   : BIOS.obj (.text:_ti_sysbios_knl_Swi_disable__E)
                  0008a7cb    00000006                   : BIOS.obj (.text:_ti_sysbios_knl_Task_disable__E)
                  0008a7d1    00000006     ti.targets.rts2800.a28FP : Gate.o28FP (.text:_xdc_runtime_Gate_enterSystem__E)
                  0008a7d7    00000006                              : Gate.o28FP (.text:_xdc_runtime_Gate_leaveSystem__E)
                  0008a7dd    00000006                              : LoggerBuf.o28FP (.text:_xdc_runtime_LoggerBuf_enable__E)
                  0008a7e3    00000005     sysbios.a28FP : BIOS.obj (.text:_ti_sysbios_family_c28_Hwi_switchFromBootStack__E)
                  0008a7e8    00000005                   : BIOS.obj (.text:_ti_sysbios_gates_GateHwi_enter__E)
                  0008a7ed    00000005     ti.targets.rts2800.a28FP : LoggerBuf.o28FP (.text:_xdc_runtime_LoggerBuf_disable__E)
                  0008a7f2    00000004     Lab2Idle_p28FP.o28FP (.text:_ti_sysbios_family_c28_Hwi_startup__E)
                  0008a7f6    00000004     sysbios.a28FP : BIOS.obj (.text:_ti_sysbios_knl_Swi_startup__E)
                  0008a7fa    00000004     Lab2Idle_p28FP.o28FP (.text:_xdc_runtime_IHeap_free)
                  0008a7fe    00000004     ti.targets.rts2800.a28FP : Memory.o28FP (.text:_xdc_runtime_Memory_getMaxDefaultTypeAlign__E)
                  0008a802    00000004                              : Startup.o28FP (.text:_xdc_runtime_Startup_rtsDone__E)
                  0008a806    00000003     Lab2Idle_p28FP.o28FP (.text:.bootCodeSection:_ti_catalog_c2800_initF2837x_Boot_limpAbort)
                  0008a809    00000003     ti.targets.rts2800.a28FP : xdc_noinit.o28FP (.text:___xdc__init)
                  0008a80c    00000003     Lab2Idle_p28FP.o28FP (.text:_ti_sysbios_BIOS_RtsGateProxy_enter__E)
                  0008a80f    00000003     Lab2Idle_p28FP.o28FP (.text:_ti_sysbios_BIOS_RtsGateProxy_leave__E)
                  0008a812    00000003     sysbios.a28FP : BIOS.obj (.text:_ti_sysbios_gates_GateHwi_leave__E)
                  0008a815    00000003     Lab2Idle_p28FP.o28FP (.text:_ti_sysbios_hal_Hwi_HwiProxy_getStackInfo__E)
                  0008a818    00000003     Lab2Idle_p28FP.o28FP (.text:_ti_sysbios_hal_Hwi_HwiProxy_switchFromBootStack__E)
                  0008a81b    00000003     sysbios.a28FP : BIOS.obj (.text:_ti_sysbios_hal_Hwi_startup__E)
                  0008a81e    00000003     Lab2Idle_p28FP.o28FP (.text:_ti_sysbios_knl_Clock_TimerProxy_getMaxTicks__E)
                  0008a821    00000003     sysbios.a28FP : BIOS.obj (.text:_ti_sysbios_knl_Idle_loop__E)
                  0008a824    00000003                   : BIOS.obj (.text:_ti_sysbios_knl_Queue_Instance_init__E)
                  0008a827    00000003     Lab2Idle_p28FP.o28FP (.text:_ti_sysbios_knl_Task_SupportProxy_checkStack__E)
                  0008a82a    00000003     Lab2Idle_p28FP.o28FP (.text:_ti_sysbios_knl_Task_SupportProxy_swap__E)
                  0008a82d    00000003     sysbios.a28FP : BIOS.obj (.text:_ti_sysbios_knl_Task_startup__E)
                  0008a830    00000003     Lab2Idle_p28FP.o28FP (.text:_xdc_runtime_LoggerBuf_Module_GateProxy_enter__E)
                  0008a833    00000003     Lab2Idle_p28FP.o28FP (.text:_xdc_runtime_LoggerBuf_Module_GateProxy_leave__E)
                  0008a836    00000003     Lab2Idle_p28FP.o28FP (.text:_xdc_runtime_LoggerBuf_TimestampProxy_get64__E)
                  0008a839    00000003     Lab2Idle_p28FP.o28FP (.text:_xdc_runtime_System_Module_GateProxy_enter__E)
                  0008a83c    00000003     Lab2Idle_p28FP.o28FP (.text:_xdc_runtime_System_Module_GateProxy_leave__E)
                  0008a83f    00000003     ti.targets.rts2800.a28FP : System.o28FP (.text:_xdc_runtime_System_Module_startup__E)
                  0008a842    00000003     Lab2Idle_p28FP.o28FP (.text:_xdc_runtime_System_SupportProxy_abort__E)
                  0008a845    00000003     Lab2Idle_p28FP.o28FP (.text:_xdc_runtime_System_SupportProxy_exit__E)
                  0008a848    00000003     Lab2Idle_p28FP.o28FP (.text:_xdc_runtime_System_SupportProxy_putch__E)
                  0008a84b    00000003     Lab2Idle_p28FP.o28FP (.text:_xdc_runtime_System_SupportProxy_ready__E)
                  0008a84e    00000003     ti.targets.rts2800.a28FP : System.o28FP (.text:_xdc_runtime_System_abortStd__E)
                  0008a851    00000003                              : System.o28FP (.text:_xdc_runtime_System_exitStd__E)
                  0008a854    00000003     Lab2Idle_p28FP.o28FP (.text:_xdc_runtime_Text_visitRope__I)
                  0008a857    00000002     Lab2Idle_p28FP.o28FP (.text:_malloc)
                  0008a859    00000002     Lab2Idle_p28FP.o28FP (.text:_ti_sysbios_family_c28_TaskSupport_Module__startupDone__S)
                  0008a85b    00000002     sysbios.a28FP : BIOS.obj (.text:_ti_sysbios_family_c28_Timer_getMaxTicks__E)
                  0008a85d    00000002                   : BIOS.obj (.text:_ti_sysbios_gates_GateHwi_query__E)
                  0008a85f    00000002     ti.targets.rts2800.a28FP : Error.o28FP (.text:_xdc_runtime_Error_getSite__E)
                  0008a861    00000002                              : HeapStd.o28FP (.text:_xdc_runtime_HeapStd_isBlocking__E)
                  0008a863    00000002     rts2800_fpu32.lib : pre_init.c.obj (.text)
                  0008a865    00000001     LabProject_main.obj (.text:_PvP_swi7)
                  0008a866    00000001     LabProject_main.obj (.text:_Record_swi6)
                  0008a867    00000001     LabProject_main.obj (.text:_calc_FFT_swi4)
                  0008a868    00000001     Lab2Idle_p28FP.o28FP (.text:_free)
                  0008a869    00000001     Boot.a28FP : Boot.o28FP (.text:_ti_catalog_c2800_initF2837x_Boot_defaultLimpAbortFunction)
                  0008a86a    00000001     sysbios.a28FP : BIOS.obj (.text:_ti_sysbios_BIOS_linkedWithIncorrectBootLibrary__E)
                  0008a86b    00000001     Lab2Idle_p28FP.o28FP (.text:_ti_sysbios_BIOS_nullFunc__I)
                  0008a86c    00000001     sysbios.a28FP : c28_Hwi_asm.obj (.text:_ti_sysbios_family_c28_Hwi_interruptReturn__I)
                  0008a86d    00000001                   : BIOS.obj (.text:_ti_sysbios_gates_GateHwi_Instance_init__E)
                  0008a86e    00000001                   : BIOS.obj (.text:_ti_sysbios_knl_Clock_logTick__E)
                  0008a86f    00000001     rts2800_fpu32.lib : startup.c.obj (.text)

ramfuncs   1    00008000    00000000     UNINITIALIZED

.stack     1    00000122    00000100     UNINITIALIZED
                  00000122    00000100     --HOLE--

.ebss      1    00008000    00000d80     UNINITIALIZED
                  00008000    00000700     Lab2Idle_p28FP.o28FP (.ebss:taskStackSection)
                  00008700    000001c0     Lab2Idle_p28FP.o28FP (.ebss:_ti_sysbios_family_c28_Hwi_Module_State_0_dispatchTable__A)
                  000088c0    00000126     Lab2Idle_p28FP.o28FP (.ebss:_ti_sysbios_knl_Task_Object__table__V)
                  000089e6    00000012     Lab2Idle_p28FP.o28FP (.ebss:_xdc_runtime_LoggerBuf_Object__table__V)
                  000089f8    00000008     rts2800_fpu32.lib : hostopen.c.obj (.ebss:_parmbuf)
                  00008a00    00000100     Lab2Idle_p28FP.o28FP (.ebss:_xdc_runtime_SysMin_Module_State_0_outbuf__A)
                  00008b00    00000064     Lab2Idle_p28FP.o28FP (.ebss:_ti_sysbios_knl_Swi_Object__table__V)
                  00008b64    0000001c     LabProject_main.obj (.ebss)
                  00008b80    00000050     Lab2Idle_p28FP.o28FP (.ebss)
                  00008bd0    00000030     Lab2Idle_p28FP.o28FP (.ebss:_ti_sysbios_family_c28_Timer_Object__table__V)
                  00008c00    00000046     Lab2Idle_p28FP.o28FP (.ebss:_ti_sysbios_knl_Semaphore_Object__table__V)
                  00008c46    0000000e     Lab2Idle_p28FP.o28FP (.ebss:_ti_sysbios_gates_GateMutex_Object__table__V)
                  00008c54    00000008     Lab2Idle_p28FP.o28FP (.ebss:_xdc_runtime_System_Module_State_0_atexitHandlers__A)
                  00008c5c    00000006     Lab2Idle_p28FP.o28FP (.ebss:_xdc_runtime_HeapStd_Object__table__V)
                  00008c62    00000006     rts2800_fpu32.lib : exit.c.obj (.ebss)
                  00008c68    00000002                       : _lock.c.obj (.ebss:__lock)
                  00008c6a    00000002                       : _lock.c.obj (.ebss:__unlock)
                  00008c6c    00000002     Lab2Idle_p28FP.o28FP (.ebss:_ti_sysbios_gates_GateHwi_Object__table__V)
                  00008c6e    00000002     Lab2Idle_p28FP.o28FP (.ebss:_ti_sysbios_knl_Task_Module_State_0_idleTask__A)
                  00008c70    00000010     --HOLE--
                  00008c80    00000040     Lab2Idle_p28FP.o28FP (.ebss:_ti_sysbios_family_c28_Hwi_Object__table__V)
                  00008cc0    00000040     Lab2Idle_p28FP.o28FP (.ebss:_ti_sysbios_knl_Swi_Module_State_0_readyQ__A)
                  00008d00    00000040     Lab2Idle_p28FP.o28FP (.ebss:_ti_sysbios_knl_Task_Module_State_0_readyQ__A)
                  00008d40    00000040     Lab2Idle_p28FP.o28FP (.ebss:_xdc_runtime_LoggerBuf_Instance_State_0_entryArr__A)

.data      1    00000222    00000088     UNINITIALIZED
                  00000222    00000016     Lab2Idle_p28FP.o28FP (.data:ti_sysbios_knl_Clock_Module__state__V)
                  00000238    00000008     Lab2Idle_p28FP.o28FP (.data:ti_sysbios_family_c28_Timer_Module__state__V)
                  00000240    00000020     Lab2Idle_p28FP.o28FP (.data:ti_sysbios_knl_Task_Module__state__V)
                  00000260    00000012     Lab2Idle_p28FP.o28FP (.data:ti_sysbios_BIOS_Module__state__V)
                  00000272    0000000c     Lab2Idle_p28FP.o28FP (.data:ti_sysbios_knl_Swi_Module__state__V)
                  0000027e    00000002     Lab2Idle_p28FP.o28FP (.data:xdc_runtime_HeapStd_Module__state__V)
                  00000280    00000010     Lab2Idle_p28FP.o28FP (.data:ti_sysbios_family_c28_Hwi_Module__state__V)
                  00000290    00000004     Lab2Idle_p28FP.o28FP (.data:xdc_runtime_Registry_Module__state__V)
[...]
0     0008a7e3  _ti_sysbios_family_c28_Hwi_switchFromBootStack__E         
0     0008a7e8  _ti_sysbios_gates_GateHwi_enter__E                        
0     0008a7ed  _xdc_runtime_LoggerBuf_disable__E                         
0     0008a7f2  _ti_sysbios_family_c28_Hwi_startup__E                     
0     0008a7f2  _ti_sysbios_hal_Hwi_HwiProxy_startup__E                   
0     0008a7f6  _ti_sysbios_knl_Swi_startup__E                            
0     0008a7fa  _xdc_runtime_Memory_HeapProxy_free__E                     
0     0008a7fe  _xdc_runtime_Memory_getMaxDefaultTypeAlign__E             
0     0008a802  _xdc_runtime_Startup_rtsDone__E                           
0     0008a806  _ti_catalog_c2800_initF2837x_Boot_limpAbort               
0     0008a809  ___xdc__init                                              
0     0008a80c  _ti_sysbios_BIOS_RtsGateProxy_enter__E                    
0     0008a80f  _ti_sysbios_BIOS_RtsGateProxy_leave__E                    
0     0008a812  _ti_sysbios_gates_GateHwi_leave__E                        
0     0008a815  _ti_sysbios_hal_Hwi_HwiProxy_getStackInfo__E              
0     0008a818  _ti_sysbios_hal_Hwi_HwiProxy_switchFromBootStack__E       
0     0008a81b  _ti_sysbios_hal_Hwi_startup__E                            
0     0008a81e  _ti_sysbios_knl_Clock_TimerProxy_getMaxTicks__E           
0     0008a821  _ti_sysbios_knl_Idle_loop__E                              
0     0008a824  _ti_sysbios_knl_Queue_Instance_init__E                    
0     0008a827  _ti_sysbios_knl_Task_SupportProxy_checkStack__E           
0     0008a82a  _ti_sysbios_knl_Task_SupportProxy_swap__E                 
0     0008a82d  _ti_sysbios_knl_Task_startup__E                           
0     0008a830  _xdc_runtime_LoggerBuf_Module_GateProxy_enter__E          
0     0008a833  _xdc_runtime_LoggerBuf_Module_GateProxy_leave__E          
0     0008a836  _xdc_runtime_LoggerBuf_TimestampProxy_get64__E            
0     0008a839  _xdc_runtime_System_Module_GateProxy_enter__E             
0     0008a83c  _xdc_runtime_System_Module_GateProxy_leave__E             
0     0008a83f  _xdc_runtime_System_Module_startup__E                     
0     0008a842  _xdc_runtime_System_SupportProxy_abort__E                 
0     0008a845  _xdc_runtime_System_SupportProxy_exit__E                  
0     0008a848  _xdc_runtime_System_SupportProxy_putch__E                 
0     0008a84b  _xdc_runtime_System_SupportProxy_ready__E                 
0     0008a84e  _xdc_runtime_System_abortStd__E                           
0     0008a851  _xdc_runtime_System_exitStd__E                            
0     0008a854  _xdc_runtime_Text_visitRope__I                            
0     0008a857  _malloc                                                   
0     0008a859  _ti_sysbios_family_c28_TaskSupport_Module__startupDone__S 
0     0008a859  _ti_sysbios_knl_Task_SupportProxy_Module__startupDone__S  
0     0008a85b  _ti_sysbios_family_c28_Timer_getMaxTicks__E               
0     0008a85d  _ti_sysbios_gates_GateHwi_query__E                        
0     0008a85f  _xdc_runtime_Error_getSite__E                             
0     0008a861  _xdc_runtime_HeapStd_isBlocking__E                        
0     0008a863  __system_pre_init                                         
0     0008a865  _PvP_swi7                                                 
0     0008a866  _Record_swi6                                              
0     0008a867  _calc_FFT_swi4                                            
0     0008a868  _free                                                     
0     0008a869  _ti_catalog_c2800_initF2837x_Boot_defaultLimpAbortFunction
0     0008a86a  _ti_sysbios_BIOS_linkedWithIncorrectBootLibrary__E        
0     0008a86b  _ti_sysbios_BIOS_nullFunc__I                              
0     0008a86c  _ti_sysbios_family_c28_Hwi_interruptReturn__I             
0     0008a86d  _ti_sysbios_gates_GateHwi_Instance_init__E                
0     0008a86e  _ti_sysbios_knl_Clock_logTick__E                          
0     0008a86f  __system_post_cinit                                       
0     0008a870  ___etext__                                                
0     0008a870  etext                                                     
1     00000122  __stack                                                   
1     00000222  .data                                                     
1     00000222  __STACK_END                                               
1     00000222  ___data__                                                 
1     00000222  _ti_sysbios_knl_Clock_Module__state__V                    
1     00000238  _ti_sysbios_family_c28_Timer_Module__state__V             
1     00000240  _ti_sysbios_knl_Task_Module__state__V                     
1     00000260  _ti_sysbios_BIOS_Module__state__V                         
1     00000272  _ti_sysbios_knl_Swi_Module__state__V                      
1     0000027e  _xdc_runtime_HeapStd_Module__state__V                     
1     00000280  _ti_sysbios_family_c28_Hwi_Module__state__V               
1     00000290  _xdc_runtime_Registry_Module__state__V                    
1     00000294  _xdc_runtime_Startup_Module__state__V                     
1     00000298  _xdc_runtime_SysMin_Module__state__V                      
1     0000029c  _xdc_runtime_System_Module__state__V                      
1     000002a0  _xdc_runtime_Text_Module__state__V                        
1     000002a4  _xdc_runtime_LoggerBuf_Module__state__V                   
1     000002a7  _xdc_runtime_Error_Module__state__V                       
1     000002a8  _xdc_runtime_Memory_Module__state__V                      
1     000002aa  ___edata__                                                
1     000002aa  edata                                                     
1     00000b00  _AdcaResultRegs                                           
1     00000b20  _AdcbResultRegs                                           
1     00000b40  _AdccResultRegs                                           
1     00000b60  _AdcdResultRegs                                           
1     00000c00  _CpuTimer0Regs                                            
1     00000c08  _CpuTimer1Regs                                            
1     00000c10  _CpuTimer2Regs                                            
1     00000ce0  _PieCtrlRegs                                              
1     00001000  _DmaRegs                                                  
1     00001400  _Cla1Regs                                                 
1     00003000  _Clb1LogicCfgRegs                                         
1     00003100  _Clb1LogicCtrlRegs                                        
1     00003200  _Clb1DataExchRegs                                         
1     00003400  _Clb2LogicCfgRegs                                         
1     00003500  _Clb2LogicCtrlRegs                                        
1     00003600  _Clb2DataExchRegs                                         
1     00003800  _Clb3LogicCfgRegs                                         
1     00003900  _Clb3LogicCtrlRegs                                        
1     00003a00  _Clb3DataExchRegs                                         
1     00003c00  _Clb4LogicCfgRegs                                         
1     00003d00  _Clb4LogicCtrlRegs                                        
1     00003e00  _Clb4DataExchRegs                                         
1     00004000  _EPwm1Regs                                                
1     00004100  _EPwm2Regs                                                
1     00004200  _EPwm3Regs                                                
1     00004300  _EPwm4Regs                                                
1     00004400  _EPwm5Regs                                                
1     00004500  _EPwm6Regs                                                
1     00004600  _EPwm7Regs                                                
1     00004700  _EPwm8Regs                                                
1     00004800  _EPwm9Regs                                                
1     00004900  _EPwm10Regs                                               
1     00004a00  _EPwm11Regs                                               
1     00004b00  _EPwm12Regs                                               
1     00005000  _ECap1Regs                                                
1     00005020  _ECap2Regs                                                
1     00005040  _ECap3Regs                                                
1     00005060  _ECap4Regs                                                
1     00005080  _ECap5Regs                                                
1     000050a0  _ECap6Regs                                                
1     00005100  _EQep1Regs                                                
1     00005140  _EQep2Regs                                                
1     00005180  _EQep3Regs                                                
1     00005c00  _DacaRegs                                                 
1     00005c10  _DacbRegs                                                 
1     00005c20  _DaccRegs                                                 
1     00005c80  _Cmpss1Regs                                               
1     00005ca0  _Cmpss2Regs                                               
1     00005cc0  _Cmpss3Regs                                               
1     00005ce0  _Cmpss4Regs                                               
1     00005d00  _Cmpss5Regs                                               
1     00005d20  _Cmpss6Regs                                               
1     00005d40  _Cmpss7Regs                                               
1     00005d60  _Cmpss8Regs                                               
1     00005e00  _Sdfm1Regs                                                
1     00005e80  _Sdfm2Regs                                                
1     00006000  _McbspaRegs                                               
1     00006040  _McbspbRegs                                               
1     00006100  _SpiaRegs                                                 
1     00006110  _SpibRegs                                                 
1     00006120  _SpicRegs                                                 
1     00006200  _UppRegs                                                  
1     00007000  _WdRegs                                                   
1     00007060  _NmiIntruptRegs                                           
1     00007070  _XintRegs                                                 
1     00007200  _SciaRegs                                                 
1     00007210  _ScibRegs                                                 
1     00007220  _ScicRegs                                                 
1     00007230  _ScidRegs                                                 
1     00007300  _I2caRegs                                                 
1     00007340  _I2cbRegs                                                 
1     00007400  _AdcaRegs                                                 
1     00007480  _AdcbRegs                                                 
1     00007500  _AdccRegs                                                 
1     00007580  _AdcdRegs                                                 
1     00007900  _InputXbarRegs                                            
1     00007920  _XbarRegs                                                 
1     00007940  _SyncSocRegs                                              
1     00007980  _DmaClaSrcSelRegs                                         
1     00007a00  _EPwmXbarRegs                                             
1     00007a40  _ClbXbarRegs                                              
1     00007a80  _OutputXbarRegs                                           
1     00007c00  _GpioCtrlRegs                                             
1     00007f00  _GpioDataRegs                                             
1     00008000  _RamfuncsLoadEnd                                          
1     00008000  _RamfuncsLoadStart                                        
1     00008000  _RamfuncsRunEnd                                           
1     00008000  _RamfuncsRunStart                                         
1     00008000  _ti_sysbios_knl_Task_Instance_State_0_stack__A            
1     00008100  _ti_sysbios_knl_Task_Instance_State_1_stack__A            
1     00008200  _ti_sysbios_knl_Task_Instance_State_2_stack__A            
1     00008300  _ti_sysbios_knl_Task_Instance_State_3_stack__A            
1     00008400  _ti_sysbios_knl_Task_Instance_State_4_stack__A            
1     00008500  _ti_sysbios_knl_Task_Instance_State_5_stack__A            
1     00008600  _ti_sysbios_knl_Task_Instance_State_6_stack__A            
1     00008700  _ti_sysbios_family_c28_Hwi_Module_State_0_dispatchTable__A
1     000088c0  _ti_sysbios_knl_Task_Object__table__V                     
1     000089e6  _xdc_runtime_LoggerBuf_Object__table__V                   
1     000089f8  _parmbuf                                                  
1     00008a00  _xdc_runtime_SysMin_Module_State_0_outbuf__A              
1     00008b00  _ti_sysbios_knl_Swi_Object__table__V                      
1     00008b64  _isrFlag                                                  
1     00008b65  _isrFlag2                                                 
1     00008b66  _tickCount                                                
1     00008b67  _once                                                     
1     00008b68  _bin                                                      
1     00008b69  _sec                                                      
1     00008b6a  _soc0_adc_voltage                                         
1     00008b6b  _soc1_adc_voltage                                         
1     00008b6c  _hnd_rfft                                                 
1     00008b6e  _RadStep                                                  
1     00008b70  _Rad                                                      
1     00008b72  _count                                                    
1     00008b74  _rfft                                                     
1     00008b80  ___xdc__init__addr                                        
1     00008b82  _ti_sysbios_family_c28_Hwi_Module__root__V                
1     00008b86  _ti_sysbios_family_c28_Timer_Module__root__V              
1     00008b8a  _ti_sysbios_gates_GateHwi_Module__root__V                 
1     00008b8e  _ti_sysbios_gates_GateMutex_Module__root__V               
1     00008b92  _ti_sysbios_hal_Hwi_Module__root__V                       
1     00008b96  _ti_sysbios_hal_Timer_Module__root__V                     
1     00008b9a  _ti_sysbios_knl_Clock_Module__root__V                     
1     00008b9e  _ti_sysbios_knl_Queue_Module__root__V                     
1     00008ba2  _ti_sysbios_knl_Semaphore_Module__root__V                 
1     00008ba6  _ti_sysbios_knl_Swi_Module__root__V                       
1     00008baa  _ti_sysbios_knl_Task_Module__root__V                      
1     00008bae  _xdc_runtime_HeapStd_Module__root__V                      
1     00008bb2  _xdc_runtime_LoggerBuf_Module__root__V                    
1     00008bc0  _xdc_runtime_Error_IgnoreBlock                            
1     00008bd0  _ti_sysbios_family_c28_Timer_Object__table__V             
1     00008c00  _ti_sysbios_knl_Semaphore_Object__table__V                
1     00008c46  _ti_sysbios_gates_GateMutex_Object__table__V              
1     00008c54  _xdc_runtime_System_Module_State_0_atexitHandlers__A      
1     00008c5c  _xdc_runtime_HeapStd_Object__table__V                     
1     00008c62  ___TI_enable_exit_profile_output                          
1     00008c64  ___TI_cleanup_ptr                                         
1     00008c66  ___TI_dtors_ptr                                           
1     00008c68  __lock                                                    
1     00008c6a  __unlock                                                  
1     00008c6c  _ti_sysbios_gates_GateHwi_Object__table__V                
1     00008c6e  _ti_sysbios_knl_Task_Module_State_0_idleTask__A           
1     00008c80  _ti_sysbios_family_c28_Hwi_Object__table__V               
1     00008cc0  _ti_sysbios_knl_Swi_Module_State_0_readyQ__A              
1     00008d00  _ti_sysbios_knl_Task_Module_State_0_readyQ__A             
1     00008d40  _xdc_runtime_LoggerBuf_Instance_State_0_entryArr__A       
1     00008d80  __CIOBUF_                                                 
1     00010000  _RFFTin1Buff                                              
1     00011000  _RFFTmagBuff                                              
1     00012000  _RFFToutBuff                                              
1     00013000  _RFFTF32Coef                                              
1     00018000  _FFTTwiddlesLoadStart                                     
1     00018000  _FFTTwiddlesRunStart                                      
1     00047000  _Emif1Regs                                                
1     00047800  _Emif2Regs                                                
1     00048000  _CanaRegs                                                 
1     0004a000  _CanbRegs                                                 
1     00050000  _IpcRegs                                                  
1     00050024  _FlashPumpSemaphoreRegs                                   
1     0005d000  _DevCfgRegs                                               
1     0005d180  _AnalogSubsysRegs                                         
1     0005d200  _ClkCfgRegs                                               
1     0005d300  _CpuSysRegs                                               
1     0005e608  _RomPrefetchRegs                                          
1     0005f000  _DcsmZ1Regs                                               
1     0005f040  _DcsmZ2Regs                                               
1     0005f070  _DcsmCommonRegs                                           
1     0005f400  _MemCfgRegs                                               
1     0005f480  _Emif1ConfigRegs                                          
1     0005f4a0  _Emif2ConfigRegs                                          
1     0005f4c0  _AccessProtectionRegs                                     
1     0005f500  _MemoryErrorRegs                                          
1     0005f540  _RomWaitStateRegs                                         
1     0005f800  _Flash0CtrlRegs                                           
1     0005fb00  _Flash0EccRegs                                            
abs   00000000  _FFTTwiddlesLoadSize                                      
abs   00000000  _RamfuncsLoadSize                                         
abs   00000000  _RamfuncsRunSize                                          
abs   00000001  _xdc_rov_runtime_Mon__checksum                            
abs   00000001  _xdc_rov_runtime_Mon__write                               
abs   00000001  _xdc_runtime_Startup__EXECFXN__C                          
abs   00000001  _xdc_runtime_Startup__RESETFXN__C                         
abs   00000100  __STACK_SIZE                                              
abs   ffffffff  ___TI_pprof_out_hndl                                      
abs   ffffffff  ___TI_prof_data_size                                      
abs   ffffffff  ___TI_prof_data_start                                     
abs   ffffffff  ___c_args__                                               
abs   ffffffff  ___pinit__                                                
abs   ffffffff  pinit                                                     

[659 symbols]
