<?xml version="1.0" encoding="ISO-8859-1" ?>
<link_info>
   <banner>TMS320C2000 Linker PC v20.2.5.LTS</banner>
   <copyright>Copyright (c) 1996-2018 Texas Instruments Incorporated</copyright>
   <link_time>0x656fa31d</link_time>
   <link_errors>0x0</link_errors>
   <output_file>labproject.out</output_file>
   <entry_point>
      <name>_c_int00</name>
      <address>0x89476</address>
   </entry_point>
   <input_file_list>
      <input_file id="fl-2">
         <path>.\</path>
         <kind>object</kind>
         <file>DelayUs.obj</file>
         <name>DelayUs.obj</name>
      </input_file>
      <input_file id="fl-3">
         <path>.\</path>
         <kind>object</kind>
         <file>F2837xD_GlobalVariableDefs.obj</file>
         <name>F2837xD_GlobalVariableDefs.obj</name>
      </input_file>
      <input_file id="fl-4">
         <path>.\</path>
         <kind>object</kind>
         <file>LabProject_DevInit.obj</file>
         <name>LabProject_DevInit.obj</name>
      </input_file>
      <input_file id="fl-5">
         <path>.\</path>
         <kind>object</kind>
         <file>LabProject_main.obj</file>
         <name>LabProject_main.obj</name>
      </input_file>
      <input_file id="fl-6">
         <path>.\dsp\</path>
         <kind>object</kind>
         <file>RFFT_f32.obj</file>
         <name>RFFT_f32.obj</name>
      </input_file>
      <input_file id="fl-7">
         <path>.\dsp\</path>
         <kind>object</kind>
         <file>RFFT_f32_mag.obj</file>
         <name>RFFT_f32_mag.obj</name>
      </input_file>
      <input_file id="fl-8">
         <path>.\dsp\</path>
         <kind>object</kind>
         <file>RFFT_f32_phase.obj</file>
         <name>RFFT_f32_phase.obj</name>
      </input_file>
      <input_file id="fl-9">
         <path>.\dsp\</path>
         <kind>object</kind>
         <file>RFFT_f32_sincostable.obj</file>
         <name>RFFT_f32_sincostable.obj</name>
      </input_file>
      <input_file id="fl-a">
         <path>.\periph\F28379DZTQ\</path>
         <kind>object</kind>
         <file>F28379D_adc.obj</file>
         <name>F28379D_adc.obj</name>
      </input_file>
      <input_file id="fl-b">
         <path>.\periph\F28379DZTQ\</path>
         <kind>object</kind>
         <file>F28379D_gpio.obj</file>
         <name>F28379D_gpio.obj</name>
      </input_file>
      <input_file id="fl-c">
         <path>.\periph\F28379DZTQ\</path>
         <kind>object</kind>
         <file>F28379D_i2c.obj</file>
         <name>F28379D_i2c.obj</name>
      </input_file>
      <input_file id="fl-d">
         <path>.\periph\F28379DZTQ\</path>
         <kind>object</kind>
         <file>F28379D_pwm.obj</file>
         <name>F28379D_pwm.obj</name>
      </input_file>
      <input_file id="fl-11">
         <path>D:\E_Eng\ELEX7820\Labs\ELEX7820_RTOSproject\Debug\configPkg\package\cfg\</path>
         <kind>object</kind>
         <file>Lab2Idle_p28FP.o28FP</file>
         <name>Lab2Idle_p28FP.o28FP</name>
      </input_file>
      <input_file id="fl-18">
         <kind>object</kind>
         <file>&lt;internal&gt;</file>
         <name>&lt;internal&gt;</name>
      </input_file>
      <input_file id="fl-19">
         <path>D:\E_Eng\ELEX7820\Labs\ELEX7820_RTOSproject\src\sysbios\</path>
         <kind>archive</kind>
         <file>sysbios.a28FP</file>
         <name>BIOS.obj</name>
      </input_file>
      <input_file id="fl-1a">
         <path>D:\E_Eng\ELEX7820\Labs\ELEX7820_RTOSproject\src\sysbios\</path>
         <kind>archive</kind>
         <file>sysbios.a28FP</file>
         <name>c28_Hwi_asm.obj</name>
      </input_file>
      <input_file id="fl-1b">
         <path>D:\E_Eng\ELEX7820\Labs\ELEX7820_RTOSproject\src\sysbios\</path>
         <kind>archive</kind>
         <file>sysbios.a28FP</file>
         <name>c28_Hwi_disp_asm.obj</name>
      </input_file>
      <input_file id="fl-1c">
         <path>D:\E_Eng\ELEX7820\Labs\ELEX7820_RTOSproject\src\sysbios\</path>
         <kind>archive</kind>
         <file>sysbios.a28FP</file>
         <name>c28_IntrinsicsSupport_asm.obj</name>
      </input_file>
      <input_file id="fl-1d">
         <path>D:\E_Eng\ELEX7820\Labs\ELEX7820_RTOSproject\src\sysbios\</path>
         <kind>archive</kind>
         <file>sysbios.a28FP</file>
         <name>c28_TaskSupport_asm.obj</name>
      </input_file>
      <input_file id="fl-1e">
         <path>D:\E_Eng\ELEX7820\tools\sysbios\bios_6_83_00_18\packages\ti\targets\rts2800\lib\</path>
         <kind>archive</kind>
         <file>ti.targets.rts2800.a28FP</file>
         <name>Assert.o28FP</name>
      </input_file>
      <input_file id="fl-1f">
         <path>D:\E_Eng\ELEX7820\tools\sysbios\bios_6_83_00_18\packages\ti\targets\rts2800\lib\</path>
         <kind>archive</kind>
         <file>ti.targets.rts2800.a28FP</file>
         <name>Core-mem.o28FP</name>
      </input_file>
      <input_file id="fl-20">
         <path>D:\E_Eng\ELEX7820\tools\sysbios\bios_6_83_00_18\packages\ti\targets\rts2800\lib\</path>
         <kind>archive</kind>
         <file>ti.targets.rts2800.a28FP</file>
         <name>Core-smem.o28FP</name>
      </input_file>
      <input_file id="fl-21">
         <path>D:\E_Eng\ELEX7820\tools\sysbios\bios_6_83_00_18\packages\ti\targets\rts2800\lib\</path>
         <kind>archive</kind>
         <file>ti.targets.rts2800.a28FP</file>
         <name>Core-params.o28FP</name>
      </input_file>
      <input_file id="fl-22">
         <path>D:\E_Eng\ELEX7820\tools\sysbios\bios_6_83_00_18\packages\ti\targets\rts2800\lib\</path>
         <kind>archive</kind>
         <file>ti.targets.rts2800.a28FP</file>
         <name>Error.o28FP</name>
      </input_file>
      <input_file id="fl-23">
         <path>D:\E_Eng\ELEX7820\tools\sysbios\bios_6_83_00_18\packages\ti\targets\rts2800\lib\</path>
         <kind>archive</kind>
         <file>ti.targets.rts2800.a28FP</file>
         <name>Gate.o28FP</name>
      </input_file>
      <input_file id="fl-24">
         <path>D:\E_Eng\ELEX7820\tools\sysbios\bios_6_83_00_18\packages\ti\targets\rts2800\lib\</path>
         <kind>archive</kind>
         <file>ti.targets.rts2800.a28FP</file>
         <name>HeapStd.o28FP</name>
      </input_file>
      <input_file id="fl-25">
         <path>D:\E_Eng\ELEX7820\tools\sysbios\bios_6_83_00_18\packages\ti\targets\rts2800\lib\</path>
         <kind>archive</kind>
         <file>ti.targets.rts2800.a28FP</file>
         <name>LoggerBuf.o28FP</name>
      </input_file>
      <input_file id="fl-26">
         <path>D:\E_Eng\ELEX7820\tools\sysbios\bios_6_83_00_18\packages\ti\targets\rts2800\lib\</path>
         <kind>archive</kind>
         <file>ti.targets.rts2800.a28FP</file>
         <name>Memory.o28FP</name>
      </input_file>
      <input_file id="fl-27">
         <path>D:\E_Eng\ELEX7820\tools\sysbios\bios_6_83_00_18\packages\ti\targets\rts2800\lib\</path>
         <kind>archive</kind>
         <file>ti.targets.rts2800.a28FP</file>
         <name>Startup.o28FP</name>
      </input_file>
      <input_file id="fl-28">
         <path>D:\E_Eng\ELEX7820\tools\sysbios\bios_6_83_00_18\packages\ti\targets\rts2800\lib\</path>
         <kind>archive</kind>
         <file>ti.targets.rts2800.a28FP</file>
         <name>System.o28FP</name>
      </input_file>
      <input_file id="fl-29">
         <path>D:\E_Eng\ELEX7820\tools\sysbios\bios_6_83_00_18\packages\ti\targets\rts2800\lib\</path>
         <kind>archive</kind>
         <file>ti.targets.rts2800.a28FP</file>
         <name>SysMin.o28FP</name>
      </input_file>
      <input_file id="fl-2a">
         <path>D:\E_Eng\ELEX7820\tools\sysbios\bios_6_83_00_18\packages\ti\targets\rts2800\lib\</path>
         <kind>archive</kind>
         <file>ti.targets.rts2800.a28FP</file>
         <name>Text.o28FP</name>
      </input_file>
      <input_file id="fl-2b">
         <path>D:\E_Eng\ELEX7820\tools\sysbios\bios_6_83_00_18\packages\ti\targets\rts2800\lib\</path>
         <kind>archive</kind>
         <file>ti.targets.rts2800.a28FP</file>
         <name>xdc_noinit.o28FP</name>
      </input_file>
      <input_file id="fl-2c">
         <path>D:\E_Eng\ELEX7820\tools\sysbios\bios_6_83_00_18\packages\ti\targets\rts2800\lib\</path>
         <kind>archive</kind>
         <file>ti.targets.rts2800.a28FP</file>
         <name>Log.o28FP</name>
      </input_file>
      <input_file id="fl-2d">
         <path>D:\E_Eng\ELEX7820\tools\sysbios\bios_6_83_00_18\packages\ti\targets\rts2800\lib\</path>
         <kind>archive</kind>
         <file>ti.targets.rts2800.a28FP</file>
         <name>Registry.o28FP</name>
      </input_file>
      <input_file id="fl-2e">
         <path>D:\E_Eng\ELEX7820\tools\sysbios\bios_6_83_00_18\packages\ti\targets\rts2800\lib\</path>
         <kind>archive</kind>
         <file>boot.a28FP</file>
         <name>boot_cg.o28FP</name>
      </input_file>
      <input_file id="fl-2f">
         <path>D:\E_Eng\ELEX7820\tools\sysbios\bios_6_83_00_18\packages\ti\catalog\c2800\initF2837x\lib\</path>
         <kind>archive</kind>
         <file>Boot.a28FP</file>
         <name>Boot.o28FP</name>
      </input_file>
      <input_file id="fl-30">
         <path>D:\E_Eng\ELEX7820\tools\sysbios\bios_6_83_00_18\packages\ti\catalog\c2800\initF2837x\lib\</path>
         <kind>archive</kind>
         <file>Boot.a28FP</file>
         <name>Boot_asm.o28FP</name>
      </input_file>
      <input_file id="fl-3c">
         <path>D:\E_Eng\ELEX7820\CCS\CCS\ccs\tools\compiler\ti-cgt-c2000_20.2.5.LTS\lib\</path>
         <kind>archive</kind>
         <file>rts2800_fpu32.lib</file>
         <name>e_atan2f.c.obj</name>
      </input_file>
      <input_file id="fl-3d">
         <path>D:\E_Eng\ELEX7820\CCS\CCS\ccs\tools\compiler\ti-cgt-c2000_20.2.5.LTS\lib\</path>
         <kind>archive</kind>
         <file>rts2800_fpu32.lib</file>
         <name>s_atanf.c.obj</name>
      </input_file>
      <input_file id="fl-3e">
         <path>D:\E_Eng\ELEX7820\CCS\CCS\ccs\tools\compiler\ti-cgt-c2000_20.2.5.LTS\lib\</path>
         <kind>archive</kind>
         <file>rts2800_fpu32.lib</file>
         <name>s_cosf.c.obj</name>
      </input_file>
      <input_file id="fl-3f">
         <path>D:\E_Eng\ELEX7820\CCS\CCS\ccs\tools\compiler\ti-cgt-c2000_20.2.5.LTS\lib\</path>
         <kind>archive</kind>
         <file>rts2800_fpu32.lib</file>
         <name>s_sinf.c.obj</name>
      </input_file>
      <input_file id="fl-40">
         <path>D:\E_Eng\ELEX7820\CCS\CCS\ccs\tools\compiler\ti-cgt-c2000_20.2.5.LTS\lib\</path>
         <kind>archive</kind>
         <file>rts2800_fpu32.lib</file>
         <name>fs_div28.asm.obj</name>
      </input_file>
      <input_file id="fl-41">
         <path>D:\E_Eng\ELEX7820\CCS\CCS\ccs\tools\compiler\ti-cgt-c2000_20.2.5.LTS\lib\</path>
         <kind>archive</kind>
         <file>rts2800_fpu32.lib</file>
         <name>ll_div28.asm.obj</name>
      </input_file>
      <input_file id="fl-42">
         <path>D:\E_Eng\ELEX7820\CCS\CCS\ccs\tools\compiler\ti-cgt-c2000_20.2.5.LTS\lib\</path>
         <kind>archive</kind>
         <file>rts2800_fpu32.lib</file>
         <name>u_div28.asm.obj</name>
      </input_file>
      <input_file id="fl-43">
         <path>D:\E_Eng\ELEX7820\CCS\CCS\ccs\tools\compiler\ti-cgt-c2000_20.2.5.LTS\lib\</path>
         <kind>archive</kind>
         <file>rts2800_fpu32.lib</file>
         <name>cpy_tbl.c.obj</name>
      </input_file>
      <input_file id="fl-44">
         <path>D:\E_Eng\ELEX7820\CCS\CCS\ccs\tools\compiler\ti-cgt-c2000_20.2.5.LTS\lib\</path>
         <kind>archive</kind>
         <file>rts2800_fpu32.lib</file>
         <name>memcpy.c.obj</name>
      </input_file>
      <input_file id="fl-45">
         <path>D:\E_Eng\ELEX7820\CCS\CCS\ccs\tools\compiler\ti-cgt-c2000_20.2.5.LTS\lib\</path>
         <kind>archive</kind>
         <file>rts2800_fpu32.lib</file>
         <name>pre_init.c.obj</name>
      </input_file>
      <input_file id="fl-46">
         <path>D:\E_Eng\ELEX7820\CCS\CCS\ccs\tools\compiler\ti-cgt-c2000_20.2.5.LTS\lib\</path>
         <kind>archive</kind>
         <file>rts2800_fpu32.lib</file>
         <name>startup.c.obj</name>
      </input_file>
      <input_file id="fl-47">
         <path>D:\E_Eng\ELEX7820\CCS\CCS\ccs\tools\compiler\ti-cgt-c2000_20.2.5.LTS\lib\</path>
         <kind>archive</kind>
         <file>rts2800_fpu32.lib</file>
         <name>exit.c.obj</name>
      </input_file>
      <input_file id="fl-48">
         <path>D:\E_Eng\ELEX7820\CCS\CCS\ccs\tools\compiler\ti-cgt-c2000_20.2.5.LTS\lib\</path>
         <kind>archive</kind>
         <file>rts2800_fpu32.lib</file>
         <name>_lock.c.obj</name>
      </input_file>
      <input_file id="fl-49">
         <path>D:\E_Eng\ELEX7820\CCS\CCS\ccs\tools\compiler\ti-cgt-c2000_20.2.5.LTS\lib\</path>
         <kind>archive</kind>
         <file>rts2800_fpu32.lib</file>
         <name>args_main.c.obj</name>
      </input_file>
      <input_file id="fl-4a">
         <path>D:\E_Eng\ELEX7820\CCS\CCS\ccs\tools\compiler\ti-cgt-c2000_20.2.5.LTS\lib\</path>
         <kind>archive</kind>
         <file>rts2800_fpu32.lib</file>
         <name>memset.c.obj</name>
      </input_file>
      <input_file id="fl-4b">
         <path>D:\E_Eng\ELEX7820\CCS\CCS\ccs\tools\compiler\ti-cgt-c2000_20.2.5.LTS\lib\</path>
         <kind>archive</kind>
         <file>rts2800_fpu32.lib</file>
         <name>strcmp.c.obj</name>
      </input_file>
      <input_file id="fl-4c">
         <path>D:\E_Eng\ELEX7820\CCS\CCS\ccs\tools\compiler\ti-cgt-c2000_20.2.5.LTS\lib\</path>
         <kind>archive</kind>
         <file>rts2800_fpu32.lib</file>
         <name>strlen.c.obj</name>
      </input_file>
      <input_file id="fl-4d">
         <path>D:\E_Eng\ELEX7820\CCS\CCS\ccs\tools\compiler\ti-cgt-c2000_20.2.5.LTS\lib\</path>
         <kind>archive</kind>
         <file>rts2800_fpu32.lib</file>
         <name>hostwrite.c.obj</name>
      </input_file>
      <input_file id="fl-4e">
         <path>D:\E_Eng\ELEX7820\CCS\CCS\ccs\tools\compiler\ti-cgt-c2000_20.2.5.LTS\lib\</path>
         <kind>archive</kind>
         <file>rts2800_fpu32.lib</file>
         <name>trgmsg.c.obj</name>
      </input_file>
      <input_file id="fl-4f">
         <path>D:\E_Eng\ELEX7820\CCS\CCS\ccs\tools\compiler\ti-cgt-c2000_20.2.5.LTS\lib\</path>
         <kind>archive</kind>
         <file>rts2800_fpu32.lib</file>
         <name>hostopen.c.obj</name>
      </input_file>
   </input_file_list>
   <object_component_list>
      <object_component id="oc-109">
         <name>PieVectTableFile</name>
         <uninitialized>true</uninitialized>
         <run_address>0xd00</run_address>
         <size>0x1c0</size>
         <input_file_ref idref="fl-3"/>
      </object_component>
      <object_component id="oc-d9">
         <name>AccessProtectionRegsFile</name>
         <uninitialized>true</uninitialized>
         <run_address>0x5f4c0</run_address>
         <size>0x2e</size>
         <input_file_ref idref="fl-3"/>
      </object_component>
      <object_component id="oc-ee">
         <name>AdcaRegsFile</name>
         <uninitialized>true</uninitialized>
         <run_address>0x7400</run_address>
         <size>0x7c</size>
         <input_file_ref idref="fl-3"/>
      </object_component>
      <object_component id="oc-ef">
         <name>AdcbRegsFile</name>
         <uninitialized>true</uninitialized>
         <run_address>0x7480</run_address>
         <size>0x7c</size>
         <input_file_ref idref="fl-3"/>
      </object_component>
      <object_component id="oc-f0">
         <name>AdccRegsFile</name>
         <uninitialized>true</uninitialized>
         <run_address>0x7500</run_address>
         <size>0x7c</size>
         <input_file_ref idref="fl-3"/>
      </object_component>
      <object_component id="oc-f1">
         <name>AdcdRegsFile</name>
         <uninitialized>true</uninitialized>
         <run_address>0x7580</run_address>
         <size>0x7c</size>
         <input_file_ref idref="fl-3"/>
      </object_component>
      <object_component id="oc-b6">
         <name>AdcaResultRegsFile</name>
         <uninitialized>true</uninitialized>
         <run_address>0xb00</run_address>
         <size>0x18</size>
         <input_file_ref idref="fl-3"/>
      </object_component>
      <object_component id="oc-b7">
         <name>AdcbResultRegsFile</name>
         <uninitialized>true</uninitialized>
         <run_address>0xb20</run_address>
         <size>0x18</size>
         <input_file_ref idref="fl-3"/>
      </object_component>
      <object_component id="oc-b8">
         <name>AdccResultRegsFile</name>
         <uninitialized>true</uninitialized>
         <run_address>0xb40</run_address>
         <size>0x18</size>
         <input_file_ref idref="fl-3"/>
      </object_component>
      <object_component id="oc-b9">
         <name>AdcdResultRegsFile</name>
         <uninitialized>true</uninitialized>
         <run_address>0xb60</run_address>
         <size>0x18</size>
         <input_file_ref idref="fl-3"/>
      </object_component>
      <object_component id="oc-dd">
         <name>AnalogSubsysRegsFile</name>
         <uninitialized>true</uninitialized>
         <run_address>0x5d180</run_address>
         <size>0x3e</size>
         <input_file_ref idref="fl-3"/>
      </object_component>
      <object_component id="oc-105">
         <name>CanaRegsFile</name>
         <uninitialized>true</uninitialized>
         <run_address>0x48000</run_address>
         <size>0x164</size>
         <input_file_ref idref="fl-3"/>
      </object_component>
      <object_component id="oc-106">
         <name>CanbRegsFile</name>
         <uninitialized>true</uninitialized>
         <run_address>0x4a000</run_address>
         <size>0x164</size>
         <input_file_ref idref="fl-3"/>
      </object_component>
      <object_component id="oc-de">
         <name>Cla1RegsFile</name>
         <uninitialized>true</uninitialized>
         <run_address>0x1400</run_address>
         <size>0x3e</size>
         <input_file_ref idref="fl-3"/>
      </object_component>
      <object_component id="oc-100">
         <name>Clb1DataExchRegsFile</name>
         <uninitialized>true</uninitialized>
         <run_address>0x3200</run_address>
         <size>0x108</size>
         <input_file_ref idref="fl-3"/>
      </object_component>
      <object_component id="oc-101">
         <name>Clb2DataExchRegsFile</name>
         <uninitialized>true</uninitialized>
         <run_address>0x3600</run_address>
         <size>0x108</size>
         <input_file_ref idref="fl-3"/>
      </object_component>
      <object_component id="oc-102">
         <name>Clb3DataExchRegsFile</name>
         <uninitialized>true</uninitialized>
         <run_address>0x3a00</run_address>
         <size>0x108</size>
         <input_file_ref idref="fl-3"/>
      </object_component>
      <object_component id="oc-103">
         <name>Clb4DataExchRegsFile</name>
         <uninitialized>true</uninitialized>
         <run_address>0x3e00</run_address>
         <size>0x108</size>
         <input_file_ref idref="fl-3"/>
      </object_component>
      <object_component id="oc-df">
         <name>Clb1LogicCfgRegsFile</name>
         <uninitialized>true</uninitialized>
         <run_address>0x3000</run_address>
         <size>0x3e</size>
         <input_file_ref idref="fl-3"/>
      </object_component>
      <object_component id="oc-e0">
         <name>Clb2LogicCfgRegsFile</name>
         <uninitialized>true</uninitialized>
         <run_address>0x3400</run_address>
         <size>0x3e</size>
         <input_file_ref idref="fl-3"/>
      </object_component>
      <object_component id="oc-e1">
         <name>Clb3LogicCfgRegsFile</name>
         <uninitialized>true</uninitialized>
         <run_address>0x3800</run_address>
         <size>0x3e</size>
         <input_file_ref idref="fl-3"/>
      </object_component>
      <object_component id="oc-e2">
         <name>Clb4LogicCfgRegsFile</name>
         <uninitialized>true</uninitialized>
         <run_address>0x3c00</run_address>
         <size>0x3e</size>
         <input_file_ref idref="fl-3"/>
      </object_component>
      <object_component id="oc-e3">
         <name>Clb1LogicCtrlRegsFile</name>
         <uninitialized>true</uninitialized>
         <run_address>0x3100</run_address>
         <size>0x40</size>
         <input_file_ref idref="fl-3"/>
      </object_component>
      <object_component id="oc-e4">
         <name>Clb2LogicCtrlRegsFile</name>
         <uninitialized>true</uninitialized>
         <run_address>0x3500</run_address>
         <size>0x40</size>
         <input_file_ref idref="fl-3"/>
      </object_component>
      <object_component id="oc-e5">
         <name>Clb3LogicCtrlRegsFile</name>
         <uninitialized>true</uninitialized>
         <run_address>0x3900</run_address>
         <size>0x40</size>
         <input_file_ref idref="fl-3"/>
      </object_component>
      <object_component id="oc-e6">
         <name>Clb4LogicCtrlRegsFile</name>
         <uninitialized>true</uninitialized>
         <run_address>0x3d00</run_address>
         <size>0x40</size>
         <input_file_ref idref="fl-3"/>
      </object_component>
      <object_component id="oc-e7">
         <name>ClbXbarRegsFile</name>
         <uninitialized>true</uninitialized>
         <run_address>0x7a40</run_address>
         <size>0x40</size>
         <input_file_ref idref="fl-3"/>
      </object_component>
      <object_component id="oc-db">
         <name>ClkCfgRegsFile</name>
         <uninitialized>true</uninitialized>
         <run_address>0x5d200</run_address>
         <size>0x32</size>
         <input_file_ref idref="fl-3"/>
      </object_component>
      <object_component id="oc-c2">
         <name>Cmpss1RegsFile</name>
         <uninitialized>true</uninitialized>
         <run_address>0x5c80</run_address>
         <size>0x1b</size>
         <input_file_ref idref="fl-3"/>
      </object_component>
      <object_component id="oc-c3">
         <name>Cmpss2RegsFile</name>
         <uninitialized>true</uninitialized>
         <run_address>0x5ca0</run_address>
         <size>0x1b</size>
         <input_file_ref idref="fl-3"/>
      </object_component>
      <object_component id="oc-c4">
         <name>Cmpss3RegsFile</name>
         <uninitialized>true</uninitialized>
         <run_address>0x5cc0</run_address>
         <size>0x1b</size>
         <input_file_ref idref="fl-3"/>
      </object_component>
      <object_component id="oc-c5">
         <name>Cmpss4RegsFile</name>
         <uninitialized>true</uninitialized>
         <run_address>0x5ce0</run_address>
         <size>0x1b</size>
         <input_file_ref idref="fl-3"/>
      </object_component>
      <object_component id="oc-c6">
         <name>Cmpss5RegsFile</name>
         <uninitialized>true</uninitialized>
         <run_address>0x5d00</run_address>
         <size>0x1b</size>
         <input_file_ref idref="fl-3"/>
      </object_component>
      <object_component id="oc-c7">
         <name>Cmpss6RegsFile</name>
         <uninitialized>true</uninitialized>
         <run_address>0x5d20</run_address>
         <size>0x1b</size>
         <input_file_ref idref="fl-3"/>
      </object_component>
      <object_component id="oc-c8">
         <name>Cmpss7RegsFile</name>
         <uninitialized>true</uninitialized>
         <run_address>0x5d40</run_address>
         <size>0x1b</size>
         <input_file_ref idref="fl-3"/>
      </object_component>
      <object_component id="oc-c9">
         <name>Cmpss8RegsFile</name>
         <uninitialized>true</uninitialized>
         <run_address>0x5d60</run_address>
         <size>0x1b</size>
         <input_file_ref idref="fl-3"/>
      </object_component>
      <object_component id="oc-a8">
         <name>CpuTimer0RegsFile</name>
         <uninitialized>true</uninitialized>
         <run_address>0xc00</run_address>
         <size>0x8</size>
         <input_file_ref idref="fl-3"/>
      </object_component>
      <object_component id="oc-a9">
         <name>CpuTimer1RegsFile</name>
         <uninitialized>true</uninitialized>
         <run_address>0xc08</run_address>
         <size>0x8</size>
         <input_file_ref idref="fl-3"/>
      </object_component>
      <object_component id="oc-aa">
         <name>CpuTimer2RegsFile</name>
         <uninitialized>true</uninitialized>
         <run_address>0xc10</run_address>
         <size>0x8</size>
         <input_file_ref idref="fl-3"/>
      </object_component>
      <object_component id="oc-f2">
         <name>CpuSysRegsFile</name>
         <uninitialized>true</uninitialized>
         <run_address>0x5d300</run_address>
         <size>0x82</size>
         <input_file_ref idref="fl-3"/>
      </object_component>
      <object_component id="oc-a4">
         <name>DacaRegsFile</name>
         <uninitialized>true</uninitialized>
         <run_address>0x5c00</run_address>
         <size>0x7</size>
         <input_file_ref idref="fl-3"/>
      </object_component>
      <object_component id="oc-a5">
         <name>DacbRegsFile</name>
         <uninitialized>true</uninitialized>
         <run_address>0x5c10</run_address>
         <size>0x7</size>
         <input_file_ref idref="fl-3"/>
      </object_component>
      <object_component id="oc-a6">
         <name>DaccRegsFile</name>
         <uninitialized>true</uninitialized>
         <run_address>0x5c20</run_address>
         <size>0x7</size>
         <input_file_ref idref="fl-3"/>
      </object_component>
      <object_component id="oc-a2">
         <name>DcsmCommonRegsFile</name>
         <uninitialized>true</uninitialized>
         <run_address>0x5f070</run_address>
         <size>0x6</size>
         <input_file_ref idref="fl-3"/>
      </object_component>
      <object_component id="oc-cb">
         <name>DcsmZ1RegsFile</name>
         <uninitialized>true</uninitialized>
         <run_address>0x5f000</run_address>
         <size>0x22</size>
         <input_file_ref idref="fl-3"/>
      </object_component>
      <object_component id="oc-cc">
         <name>DcsmZ2RegsFile</name>
         <uninitialized>true</uninitialized>
         <run_address>0x5f040</run_address>
         <size>0x22</size>
         <input_file_ref idref="fl-3"/>
      </object_component>
      <object_component id="oc-104">
         <name>DevCfgRegsFile</name>
         <uninitialized>true</uninitialized>
         <run_address>0x5d000</run_address>
         <size>0x12e</size>
         <input_file_ref idref="fl-3"/>
      </object_component>
      <object_component id="oc-ba">
         <name>DmaClaSrcSelRegsFile</name>
         <uninitialized>true</uninitialized>
         <run_address>0x7980</run_address>
         <size>0x1a</size>
         <input_file_ref idref="fl-3"/>
      </object_component>
      <object_component id="oc-f3">
         <name>DmaRegsFile</name>
         <uninitialized>true</uninitialized>
         <run_address>0x1000</run_address>
         <size>0xe0</size>
         <input_file_ref idref="fl-3"/>
      </object_component>
      <object_component id="oc-bb">
         <name>ECap1RegsFile</name>
         <uninitialized>true</uninitialized>
         <run_address>0x5000</run_address>
         <size>0x1a</size>
         <input_file_ref idref="fl-3"/>
      </object_component>
      <object_component id="oc-bc">
         <name>ECap2RegsFile</name>
         <uninitialized>true</uninitialized>
         <run_address>0x5020</run_address>
         <size>0x1a</size>
         <input_file_ref idref="fl-3"/>
      </object_component>
      <object_component id="oc-bd">
         <name>ECap3RegsFile</name>
         <uninitialized>true</uninitialized>
         <run_address>0x5040</run_address>
         <size>0x1a</size>
         <input_file_ref idref="fl-3"/>
      </object_component>
      <object_component id="oc-be">
         <name>ECap4RegsFile</name>
         <uninitialized>true</uninitialized>
         <run_address>0x5060</run_address>
         <size>0x1a</size>
         <input_file_ref idref="fl-3"/>
      </object_component>
      <object_component id="oc-bf">
         <name>ECap5RegsFile</name>
         <uninitialized>true</uninitialized>
         <run_address>0x5080</run_address>
         <size>0x1a</size>
         <input_file_ref idref="fl-3"/>
      </object_component>
      <object_component id="oc-c0">
         <name>ECap6RegsFile</name>
         <uninitialized>true</uninitialized>
         <run_address>0x50a0</run_address>
         <size>0x1a</size>
         <input_file_ref idref="fl-3"/>
      </object_component>
      <object_component id="oc-ab">
         <name>Emif1ConfigRegsFile</name>
         <uninitialized>true</uninitialized>
         <run_address>0x5f480</run_address>
         <size>0xa</size>
         <input_file_ref idref="fl-3"/>
      </object_component>
      <object_component id="oc-ac">
         <name>Emif2ConfigRegsFile</name>
         <uninitialized>true</uninitialized>
         <run_address>0x5f4a0</run_address>
         <size>0xa</size>
         <input_file_ref idref="fl-3"/>
      </object_component>
      <object_component id="oc-d5">
         <name>Emif1RegsFile</name>
         <uninitialized>true</uninitialized>
         <run_address>0x47000</run_address>
         <size>0x28</size>
         <input_file_ref idref="fl-3"/>
      </object_component>
      <object_component id="oc-d6">
         <name>Emif2RegsFile</name>
         <uninitialized>true</uninitialized>
         <run_address>0x47800</run_address>
         <size>0x28</size>
         <input_file_ref idref="fl-3"/>
      </object_component>
      <object_component id="oc-f4">
         <name>EPwm1RegsFile</name>
         <uninitialized>true</uninitialized>
         <run_address>0x4000</run_address>
         <size>0x100</size>
         <input_file_ref idref="fl-3"/>
      </object_component>
      <object_component id="oc-f5">
         <name>EPwm2RegsFile</name>
         <uninitialized>true</uninitialized>
         <run_address>0x4100</run_address>
         <size>0x100</size>
         <input_file_ref idref="fl-3"/>
      </object_component>
      <object_component id="oc-f6">
         <name>EPwm3RegsFile</name>
         <uninitialized>true</uninitialized>
         <run_address>0x4200</run_address>
         <size>0x100</size>
         <input_file_ref idref="fl-3"/>
      </object_component>
      <object_component id="oc-f7">
         <name>EPwm4RegsFile</name>
         <uninitialized>true</uninitialized>
         <run_address>0x4300</run_address>
         <size>0x100</size>
         <input_file_ref idref="fl-3"/>
      </object_component>
      <object_component id="oc-f8">
         <name>EPwm5RegsFile</name>
         <uninitialized>true</uninitialized>
         <run_address>0x4400</run_address>
         <size>0x100</size>
         <input_file_ref idref="fl-3"/>
      </object_component>
      <object_component id="oc-f9">
         <name>EPwm6RegsFile</name>
         <uninitialized>true</uninitialized>
         <run_address>0x4500</run_address>
         <size>0x100</size>
         <input_file_ref idref="fl-3"/>
      </object_component>
      <object_component id="oc-fa">
         <name>EPwm7RegsFile</name>
         <uninitialized>true</uninitialized>
         <run_address>0x4600</run_address>
         <size>0x100</size>
         <input_file_ref idref="fl-3"/>
      </object_component>
      <object_component id="oc-fb">
         <name>EPwm8RegsFile</name>
         <uninitialized>true</uninitialized>
         <run_address>0x4700</run_address>
         <size>0x100</size>
         <input_file_ref idref="fl-3"/>
      </object_component>
      <object_component id="oc-fc">
         <name>EPwm9RegsFile</name>
         <uninitialized>true</uninitialized>
         <run_address>0x4800</run_address>
         <size>0x100</size>
         <input_file_ref idref="fl-3"/>
      </object_component>
      <object_component id="oc-fd">
         <name>EPwm10RegsFile</name>
         <uninitialized>true</uninitialized>
         <run_address>0x4900</run_address>
         <size>0x100</size>
         <input_file_ref idref="fl-3"/>
      </object_component>
      <object_component id="oc-fe">
         <name>EPwm11RegsFile</name>
         <uninitialized>true</uninitialized>
         <run_address>0x4a00</run_address>
         <size>0x100</size>
         <input_file_ref idref="fl-3"/>
      </object_component>
      <object_component id="oc-ff">
         <name>EPwm12RegsFile</name>
         <uninitialized>true</uninitialized>
         <run_address>0x4b00</run_address>
         <size>0x100</size>
         <input_file_ref idref="fl-3"/>
      </object_component>
      <object_component id="oc-e8">
         <name>EPwmXbarRegsFile</name>
         <uninitialized>true</uninitialized>
         <run_address>0x7a00</run_address>
         <size>0x40</size>
         <input_file_ref idref="fl-3"/>
      </object_component>
      <object_component id="oc-cd">
         <name>EQep1RegsFile</name>
         <uninitialized>true</uninitialized>
         <run_address>0x5100</run_address>
         <size>0x22</size>
         <input_file_ref idref="fl-3"/>
      </object_component>
      <object_component id="oc-ce">
         <name>EQep2RegsFile</name>
         <uninitialized>true</uninitialized>
         <run_address>0x5140</run_address>
         <size>0x22</size>
         <input_file_ref idref="fl-3"/>
      </object_component>
      <object_component id="oc-cf">
         <name>EQep3RegsFile</name>
         <uninitialized>true</uninitialized>
         <run_address>0x5180</run_address>
         <size>0x22</size>
         <input_file_ref idref="fl-3"/>
      </object_component>
      <object_component id="oc-108">
         <name>Flash0CtrlRegsFile</name>
         <uninitialized>true</uninitialized>
         <run_address>0x5f800</run_address>
         <size>0x182</size>
         <input_file_ref idref="fl-3"/>
      </object_component>
      <object_component id="oc-d7">
         <name>Flash0EccRegsFile</name>
         <uninitialized>true</uninitialized>
         <run_address>0x5fb00</run_address>
         <size>0x28</size>
         <input_file_ref idref="fl-3"/>
      </object_component>
      <object_component id="oc-9f">
         <name>FlashPumpSemaphoreRegsFile</name>
         <uninitialized>true</uninitialized>
         <run_address>0x50024</run_address>
         <size>0x2</size>
         <input_file_ref idref="fl-3"/>
      </object_component>
      <object_component id="oc-107">
         <name>GpioCtrlRegsFile</name>
         <uninitialized>true</uninitialized>
         <run_address>0x7c00</run_address>
         <size>0x180</size>
         <input_file_ref idref="fl-3"/>
      </object_component>
      <object_component id="oc-da">
         <name>GpioDataRegsFile</name>
         <uninitialized>true</uninitialized>
         <run_address>0x7f00</run_address>
         <size>0x30</size>
         <input_file_ref idref="fl-3"/>
      </object_component>
      <object_component id="oc-d0">
         <name>I2caRegsFile</name>
         <uninitialized>true</uninitialized>
         <run_address>0x7300</run_address>
         <size>0x22</size>
         <input_file_ref idref="fl-3"/>
      </object_component>
      <object_component id="oc-d1">
         <name>I2cbRegsFile</name>
         <uninitialized>true</uninitialized>
         <run_address>0x7340</run_address>
         <size>0x22</size>
         <input_file_ref idref="fl-3"/>
      </object_component>
      <object_component id="oc-ca">
         <name>InputXbarRegsFile</name>
         <uninitialized>true</uninitialized>
         <run_address>0x7900</run_address>
         <size>0x20</size>
         <input_file_ref idref="fl-3"/>
      </object_component>
      <object_component id="oc-d2">
         <name>IpcRegsFile</name>
         <uninitialized>true</uninitialized>
         <run_address>0x50000</run_address>
         <size>0x24</size>
         <input_file_ref idref="fl-3"/>
      </object_component>
      <object_component id="oc-dc">
         <name>MemoryErrorRegsFile</name>
         <uninitialized>true</uninitialized>
         <run_address>0x5f500</run_address>
         <size>0x3a</size>
         <input_file_ref idref="fl-3"/>
      </object_component>
      <object_component id="oc-ed">
         <name>MemCfgRegsFile</name>
         <uninitialized>true</uninitialized>
         <run_address>0x5f400</run_address>
         <size>0x76</size>
         <input_file_ref idref="fl-3"/>
      </object_component>
      <object_component id="oc-d3">
         <name>McbspaRegsFile</name>
         <uninitialized>true</uninitialized>
         <run_address>0x6000</run_address>
         <size>0x24</size>
         <input_file_ref idref="fl-3"/>
      </object_component>
      <object_component id="oc-d4">
         <name>McbspbRegsFile</name>
         <uninitialized>true</uninitialized>
         <run_address>0x6040</run_address>
         <size>0x24</size>
         <input_file_ref idref="fl-3"/>
      </object_component>
      <object_component id="oc-a7">
         <name>NmiIntruptRegsFile</name>
         <uninitialized>true</uninitialized>
         <run_address>0x7060</run_address>
         <size>0x7</size>
         <input_file_ref idref="fl-3"/>
      </object_component>
      <object_component id="oc-e9">
         <name>OutputXbarRegsFile</name>
         <uninitialized>true</uninitialized>
         <run_address>0x7a80</run_address>
         <size>0x40</size>
         <input_file_ref idref="fl-3"/>
      </object_component>
      <object_component id="oc-c1">
         <name>PieCtrlRegsFile</name>
         <uninitialized>true</uninitialized>
         <run_address>0xce0</run_address>
         <size>0x1a</size>
         <input_file_ref idref="fl-3"/>
      </object_component>
      <object_component id="oc-a0">
         <name>RomPrefetchRegsFile</name>
         <uninitialized>true</uninitialized>
         <run_address>0x5e608</run_address>
         <size>0x2</size>
         <input_file_ref idref="fl-3"/>
      </object_component>
      <object_component id="oc-a1">
         <name>RomWaitStateRegsFile</name>
         <uninitialized>true</uninitialized>
         <run_address>0x5f540</run_address>
         <size>0x2</size>
         <input_file_ref idref="fl-3"/>
      </object_component>
      <object_component id="oc-af">
         <name>SciaRegsFile</name>
         <uninitialized>true</uninitialized>
         <run_address>0x7200</run_address>
         <size>0x10</size>
         <input_file_ref idref="fl-3"/>
      </object_component>
      <object_component id="oc-b0">
         <name>ScibRegsFile</name>
         <uninitialized>true</uninitialized>
         <run_address>0x7210</run_address>
         <size>0x10</size>
         <input_file_ref idref="fl-3"/>
      </object_component>
      <object_component id="oc-b1">
         <name>ScicRegsFile</name>
         <uninitialized>true</uninitialized>
         <run_address>0x7220</run_address>
         <size>0x10</size>
         <input_file_ref idref="fl-3"/>
      </object_component>
      <object_component id="oc-b2">
         <name>ScidRegsFile</name>
         <uninitialized>true</uninitialized>
         <run_address>0x7230</run_address>
         <size>0x10</size>
         <input_file_ref idref="fl-3"/>
      </object_component>
      <object_component id="oc-ea">
         <name>Sdfm1RegsFile</name>
         <uninitialized>true</uninitialized>
         <run_address>0x5e00</run_address>
         <size>0x48</size>
         <input_file_ref idref="fl-3"/>
      </object_component>
      <object_component id="oc-eb">
         <name>Sdfm2RegsFile</name>
         <uninitialized>true</uninitialized>
         <run_address>0x5e80</run_address>
         <size>0x48</size>
         <input_file_ref idref="fl-3"/>
      </object_component>
      <object_component id="oc-b3">
         <name>SpiaRegsFile</name>
         <uninitialized>true</uninitialized>
         <run_address>0x6100</run_address>
         <size>0x10</size>
         <input_file_ref idref="fl-3"/>
      </object_component>
      <object_component id="oc-b4">
         <name>SpibRegsFile</name>
         <uninitialized>true</uninitialized>
         <run_address>0x6110</run_address>
         <size>0x10</size>
         <input_file_ref idref="fl-3"/>
      </object_component>
      <object_component id="oc-b5">
         <name>SpicRegsFile</name>
         <uninitialized>true</uninitialized>
         <run_address>0x6120</run_address>
         <size>0x10</size>
         <input_file_ref idref="fl-3"/>
      </object_component>
      <object_component id="oc-a3">
         <name>SyncSocRegsFile</name>
         <uninitialized>true</uninitialized>
         <run_address>0x7940</run_address>
         <size>0x6</size>
         <input_file_ref idref="fl-3"/>
      </object_component>
      <object_component id="oc-ec">
         <name>UppRegsFile</name>
         <uninitialized>true</uninitialized>
         <run_address>0x6200</run_address>
         <size>0x48</size>
         <input_file_ref idref="fl-3"/>
      </object_component>
      <object_component id="oc-d8">
         <name>WdRegsFile</name>
         <uninitialized>true</uninitialized>
         <run_address>0x7000</run_address>
         <size>0x2b</size>
         <input_file_ref idref="fl-3"/>
      </object_component>
      <object_component id="oc-ae">
         <name>XbarRegsFile</name>
         <uninitialized>true</uninitialized>
         <run_address>0x7920</run_address>
         <size>0xe</size>
         <input_file_ref idref="fl-3"/>
      </object_component>
      <object_component id="oc-ad">
         <name>XintRegsFile</name>
         <uninitialized>true</uninitialized>
         <run_address>0x7070</run_address>
         <size>0xb</size>
         <input_file_ref idref="fl-3"/>
      </object_component>
      <object_component id="oc-256">
         <name>.cinit:_ti_sysbios_family_c28_Hwi_Module_State_0_dispatchTable__A</name>
         <load_address>0x8002d</load_address>
         <run_address>0x8002d</run_address>
         <size>0x1c3</size>
         <input_file_ref idref="fl-11"/>
      </object_component>
      <object_component id="oc-159">
         <name>.cinit:_ti_sysbios_knl_Task_Object__table__V</name>
         <load_address>0x801f0</load_address>
         <run_address>0x801f0</run_address>
         <size>0x129</size>
         <input_file_ref idref="fl-11"/>
      </object_component>
      <object_component id="oc-145">
         <name>.cinit</name>
         <load_address>0x80319</load_address>
         <run_address>0x80319</run_address>
         <size>0x125</size>
         <input_file_ref idref="fl-11"/>
      </object_component>
      <object_component id="oc-253">
         <name>.cinit:_ti_sysbios_knl_Swi_Object__table__V</name>
         <load_address>0x8043e</load_address>
         <run_address>0x8043e</run_address>
         <size>0x67</size>
         <input_file_ref idref="fl-11"/>
      </object_component>
      <object_component id="oc-264">
         <name>.cinit:_ti_sysbios_knl_Semaphore_Object__table__V</name>
         <load_address>0x804a5</load_address>
         <run_address>0x804a5</run_address>
         <size>0x49</size>
         <input_file_ref idref="fl-11"/>
      </object_component>
      <object_component id="oc-261">
         <name>.cinit:_ti_sysbios_family_c28_Hwi_Object__table__V</name>
         <load_address>0x804ee</load_address>
         <run_address>0x804ee</run_address>
         <size>0x43</size>
         <input_file_ref idref="fl-11"/>
      </object_component>
      <object_component id="oc-254">
         <name>.cinit:_ti_sysbios_knl_Swi_Module_State_0_readyQ__A</name>
         <load_address>0x80531</load_address>
         <run_address>0x80531</run_address>
         <size>0x43</size>
         <input_file_ref idref="fl-11"/>
      </object_component>
      <object_component id="oc-25d">
         <name>.cinit:_ti_sysbios_knl_Task_Module_State_0_readyQ__A</name>
         <load_address>0x80574</load_address>
         <run_address>0x80574</run_address>
         <size>0x43</size>
         <input_file_ref idref="fl-11"/>
      </object_component>
      <object_component id="oc-111">
         <name>.cinit</name>
         <load_address>0x805b7</load_address>
         <run_address>0x805b7</run_address>
         <size>0x34</size>
         <input_file_ref idref="fl-5"/>
      </object_component>
      <object_component id="oc-251">
         <name>.cinit:_ti_sysbios_family_c28_Timer_Object__table__V</name>
         <load_address>0x805eb</load_address>
         <run_address>0x805eb</run_address>
         <size>0x33</size>
         <input_file_ref idref="fl-11"/>
      </object_component>
      <object_component id="oc-32d">
         <name>.cinit:_xdc_runtime_LoggerBuf_Object__table__V</name>
         <load_address>0x8061e</load_address>
         <run_address>0x8061e</run_address>
         <size>0x15</size>
         <input_file_ref idref="fl-11"/>
      </object_component>
      <object_component id="oc-258">
         <name>.cinit:_ti_sysbios_gates_GateMutex_Object__table__V</name>
         <load_address>0x80633</load_address>
         <run_address>0x80633</run_address>
         <size>0x11</size>
         <input_file_ref idref="fl-11"/>
      </object_component>
      <object_component id="oc-213">
         <name>.cinit</name>
         <load_address>0x80644</load_address>
         <run_address>0x80644</run_address>
         <size>0xe</size>
         <input_file_ref idref="fl-47"/>
      </object_component>
      <object_component id="oc-24d">
         <name>.cinit:_xdc_runtime_System_Module_State_0_atexitHandlers__A</name>
         <load_address>0x80652</load_address>
         <run_address>0x80652</run_address>
         <size>0xb</size>
         <input_file_ref idref="fl-11"/>
      </object_component>
      <object_component id="oc-36c">
         <name>.cinit:_xdc_runtime_HeapStd_Object__table__V</name>
         <load_address>0x8065d</load_address>
         <run_address>0x8065d</run_address>
         <size>0x9</size>
         <input_file_ref idref="fl-11"/>
      </object_component>
      <object_component id="oc-2ad">
         <name>.cinit:__lock</name>
         <load_address>0x80666</load_address>
         <run_address>0x80666</run_address>
         <size>0x5</size>
         <input_file_ref idref="fl-48"/>
      </object_component>
      <object_component id="oc-2ac">
         <name>.cinit:__unlock</name>
         <load_address>0x8066b</load_address>
         <run_address>0x8066b</run_address>
         <size>0x5</size>
         <input_file_ref idref="fl-48"/>
      </object_component>
      <object_component id="oc-302">
         <name>.cinit:_ti_sysbios_gates_GateHwi_Object__table__V</name>
         <load_address>0x80670</load_address>
         <run_address>0x80670</run_address>
         <size>0x5</size>
         <input_file_ref idref="fl-11"/>
      </object_component>
      <object_component id="oc-25f">
         <name>.cinit:_ti_sysbios_knl_Task_Module_State_0_idleTask__A</name>
         <load_address>0x80675</load_address>
         <run_address>0x80675</run_address>
         <size>0x5</size>
         <input_file_ref idref="fl-11"/>
      </object_component>
      <object_component id="oc-3de">
         <name>.binit</name>
         <load_address>0x80c4c</load_address>
         <run_address>0x80c4c</run_address>
         <size>0xa</size>
      </object_component>
      <object_component id="oc-300">
         <name>.text:_xdc_runtime_System_doPrint__I</name>
         <load_address>0x88000</load_address>
         <run_address>0x88000</run_address>
         <size>0x23b</size>
         <input_file_ref idref="fl-28"/>
      </object_component>
      <object_component id="oc-28e">
         <name>.text:_ti_sysbios_knl_Semaphore_pend__E</name>
         <load_address>0x8823b</load_address>
         <run_address>0x8823b</run_address>
         <size>0x19c</size>
         <input_file_ref idref="fl-19"/>
      </object_component>
      <object_component id="oc-27c">
         <name>.text:_Menu_swi5</name>
         <load_address>0x883d7</load_address>
         <run_address>0x883d7</run_address>
         <size>0x1</size>
         <input_file_ref idref="fl-5"/>
      </object_component>
      <object_component id="oc-11c">
         <name>.text</name>
         <load_address>0x883d8</load_address>
         <run_address>0x883d8</run_address>
         <size>0x11d</size>
         <input_file_ref idref="fl-6"/>
      </object_component>
      <object_component id="oc-1f4">
         <name>.text</name>
         <load_address>0x884f5</load_address>
         <run_address>0x884f5</run_address>
         <size>0x107</size>
         <input_file_ref idref="fl-41"/>
      </object_component>
      <object_component id="oc-3b5">
         <name>.text:_xdc_runtime_HeapStd_alloc__E</name>
         <load_address>0x885fc</load_address>
         <run_address>0x885fc</run_address>
         <size>0xee</size>
         <input_file_ref idref="fl-24"/>
      </object_component>
      <object_component id="oc-2e7">
         <name>.text:_ti_sysbios_family_c28_Hwi_clearInterrupt__E</name>
         <load_address>0x886ea</load_address>
         <run_address>0x886ea</run_address>
         <size>0xdc</size>
         <input_file_ref idref="fl-19"/>
      </object_component>
      <object_component id="oc-249">
         <name>.text</name>
         <load_address>0x887c6</load_address>
         <run_address>0x887c6</run_address>
         <size>0xd2</size>
         <input_file_ref idref="fl-3c"/>
      </object_component>
      <object_component id="oc-278">
         <name>.text</name>
         <load_address>0x88898</load_address>
         <run_address>0x88898</run_address>
         <size>0xca</size>
         <input_file_ref idref="fl-3d"/>
      </object_component>
      <object_component id="oc-35e">
         <name>.text:_xdc_runtime_System_printfExtend__I</name>
         <load_address>0x88962</load_address>
         <run_address>0x88962</run_address>
         <size>0xc2</size>
         <input_file_ref idref="fl-11"/>
      </object_component>
      <object_component id="oc-32e">
         <name>.text:_xdc_runtime_LoggerBuf_write8__E</name>
         <load_address>0x88a24</load_address>
         <run_address>0x88a24</run_address>
         <size>0xc0</size>
         <input_file_ref idref="fl-25"/>
      </object_component>
      <object_component id="oc-340">
         <name>.text:_ti_sysbios_knl_Semaphore_Instance_init__E</name>
         <load_address>0x88ae4</load_address>
         <run_address>0x88ae4</run_address>
         <size>0xbf</size>
         <input_file_ref idref="fl-19"/>
      </object_component>
      <object_component id="oc-2de">
         <name>.text:_xdc_runtime_Core_createObject__I</name>
         <load_address>0x88ba3</load_address>
         <run_address>0x88ba3</run_address>
         <size>0xa0</size>
         <input_file_ref idref="fl-1f"/>
      </object_component>
      <object_component id="oc-3a4">
         <name>.text:_ti_sysbios_family_c28_Hwi_dispatch</name>
         <load_address>0x88c43</load_address>
         <run_address>0x88c43</run_address>
         <size>0x9d</size>
         <input_file_ref idref="fl-1b"/>
      </object_component>
      <object_component id="oc-121">
         <name>.text</name>
         <load_address>0x88ce0</load_address>
         <run_address>0x88ce0</run_address>
         <size>0x9c</size>
         <input_file_ref idref="fl-7"/>
      </object_component>
      <object_component id="oc-3b2">
         <name>.text</name>
         <load_address>0x88d7c</load_address>
         <run_address>0x88d7c</run_address>
         <size>0x95</size>
         <input_file_ref idref="fl-4e"/>
      </object_component>
      <object_component id="oc-2e8">
         <name>.text:_ti_sysbios_family_c28_Hwi_enableInterrupt__E</name>
         <load_address>0x88e11</load_address>
         <run_address>0x88e11</run_address>
         <size>0x8e</size>
         <input_file_ref idref="fl-19"/>
      </object_component>
      <object_component id="oc-33f">
         <name>.text:_xdc_runtime_Core_constructObject__I</name>
         <load_address>0x88e9f</load_address>
         <run_address>0x88e9f</run_address>
         <size>0x8d</size>
         <input_file_ref idref="fl-20"/>
      </object_component>
      <object_component id="oc-1ef">
         <name>.text</name>
         <load_address>0x88f2c</load_address>
         <run_address>0x88f2c</run_address>
         <size>0x88</size>
         <input_file_ref idref="fl-40"/>
      </object_component>
      <object_component id="oc-3d1">
         <name>.text:_xdc_runtime_HeapStd_Instance_init__E</name>
         <load_address>0x88fb4</load_address>
         <run_address>0x88fb4</run_address>
         <size>0x83</size>
         <input_file_ref idref="fl-24"/>
      </object_component>
      <object_component id="oc-29d">
         <name>.text:_ti_sysbios_knl_Semaphore_post__E</name>
         <load_address>0x89037</load_address>
         <run_address>0x89037</run_address>
         <size>0x82</size>
         <input_file_ref idref="fl-19"/>
      </object_component>
      <object_component id="oc-3c4">
         <name>.text:_ti_sysbios_family_c28_Hwi_disableInterrupt__E</name>
         <load_address>0x890b9</load_address>
         <run_address>0x890b9</run_address>
         <size>0x81</size>
         <input_file_ref idref="fl-19"/>
      </object_component>
      <object_component id="oc-31d">
         <name>.text:_ti_sysbios_family_c28_Hwi_disablePIEIER__E</name>
         <load_address>0x8913a</load_address>
         <run_address>0x8913a</run_address>
         <size>0x80</size>
         <input_file_ref idref="fl-19"/>
      </object_component>
      <object_component id="oc-31c">
         <name>.text:_ti_sysbios_family_c28_Hwi_enablePIEIER__E</name>
         <load_address>0x891ba</load_address>
         <run_address>0x891ba</run_address>
         <size>0x7f</size>
         <input_file_ref idref="fl-19"/>
      </object_component>
      <object_component id="oc-373">
         <name>.text:_xdc_runtime_LoggerBuf_write4__E</name>
         <load_address>0x89239</load_address>
         <run_address>0x89239</run_address>
         <size>0x7a</size>
         <input_file_ref idref="fl-25"/>
      </object_component>
      <object_component id="oc-2eb">
         <name>.text:_ti_sysbios_knl_Task_checkStacks__E</name>
         <load_address>0x892b3</load_address>
         <run_address>0x892b3</run_address>
         <size>0x75</size>
         <input_file_ref idref="fl-19"/>
      </object_component>
      <object_component id="oc-2ca">
         <name>.text:_xdc_runtime_Startup_startMods__I</name>
         <load_address>0x89328</load_address>
         <run_address>0x89328</run_address>
         <size>0x72</size>
         <input_file_ref idref="fl-27"/>
      </object_component>
      <object_component id="oc-2a4">
         <name>.text:_ti_sysbios_gates_GateMutex_enter__E</name>
         <load_address>0x8939a</load_address>
         <run_address>0x8939a</run_address>
         <size>0x71</size>
         <input_file_ref idref="fl-19"/>
      </object_component>
      <object_component id="oc-3b6">
         <name>.text:_xdc_runtime_HeapStd_free__E</name>
         <load_address>0x8940b</load_address>
         <run_address>0x8940b</run_address>
         <size>0x6b</size>
         <input_file_ref idref="fl-24"/>
      </object_component>
      <object_component id="oc-97">
         <name>.text</name>
         <load_address>0x89476</load_address>
         <run_address>0x89476</run_address>
         <size>0x69</size>
         <input_file_ref idref="fl-2e"/>
      </object_component>
      <object_component id="oc-3a5">
         <name>.text:_ti_sysbios_family_c28_Timer_stopAndClear__I</name>
         <load_address>0x894df</load_address>
         <run_address>0x894df</run_address>
         <size>0x66</size>
         <input_file_ref idref="fl-19"/>
      </object_component>
      <object_component id="oc-2c6">
         <name>.text:_xdc_runtime_Error_policyDefault__E</name>
         <load_address>0x89545</load_address>
         <run_address>0x89545</run_address>
         <size>0x60</size>
         <input_file_ref idref="fl-22"/>
      </object_component>
      <object_component id="oc-37b">
         <name>.text:_xdc_runtime_Text_putSite__E</name>
         <load_address>0x895a5</load_address>
         <run_address>0x895a5</run_address>
         <size>0x60</size>
         <input_file_ref idref="fl-2a"/>
      </object_component>
      <object_component id="oc-275">
         <name>.text:_main</name>
         <load_address>0x89605</load_address>
         <run_address>0x89605</run_address>
         <size>0x5f</size>
         <input_file_ref idref="fl-5"/>
      </object_component>
      <object_component id="oc-3db">
         <name>.text:_ti_sysbios_family_c28_Hwi_dispatchCore__I</name>
         <load_address>0x89664</load_address>
         <run_address>0x89664</run_address>
         <size>0x4c</size>
         <input_file_ref idref="fl-19"/>
      </object_component>
      <object_component id="oc-26f">
         <name>.text:.bootCodeSection:_ti_catalog_c2800_initF2837x_Boot_configurePllDivs</name>
         <load_address>0x896b0</load_address>
         <run_address>0x896b0</run_address>
         <size>0x49</size>
         <input_file_ref idref="fl-2f"/>
      </object_component>
      <object_component id="oc-357">
         <name>.text:_ti_sysbios_family_c28_Hwi_Module_startup__E</name>
         <load_address>0x896f9</load_address>
         <run_address>0x896f9</run_address>
         <size>0x47</size>
         <input_file_ref idref="fl-19"/>
      </object_component>
      <object_component id="oc-38c">
         <name>.text:_ti_sysbios_knl_Task_postInit__I</name>
         <load_address>0x89740</load_address>
         <run_address>0x89740</run_address>
         <size>0x47</size>
         <input_file_ref idref="fl-19"/>
      </object_component>
      <object_component id="oc-2cd">
         <name>.text:_ADC_init</name>
         <load_address>0x89787</load_address>
         <run_address>0x89787</run_address>
         <size>0x44</size>
         <input_file_ref idref="fl-a"/>
      </object_component>
      <object_component id="oc-27f">
         <name>.text:_ti_sysbios_knl_Clock_workFunc__E</name>
         <load_address>0x897cb</load_address>
         <run_address>0x897cb</run_address>
         <size>0x44</size>
         <input_file_ref idref="fl-19"/>
      </object_component>
      <object_component id="oc-160">
         <name>.text:_ti_sysbios_family_c28_Hwi_unPluggedInterrupt__I</name>
         <load_address>0x8980f</load_address>
         <run_address>0x8980f</run_address>
         <size>0x42</size>
         <input_file_ref idref="fl-19"/>
      </object_component>
      <object_component id="oc-38f">
         <name>.text:_xdc_runtime_Text_putLab__E</name>
         <load_address>0x89851</load_address>
         <run_address>0x89851</run_address>
         <size>0x41</size>
         <input_file_ref idref="fl-2a"/>
      </object_component>
      <object_component id="oc-384">
         <name>.text:_ti_sysbios_family_c28_Timer_postInit__I</name>
         <load_address>0x89892</load_address>
         <run_address>0x89892</run_address>
         <size>0x40</size>
         <input_file_ref idref="fl-19"/>
      </object_component>
      <object_component id="oc-365">
         <name>.text:_xdc_runtime_Memory_alloc__E</name>
         <load_address>0x898d2</load_address>
         <run_address>0x898d2</run_address>
         <size>0x40</size>
         <input_file_ref idref="fl-26"/>
      </object_component>
      <object_component id="oc-3dd">
         <name>.text:_ti_sysbios_knl_Swi_restoreHwi__E</name>
         <load_address>0x89912</load_address>
         <run_address>0x89912</run_address>
         <size>0x3e</size>
         <input_file_ref idref="fl-19"/>
      </object_component>
      <object_component id="oc-33c">
         <name>.text:_ti_sysbios_knl_Swi_run__I</name>
         <load_address>0x89950</load_address>
         <run_address>0x89950</run_address>
         <size>0x3e</size>
         <input_file_ref idref="fl-19"/>
      </object_component>
      <object_component id="oc-2e1">
         <name>.text:_xdc_runtime_Core_deleteObject__I</name>
         <load_address>0x8998e</load_address>
         <run_address>0x8998e</run_address>
         <size>0x3e</size>
         <input_file_ref idref="fl-1f"/>
      </object_component>
      <object_component id="oc-375">
         <name>.text:_xdc_runtime_LoggerBuf_getFilterLevel__E</name>
         <load_address>0x899cc</load_address>
         <run_address>0x899cc</run_address>
         <size>0x3d</size>
         <input_file_ref idref="fl-25"/>
      </object_component>
      <object_component id="oc-374">
         <name>.text:_xdc_runtime_LoggerBuf_setFilterLevel__E</name>
         <load_address>0x89a09</load_address>
         <run_address>0x89a09</run_address>
         <size>0x3c</size>
         <input_file_ref idref="fl-25"/>
      </object_component>
      <object_component id="oc-3c6">
         <name>.text:_ti_sysbios_family_c28_TaskSupport_start__E</name>
         <load_address>0x89a45</load_address>
         <run_address>0x89a45</run_address>
         <size>0x39</size>
         <input_file_ref idref="fl-19"/>
      </object_component>
      <object_component id="oc-392">
         <name>.text</name>
         <load_address>0x89a7e</load_address>
         <run_address>0x89a7e</run_address>
         <size>0x39</size>
         <input_file_ref idref="fl-4d"/>
      </object_component>
      <object_component id="oc-3a1">
         <name>.text:_xdc_runtime_Text_putMod__E</name>
         <load_address>0x89ab7</load_address>
         <run_address>0x89ab7</run_address>
         <size>0x38</size>
         <input_file_ref idref="fl-2a"/>
      </object_component>
      <object_component id="oc-2ce">
         <name>.text:_PWM_init</name>
         <load_address>0x89aef</load_address>
         <run_address>0x89aef</run_address>
         <size>0x37</size>
         <input_file_ref idref="fl-d"/>
      </object_component>
      <object_component id="oc-2b6">
         <name>.text:_ti_sysbios_knl_Task_startCore__E</name>
         <load_address>0x89b26</load_address>
         <run_address>0x89b26</run_address>
         <size>0x35</size>
         <input_file_ref idref="fl-19"/>
      </object_component>
      <object_component id="oc-338">
         <name>.text:_xdc_runtime_System_formatNum__I</name>
         <load_address>0x89b5b</load_address>
         <run_address>0x89b5b</run_address>
         <size>0x35</size>
         <input_file_ref idref="fl-28"/>
      </object_component>
      <object_component id="oc-35b">
         <name>.text:_ti_sysbios_knl_Task_Module_startup__E</name>
         <load_address>0x89b90</load_address>
         <run_address>0x89b90</run_address>
         <size>0x32</size>
         <input_file_ref idref="fl-19"/>
      </object_component>
      <object_component id="oc-2cc">
         <name>.text:_GPIO_init</name>
         <load_address>0x89bc2</load_address>
         <run_address>0x89bc2</run_address>
         <size>0x31</size>
         <input_file_ref idref="fl-b"/>
      </object_component>
      <object_component id="oc-351">
         <name>.text:_xdc_runtime_Error_print__E</name>
         <load_address>0x89bf3</load_address>
         <run_address>0x89bf3</run_address>
         <size>0x31</size>
         <input_file_ref idref="fl-22"/>
      </object_component>
      <object_component id="oc-39f">
         <name>.text:_xdc_runtime_LoggerBuf_Instance_init__E</name>
         <load_address>0x89c24</load_address>
         <run_address>0x89c24</run_address>
         <size>0x30</size>
         <input_file_ref idref="fl-25"/>
      </object_component>
      <object_component id="oc-30f">
         <name>.text:_xdc_runtime_Core_assignParams__I</name>
         <load_address>0x89c54</load_address>
         <run_address>0x89c54</run_address>
         <size>0x2f</size>
         <input_file_ref idref="fl-21"/>
      </object_component>
      <object_component id="oc-245">
         <name>.text:_xdc_runtime_Startup_exec__E</name>
         <load_address>0x89c83</load_address>
         <run_address>0x89c83</run_address>
         <size>0x2f</size>
         <input_file_ref idref="fl-27"/>
      </object_component>
      <object_component id="oc-332">
         <name>.text:_ti_sysbios_family_c28_Hwi_getStackInfo__E</name>
         <load_address>0x89cb2</load_address>
         <run_address>0x89cb2</run_address>
         <size>0x2e</size>
         <input_file_ref idref="fl-19"/>
      </object_component>
      <object_component id="oc-307">
         <name>.text:_ti_sysbios_knl_Swi_runLoop__I</name>
         <load_address>0x89ce0</load_address>
         <run_address>0x89ce0</run_address>
         <size>0x2e</size>
         <input_file_ref idref="fl-19"/>
      </object_component>
      <object_component id="oc-2d5">
         <name>.text:_ti_sysbios_knl_Swi_schedule__I</name>
         <load_address>0x89d0e</load_address>
         <run_address>0x89d0e</run_address>
         <size>0x2e</size>
         <input_file_ref idref="fl-19"/>
      </object_component>
      <object_component id="oc-2f1">
         <name>.text:_ti_sysbios_knl_Task_schedule__I</name>
         <load_address>0x89d3c</load_address>
         <run_address>0x89d3c</run_address>
         <size>0x2e</size>
         <input_file_ref idref="fl-19"/>
      </object_component>
      <object_component id="oc-2bf">
         <name>.text:_xdc_runtime_Assert_raise__I</name>
         <load_address>0x89d6a</load_address>
         <run_address>0x89d6a</run_address>
         <size>0x2d</size>
         <input_file_ref idref="fl-1e"/>
      </object_component>
      <object_component id="oc-2f3">
         <name>.text:_xdc_runtime_Error_setX__E</name>
         <load_address>0x89d97</load_address>
         <run_address>0x89d97</run_address>
         <size>0x2d</size>
         <input_file_ref idref="fl-22"/>
      </object_component>
      <object_component id="oc-2b3">
         <name>.text:_ti_sysbios_family_c28_Timer_start__E</name>
         <load_address>0x89dc4</load_address>
         <run_address>0x89dc4</run_address>
         <size>0x2c</size>
         <input_file_ref idref="fl-19"/>
      </object_component>
      <object_component id="oc-376">
         <name>.text:_xdc_runtime_LoggerBuf_Object__create__S</name>
         <load_address>0x89df0</load_address>
         <run_address>0x89df0</run_address>
         <size>0x2c</size>
         <input_file_ref idref="fl-11"/>
      </object_component>
      <object_component id="oc-3b9">
         <name>.text:_xdc_runtime_HeapStd_Object__create__S</name>
         <load_address>0x89e1c</load_address>
         <run_address>0x89e1c</run_address>
         <size>0x2b</size>
         <input_file_ref idref="fl-11"/>
      </object_component>
      <object_component id="oc-3a2">
         <name>.text:_xdc_runtime_Text_xprintf__I</name>
         <load_address>0x89e47</load_address>
         <run_address>0x89e47</run_address>
         <size>0x29</size>
         <input_file_ref idref="fl-2a"/>
      </object_component>
      <object_component id="oc-2d2">
         <name>.text</name>
         <load_address>0x89e70</load_address>
         <run_address>0x89e70</run_address>
         <size>0x29</size>
         <input_file_ref idref="fl-47"/>
      </object_component>
      <object_component id="oc-306">
         <name>.text:_xdc_runtime_SysMin_flush__E</name>
         <load_address>0x89e99</load_address>
         <run_address>0x89e99</run_address>
         <size>0x26</size>
         <input_file_ref idref="fl-29"/>
      </object_component>
      <object_component id="oc-28c">
         <name>.text:_adc_hwi</name>
         <load_address>0x89ebf</load_address>
         <run_address>0x89ebf</run_address>
         <size>0x25</size>
         <input_file_ref idref="fl-5"/>
      </object_component>
      <object_component id="oc-3d8">
         <name>.text:_ti_sysbios_family_c28_TaskSupport_buildTaskStack</name>
         <load_address>0x89ee4</load_address>
         <run_address>0x89ee4</run_address>
         <size>0x25</size>
         <input_file_ref idref="fl-1d"/>
      </object_component>
      <object_component id="oc-2a0">
         <name>.text:_ti_sysbios_knl_Swi_post__E</name>
         <load_address>0x89f09</load_address>
         <run_address>0x89f09</run_address>
         <size>0x24</size>
         <input_file_ref idref="fl-19"/>
      </object_component>
      <object_component id="oc-244">
         <name>.text</name>
         <load_address>0x89f2d</load_address>
         <run_address>0x89f2d</run_address>
         <size>0x24</size>
         <input_file_ref idref="fl-43"/>
      </object_component>
      <object_component id="oc-126">
         <name>.text</name>
         <load_address>0x89f51</load_address>
         <run_address>0x89f51</run_address>
         <size>0x23</size>
         <input_file_ref idref="fl-8"/>
      </object_component>
      <object_component id="oc-276">
         <name>.text:_xdc_runtime_System_processAtExit__E</name>
         <load_address>0x89f74</load_address>
         <run_address>0x89f74</run_address>
         <size>0x23</size>
         <input_file_ref idref="fl-28"/>
      </object_component>
      <object_component id="oc-2e9">
         <name>.text:_ti_sysbios_knl_Task_allBlockedFunction__I</name>
         <load_address>0x89f97</load_address>
         <run_address>0x89f97</run_address>
         <size>0x21</size>
         <input_file_ref idref="fl-19"/>
      </object_component>
      <object_component id="oc-3a7">
         <name>.text:_ti_sysbios_family_c28_Timer_setPrescale__E</name>
         <load_address>0x89fb8</load_address>
         <run_address>0x89fb8</run_address>
         <size>0x20</size>
         <input_file_ref idref="fl-19"/>
      </object_component>
      <object_component id="oc-284">
         <name>.text:_xdc_runtime_System_atexit__E</name>
         <load_address>0x89fd8</load_address>
         <run_address>0x89fd8</run_address>
         <size>0x20</size>
         <input_file_ref idref="fl-28"/>
      </object_component>
      <object_component id="oc-3a9">
         <name>.text:_ti_sysbios_knl_Task_exit__E</name>
         <load_address>0x89ff8</load_address>
         <run_address>0x89ff8</run_address>
         <size>0x1f</size>
         <input_file_ref idref="fl-19"/>
      </object_component>
      <object_component id="oc-2f5">
         <name>.text:_xdc_runtime_Error_policyLog__I</name>
         <load_address>0x8a017</load_address>
         <run_address>0x8a017</run_address>
         <size>0x1f</size>
         <input_file_ref idref="fl-11"/>
      </object_component>
      <object_component id="oc-34b">
         <name>.text:_xdc_runtime_LoggerBuf_filterOutEvent__I</name>
         <load_address>0x8a036</load_address>
         <run_address>0x8a036</run_address>
         <size>0x1f</size>
         <input_file_ref idref="fl-25"/>
      </object_component>
      <object_component id="oc-2c2">
         <name>.text:_ti_sysbios_knl_Task_blockI__E</name>
         <load_address>0x8a055</load_address>
         <run_address>0x8a055</run_address>
         <size>0x1e</size>
         <input_file_ref idref="fl-19"/>
      </object_component>
      <object_component id="oc-279">
         <name>.text:_myTickFxn</name>
         <load_address>0x8a073</load_address>
         <run_address>0x8a073</run_address>
         <size>0x1d</size>
         <input_file_ref idref="fl-5"/>
      </object_component>
      <object_component id="oc-326">
         <name>.text:_ti_sysbios_family_c28_TaskSupport_swap__E</name>
         <load_address>0x8a090</load_address>
         <run_address>0x8a090</run_address>
         <size>0x1d</size>
         <input_file_ref idref="fl-1d"/>
      </object_component>
      <object_component id="oc-361">
         <name>.text:_ti_sysbios_gates_GateHwi_Object__create__S</name>
         <load_address>0x8a0ad</load_address>
         <run_address>0x8a0ad</run_address>
         <size>0x1d</size>
         <input_file_ref idref="fl-11"/>
      </object_component>
      <object_component id="oc-2a6">
         <name>.text:_ti_sysbios_gates_GateMutex_Object__create__S</name>
         <load_address>0x8a0ca</load_address>
         <run_address>0x8a0ca</run_address>
         <size>0x1d</size>
         <input_file_ref idref="fl-11"/>
      </object_component>
      <object_component id="oc-311">
         <name>.text:_ti_sysbios_knl_Semaphore_construct</name>
         <load_address>0x8a0e7</load_address>
         <run_address>0x8a0e7</run_address>
         <size>0x1d</size>
         <input_file_ref idref="fl-11"/>
      </object_component>
      <object_component id="oc-37d">
         <name>.text:_xdc_runtime_SysMin_putch__E</name>
         <load_address>0x8a104</load_address>
         <run_address>0x8a104</run_address>
         <size>0x1d</size>
         <input_file_ref idref="fl-29"/>
      </object_component>
      <object_component id="oc-271">
         <name>.text</name>
         <load_address>0x8a121</load_address>
         <run_address>0x8a121</run_address>
         <size>0x1d</size>
         <input_file_ref idref="fl-44"/>
      </object_component>
      <object_component id="oc-32a">
         <name>.text:_ti_sysbios_hal_Hwi_checkStack</name>
         <load_address>0x8a13e</load_address>
         <run_address>0x8a13e</run_address>
         <size>0x1c</size>
         <input_file_ref idref="fl-19"/>
      </object_component>
      <object_component id="oc-364">
         <name>.text:_xdc_runtime_SysMin_output__I</name>
         <load_address>0x8a15a</load_address>
         <run_address>0x8a15a</run_address>
         <size>0x1c</size>
         <input_file_ref idref="fl-11"/>
      </object_component>
      <object_component id="oc-3d3">
         <name>.text:_ti_sysbios_family_c28_Hwi_switchAndDispatch__I</name>
         <load_address>0x8a176</load_address>
         <run_address>0x8a176</run_address>
         <size>0x1b</size>
         <input_file_ref idref="fl-1a"/>
      </object_component>
      <object_component id="oc-2c9">
         <name>.text:_ti_sysbios_hal_Hwi_initStack</name>
         <load_address>0x8a191</load_address>
         <run_address>0x8a191</run_address>
         <size>0x1b</size>
         <input_file_ref idref="fl-19"/>
      </object_component>
      <object_component id="oc-3c5">
         <name>.text:_ti_sysbios_knl_Task_processVitalTaskFlag__I</name>
         <load_address>0x8a1ac</load_address>
         <run_address>0x8a1ac</run_address>
         <size>0x1b</size>
         <input_file_ref idref="fl-19"/>
      </object_component>
      <object_component id="oc-3a3">
         <name>.text:_xdc_runtime_System_avprintf__E</name>
         <load_address>0x8a1c7</load_address>
         <run_address>0x8a1c7</run_address>
         <size>0x1a</size>
         <input_file_ref idref="fl-28"/>
      </object_component>
      <object_component id="oc-369">
         <name>.text:_ti_sysbios_knl_Queue_construct</name>
         <load_address>0x8a1e1</load_address>
         <run_address>0x8a1e1</run_address>
         <size>0x19</size>
         <input_file_ref idref="fl-11"/>
      </object_component>
      <object_component id="oc-2b5">
         <name>.text:_ti_sysbios_knl_Swi_restore__E</name>
         <load_address>0x8a1fa</load_address>
         <run_address>0x8a1fa</run_address>
         <size>0x19</size>
         <input_file_ref idref="fl-19"/>
      </object_component>
      <object_component id="oc-2cb">
         <name>.text:_xdc_runtime_System_vprintf__E</name>
         <load_address>0x8a213</load_address>
         <run_address>0x8a213</run_address>
         <size>0x19</size>
         <input_file_ref idref="fl-28"/>
      </object_component>
      <object_component id="oc-308">
         <name>.text:_ti_sysbios_family_xxx_Hwi_switchAndRunFunc</name>
         <load_address>0x8a22c</load_address>
         <run_address>0x8a22c</run_address>
         <size>0x18</size>
         <input_file_ref idref="fl-1a"/>
      </object_component>
      <object_component id="oc-380">
         <name>.text:_xdc_runtime_LoggerBuf_reset__E</name>
         <load_address>0x8a244</load_address>
         <run_address>0x8a244</run_address>
         <size>0x18</size>
         <input_file_ref idref="fl-25"/>
      </object_component>
      <object_component id="oc-339">
         <name>.text:_xdc_runtime_System_putchar__I</name>
         <load_address>0x8a25c</load_address>
         <run_address>0x8a25c</run_address>
         <size>0x18</size>
         <input_file_ref idref="fl-28"/>
      </object_component>
      <object_component id="oc-286">
         <name>.text:_ti_sysbios_family_c28_Timer_startup__E</name>
         <load_address>0x8a274</load_address>
         <run_address>0x8a274</run_address>
         <size>0x17</size>
         <input_file_ref idref="fl-19"/>
      </object_component>
      <object_component id="oc-27a">
         <name>.text:_ti_sysbios_knl_Clock_doTick__I</name>
         <load_address>0x8a28b</load_address>
         <run_address>0x8a28b</run_address>
         <size>0x17</size>
         <input_file_ref idref="fl-11"/>
      </object_component>
      <object_component id="oc-2b8">
         <name>.text:_ti_sysbios_knl_Semaphore_pendTimeout__I</name>
         <load_address>0x8a2a2</load_address>
         <run_address>0x8a2a2</run_address>
         <size>0x17</size>
         <input_file_ref idref="fl-19"/>
      </object_component>
      <object_component id="oc-2c4">
         <name>.text:_ti_sysbios_knl_Task_restore__E</name>
         <load_address>0x8a2b9</load_address>
         <run_address>0x8a2b9</run_address>
         <size>0x17</size>
         <input_file_ref idref="fl-19"/>
      </object_component>
      <object_component id="oc-2d3">
         <name>.text:_ti_sysbios_knl_Task_unblockI__E</name>
         <load_address>0x8a2d0</load_address>
         <run_address>0x8a2d0</run_address>
         <size>0x17</size>
         <input_file_ref idref="fl-19"/>
      </object_component>
      <object_component id="oc-354">
         <name>.text:_xdc_runtime_LoggerBuf_Module_startup__E</name>
         <load_address>0x8a2e7</load_address>
         <run_address>0x8a2e7</run_address>
         <size>0x17</size>
         <input_file_ref idref="fl-25"/>
      </object_component>
      <object_component id="oc-33d">
         <name>.text:_xdc_runtime_Memory_valloc__E</name>
         <load_address>0x8a2fe</load_address>
         <run_address>0x8a2fe</run_address>
         <size>0x17</size>
         <input_file_ref idref="fl-26"/>
      </object_component>
      <object_component id="oc-352">
         <name>.text:_xdc_runtime_SysMin_abort__E</name>
         <load_address>0x8a315</load_address>
         <run_address>0x8a315</run_address>
         <size>0x17</size>
         <input_file_ref idref="fl-29"/>
      </object_component>
      <object_component id="oc-283">
         <name>.text:_ti_sysbios_BIOS_atExitFunc__I</name>
         <load_address>0x8a32c</load_address>
         <run_address>0x8a32c</run_address>
         <size>0x16</size>
         <input_file_ref idref="fl-11"/>
      </object_component>
      <object_component id="oc-358">
         <name>.text:_ti_sysbios_family_c28_Timer_Module_startup__E</name>
         <load_address>0x8a342</load_address>
         <run_address>0x8a342</run_address>
         <size>0x16</size>
         <input_file_ref idref="fl-19"/>
      </object_component>
      <object_component id="oc-3c1">
         <name>.text:_xdc_runtime_Text_printVisFxn__I</name>
         <load_address>0x8a358</load_address>
         <run_address>0x8a358</run_address>
         <size>0x16</size>
         <input_file_ref idref="fl-2a"/>
      </object_component>
      <object_component id="oc-259">
         <name>.text:_ti_sysbios_BIOS_startFunc__I</name>
         <load_address>0x8a36e</load_address>
         <run_address>0x8a36e</run_address>
[...]
      </symbol>
      <symbol id="sm-aec">
         <name>_ti_sysbios_family_c28_TaskSupport_buildTaskStack</name>
         <value>0x89ee4</value>
         <object_component_ref idref="oc-3d8"/>
      </symbol>
      <symbol id="sm-aed">
         <name>_ti_sysbios_family_c28_TaskSupport_swap__E</name>
         <value>0x8a090</value>
         <object_component_ref idref="oc-326"/>
      </symbol>
      <symbol id="sm-aee">
         <name>_ti_sysbios_family_c28_TaskSupport_glue</name>
         <value>0x8a6e4</value>
         <object_component_ref idref="oc-3dc"/>
      </symbol>
      <symbol id="sm-b02">
         <name>_xdc_runtime_Assert_raise__I</name>
         <value>0x89d6a</value>
         <object_component_ref idref="oc-2bf"/>
      </symbol>
      <symbol id="sm-b21">
         <name>_xdc_runtime_Core_deleteObject__I</name>
         <value>0x8998e</value>
         <object_component_ref idref="oc-2e1"/>
      </symbol>
      <symbol id="sm-b22">
         <name>_xdc_runtime_Core_createObject__I</name>
         <value>0x88ba3</value>
         <object_component_ref idref="oc-2de"/>
      </symbol>
      <symbol id="sm-b3a">
         <name>_xdc_runtime_Core_constructObject__I</name>
         <value>0x88e9f</value>
         <object_component_ref idref="oc-33f"/>
      </symbol>
      <symbol id="sm-b48">
         <name>_xdc_runtime_Core_assignParams__I</name>
         <value>0x89c54</value>
         <object_component_ref idref="oc-30f"/>
      </symbol>
      <symbol id="sm-b73">
         <name>_xdc_runtime_Error_getSite__E</name>
         <value>0x8a85f</value>
         <object_component_ref idref="oc-37a"/>
      </symbol>
      <symbol id="sm-b74">
         <name>_xdc_runtime_Error_print__E</name>
         <value>0x89bf3</value>
         <object_component_ref idref="oc-351"/>
      </symbol>
      <symbol id="sm-b75">
         <name>_xdc_runtime_Error_policyDefault__E</name>
         <value>0x89545</value>
         <object_component_ref idref="oc-2c6"/>
      </symbol>
      <symbol id="sm-b76">
         <name>_xdc_runtime_Error_init__E</name>
         <value>0x8a67d</value>
         <object_component_ref idref="oc-32b"/>
      </symbol>
      <symbol id="sm-b77">
         <name>_xdc_runtime_Error_raiseX__E</name>
         <value>0x8a3d2</value>
         <object_component_ref idref="oc-26e"/>
      </symbol>
      <symbol id="sm-b78">
         <name>_xdc_runtime_Error_check__E</name>
         <value>0x8a57e</value>
         <object_component_ref idref="oc-393"/>
      </symbol>
      <symbol id="sm-b79">
         <name>_xdc_runtime_Error_setX__E</name>
         <value>0x89d97</value>
         <object_component_ref idref="oc-2f3"/>
      </symbol>
      <symbol id="sm-b87">
         <name>_xdc_runtime_Gate_leaveSystem__E</name>
         <value>0x8a7d7</value>
         <object_component_ref idref="oc-2af"/>
      </symbol>
      <symbol id="sm-b88">
         <name>_xdc_runtime_Gate_enterSystem__E</name>
         <value>0x8a7d1</value>
         <object_component_ref idref="oc-297"/>
      </symbol>
      <symbol id="sm-bc9">
         <name>_xdc_runtime_HeapStd_isBlocking__E</name>
         <value>0x8a861</value>
         <object_component_ref idref="oc-3b7"/>
      </symbol>
      <symbol id="sm-bca">
         <name>_xdc_runtime_HeapStd_getStats__E</name>
         <value>0x8a79d</value>
         <object_component_ref idref="oc-3b8"/>
      </symbol>
      <symbol id="sm-bcb">
         <name>_xdc_runtime_HeapStd_free__E</name>
         <value>0x8940b</value>
         <object_component_ref idref="oc-3b6"/>
      </symbol>
      <symbol id="sm-bcc">
         <name>_xdc_runtime_HeapStd_Instance_init__E</name>
         <value>0x88fb4</value>
         <object_component_ref idref="oc-3d1"/>
      </symbol>
      <symbol id="sm-bcd">
         <name>_xdc_runtime_HeapStd_alloc__E</name>
         <value>0x885fc</value>
         <object_component_ref idref="oc-3b5"/>
      </symbol>
      <symbol id="sm-c1c">
         <name>_xdc_runtime_LoggerBuf_write0__E</name>
         <value>0x8a58b</value>
         <object_component_ref idref="oc-370"/>
      </symbol>
      <symbol id="sm-c1d">
         <name>_xdc_runtime_LoggerBuf_Instance_init__E</name>
         <value>0x89c24</value>
         <object_component_ref idref="oc-39f"/>
      </symbol>
      <symbol id="sm-c1e">
         <name>_xdc_runtime_LoggerBuf_Module_startup__E</name>
         <value>0x8a2e7</value>
         <object_component_ref idref="oc-354"/>
      </symbol>
      <symbol id="sm-c1f">
         <name>_xdc_runtime_LoggerBuf_reset__E</name>
         <value>0x8a244</value>
         <object_component_ref idref="oc-380"/>
      </symbol>
      <symbol id="sm-c20">
         <name>_xdc_runtime_LoggerBuf_Instance_finalize__E</name>
         <value>0x8a652</value>
         <object_component_ref idref="oc-3a0"/>
      </symbol>
      <symbol id="sm-c21">
         <name>_xdc_runtime_LoggerBuf_write4__E</name>
         <value>0x89239</value>
         <object_component_ref idref="oc-373"/>
      </symbol>
      <symbol id="sm-c22">
         <name>_xdc_runtime_LoggerBuf_getFilterLevel__E</name>
         <value>0x899cc</value>
         <object_component_ref idref="oc-375"/>
      </symbol>
      <symbol id="sm-c23">
         <name>_xdc_runtime_LoggerBuf_disable__E</name>
         <value>0x8a7ed</value>
         <object_component_ref idref="oc-36f"/>
      </symbol>
      <symbol id="sm-c24">
         <name>_xdc_runtime_LoggerBuf_setFilterLevel__E</name>
         <value>0x89a09</value>
         <object_component_ref idref="oc-374"/>
      </symbol>
      <symbol id="sm-c25">
         <name>_xdc_runtime_LoggerBuf_write8__E</name>
         <value>0x88a24</value>
         <object_component_ref idref="oc-32e"/>
      </symbol>
      <symbol id="sm-c26">
         <name>_xdc_runtime_LoggerBuf_write2__E</name>
         <value>0x8a4bf</value>
         <object_component_ref idref="oc-372"/>
      </symbol>
      <symbol id="sm-c27">
         <name>_xdc_runtime_LoggerBuf_filterOutEvent__I</name>
         <value>0x8a036</value>
         <object_component_ref idref="oc-34b"/>
      </symbol>
      <symbol id="sm-c28">
         <name>_xdc_runtime_LoggerBuf_write1__E</name>
         <value>0x8a598</value>
         <object_component_ref idref="oc-371"/>
      </symbol>
      <symbol id="sm-c29">
         <name>_xdc_runtime_LoggerBuf_enable__E</name>
         <value>0x8a7dd</value>
         <object_component_ref idref="oc-36e"/>
      </symbol>
      <symbol id="sm-c44">
         <name>_xdc_runtime_Memory_calloc__E</name>
         <value>0x8a777</value>
         <object_component_ref idref="oc-310"/>
      </symbol>
      <symbol id="sm-c45">
         <name>_xdc_runtime_Memory_free__E</name>
         <value>0x8a687</value>
         <object_component_ref idref="oc-313"/>
      </symbol>
      <symbol id="sm-c46">
         <name>_xdc_runtime_Memory_valloc__E</name>
         <value>0x8a2fe</value>
         <object_component_ref idref="oc-33d"/>
      </symbol>
      <symbol id="sm-c47">
         <name>_xdc_runtime_Memory_alloc__E</name>
         <value>0x898d2</value>
         <object_component_ref idref="oc-365"/>
      </symbol>
      <symbol id="sm-c48">
         <name>_xdc_runtime_Memory_getMaxDefaultTypeAlign__E</name>
         <value>0x8a7fe</value>
         <object_component_ref idref="oc-394"/>
      </symbol>
      <symbol id="sm-c6a">
         <name>_xdc_runtime_Startup_startMods__I</name>
         <value>0x89328</value>
         <object_component_ref idref="oc-2ca"/>
      </symbol>
      <symbol id="sm-c6b">
         <name>_xdc_runtime_Startup_rtsDone__E</name>
         <value>0x8a802</value>
         <object_component_ref idref="oc-281"/>
      </symbol>
      <symbol id="sm-c6c">
         <name>_xdc_runtime_Startup_exec__E</name>
         <value>0x89c83</value>
         <object_component_ref idref="oc-245"/>
      </symbol>
      <symbol id="sm-cf0">
         <name>_xdc_runtime_System_formatNum__I</name>
         <value>0x89b5b</value>
         <object_component_ref idref="oc-338"/>
      </symbol>
      <symbol id="sm-cf1">
         <name>_xdc_runtime_System_exit__E</name>
         <value>0x8a65d</value>
         <object_component_ref idref="oc-248"/>
      </symbol>
      <symbol id="sm-cf2">
         <name>_xdc_runtime_System_exitStd__E</name>
         <value>0x8a851</value>
         <object_component_ref idref="oc-299"/>
      </symbol>
      <symbol id="sm-cf3">
         <name>_xdc_runtime_System_printf_va__F</name>
         <value>0x8a213</value>
         <object_component_ref idref="oc-2cb"/>
      </symbol>
      <symbol id="sm-cf4">
         <name>_xdc_runtime_System_atexit__E</name>
         <value>0x89fd8</value>
         <object_component_ref idref="oc-284"/>
      </symbol>
      <symbol id="sm-cf5">
         <name>_xdc_runtime_System_abortStd__E</name>
         <value>0x8a84e</value>
         <object_component_ref idref="oc-353"/>
      </symbol>
      <symbol id="sm-cf6">
         <name>_xdc_runtime_System_putchar__I</name>
         <value>0x8a25c</value>
         <object_component_ref idref="oc-339"/>
      </symbol>
      <symbol id="sm-cf7">
         <name>_xdc_runtime_System_snprintf_va__F</name>
         <value>0x8a691</value>
         <object_component_ref idref="oc-3c2"/>
      </symbol>
      <symbol id="sm-cf8">
         <name>_xdc_runtime_System_Module_startup__E</name>
         <value>0x8a83f</value>
         <object_component_ref idref="oc-355"/>
      </symbol>
      <symbol id="sm-cf9">
         <name>_xdc_runtime_System_avprintf__E</name>
         <value>0x8a1c7</value>
         <object_component_ref idref="oc-3a3"/>
      </symbol>
      <symbol id="sm-cfa">
         <name>_xdc_runtime_System_vprintf__E</name>
         <value>0x8a213</value>
         <object_component_ref idref="oc-2cb"/>
      </symbol>
      <symbol id="sm-cfb">
         <name>_xdc_runtime_System_aprintf_va__F</name>
         <value>0x8a1c7</value>
         <object_component_ref idref="oc-3a3"/>
      </symbol>
      <symbol id="sm-cfc">
         <name>_xdc_runtime_System_doPrint__I</name>
         <value>0x88000</value>
         <object_component_ref idref="oc-300"/>
      </symbol>
      <symbol id="sm-cfd">
         <name>_xdc_runtime_System_processAtExit__E</name>
         <value>0x89f74</value>
         <object_component_ref idref="oc-276"/>
      </symbol>
      <symbol id="sm-cfe">
         <name>_xdc_runtime_System_vsnprintf__E</name>
         <value>0x8a691</value>
         <object_component_ref idref="oc-3c2"/>
      </symbol>
      <symbol id="sm-cff">
         <name>_xdc_runtime_System_abort__E</name>
         <value>0x8a5a5</value>
         <object_component_ref idref="oc-2f9"/>
      </symbol>
      <symbol id="sm-d1d">
         <name>_xdc_runtime_SysMin_abort__E</name>
         <value>0x8a315</value>
         <object_component_ref idref="oc-352"/>
      </symbol>
      <symbol id="sm-d1e">
         <name>_xdc_runtime_SysMin_ready__E</name>
         <value>0x8a77f</value>
         <object_component_ref idref="oc-335"/>
      </symbol>
      <symbol id="sm-d1f">
         <name>_xdc_runtime_SysMin_flush__E</name>
         <value>0x89e99</value>
         <object_component_ref idref="oc-306"/>
      </symbol>
      <symbol id="sm-d20">
         <name>_xdc_runtime_SysMin_Module_startup__E</name>
         <value>0x8a491</value>
         <object_component_ref idref="oc-356"/>
      </symbol>
      <symbol id="sm-d21">
         <name>_xdc_runtime_SysMin_putch__E</name>
         <value>0x8a104</value>
         <object_component_ref idref="oc-37d"/>
      </symbol>
      <symbol id="sm-d22">
         <name>_xdc_runtime_SysMin_exit__E</name>
         <value>0x8a5ee</value>
         <object_component_ref idref="oc-2d1"/>
      </symbol>
      <symbol id="sm-d5c">
         <name>_xdc_runtime_Text_putLab__E</name>
         <value>0x89851</value>
         <object_component_ref idref="oc-38f"/>
      </symbol>
      <symbol id="sm-d5d">
         <name>_xdc_runtime_Text_printVisFxn__I</name>
         <value>0x8a358</value>
         <object_component_ref idref="oc-3c1"/>
      </symbol>
      <symbol id="sm-d5e">
         <name>_xdc_runtime_Text_putMod__E</name>
         <value>0x89ab7</value>
         <object_component_ref idref="oc-3a1"/>
      </symbol>
      <symbol id="sm-d5f">
         <name>_xdc_runtime_Text_xprintf__I</name>
         <value>0x89e47</value>
         <object_component_ref idref="oc-3a2"/>
      </symbol>
      <symbol id="sm-d60">
         <name>_xdc_runtime_Text_ropeText__E</name>
         <value>0x8a69b</value>
         <object_component_ref idref="oc-2ef"/>
      </symbol>
      <symbol id="sm-d61">
         <name>_xdc_runtime_Text_putSite__E</name>
         <value>0x895a5</value>
         <object_component_ref idref="oc-37b"/>
      </symbol>
      <symbol id="sm-d6d">
         <name>___xdc__init</name>
         <value>0x8a809</value>
         <object_component_ref idref="oc-24a"/>
      </symbol>
      <symbol id="sm-d8d">
         <name>_xdc_runtime_Registry_findById__E</name>
         <value>0x8a4ce</value>
         <object_component_ref idref="oc-3bf"/>
      </symbol>
      <symbol id="sm-da8">
         <name>_c_int00</name>
         <value>0x89476</value>
         <object_component_ref idref="oc-97"/>
      </symbol>
      <symbol id="sm-da9">
         <name>__stack</name>
         <value>0x122</value>
         <object_component_ref idref="oc-1cb"/>
      </symbol>
      <symbol id="sm-dc0">
         <name>_ti_catalog_c2800_initF2837x_Boot_initFlash</name>
         <value>0xb000</value>
         <object_component_ref idref="oc-2fa"/>
      </symbol>
      <symbol id="sm-dc1">
         <name>_ti_catalog_c2800_initF2837x_Boot_defaultLimpAbortFunction</name>
         <value>0x8a869</value>
         <object_component_ref idref="oc-2c7"/>
      </symbol>
      <symbol id="sm-dc2">
         <name>_ti_catalog_c2800_initF2837x_Boot_configurePllDivs</name>
         <value>0x896b0</value>
         <object_component_ref idref="oc-26f"/>
      </symbol>
      <symbol id="sm-dc3">
         <name>_ti_catalog_c2800_initF2837x_Boot_initSharedRAMs</name>
         <value>0x8a747</value>
         <object_component_ref idref="oc-270"/>
      </symbol>
      <symbol id="sm-dcf">
         <name>_ti_catalog_c2800_initF2837x_Boot_entry</name>
         <value>0x80000</value>
         <object_component_ref idref="oc-98"/>
      </symbol>
      <symbol id="sm-dfe">
         <name>_atan2f</name>
         <value>0x887c6</value>
         <object_component_ref idref="oc-249"/>
      </symbol>
      <symbol id="sm-e00">
         <name>_atan2</name>
         <value>0x887c6</value>
         <object_component_ref idref="oc-249"/>
      </symbol>
      <symbol id="sm-e25">
         <name>_atan</name>
         <value>0x88898</value>
         <object_component_ref idref="oc-278"/>
      </symbol>
      <symbol id="sm-e26">
         <name>_atanf</name>
         <value>0x88898</value>
         <object_component_ref idref="oc-278"/>
      </symbol>
      <symbol id="sm-e4a">
         <name>FS$$DIV</name>
         <value>0x88f2c</value>
         <object_component_ref idref="oc-1ef"/>
      </symbol>
      <symbol id="sm-e76">
         <name>ULL$$MOD</name>
         <value>0x8859a</value>
         <object_component_ref idref="oc-1f4"/>
      </symbol>
      <symbol id="sm-e77">
         <name>ULL$$DIV</name>
         <value>0x8856b</value>
         <object_component_ref idref="oc-1f4"/>
      </symbol>
      <symbol id="sm-e78">
         <name>LL$$MOD</name>
         <value>0x88531</value>
         <object_component_ref idref="oc-1f4"/>
      </symbol>
      <symbol id="sm-e79">
         <name>LL$$DIV</name>
         <value>0x884f5</value>
         <object_component_ref idref="oc-1f4"/>
      </symbol>
      <symbol id="sm-e85">
         <name>U$$MOD</name>
         <value>0x8a66d</value>
         <object_component_ref idref="oc-1f9"/>
      </symbol>
      <symbol id="sm-e86">
         <name>U$$DIV</name>
         <value>0x8a668</value>
         <object_component_ref idref="oc-1f9"/>
      </symbol>
      <symbol id="sm-e95">
         <name>_copy_in</name>
         <value>0x89f2d</value>
         <object_component_ref idref="oc-244"/>
      </symbol>
      <symbol id="sm-ea7">
         <name>_memcpy</name>
         <value>0x8a121</value>
         <object_component_ref idref="oc-271"/>
      </symbol>
      <symbol id="sm-eb4">
         <name>__system_pre_init</name>
         <value>0x8a863</value>
         <object_component_ref idref="oc-242"/>
      </symbol>
      <symbol id="sm-ec2">
         <name>__system_post_cinit</name>
         <value>0x8a86f</value>
         <object_component_ref idref="oc-246"/>
      </symbol>
      <symbol id="sm-ed7">
         <name>C$$EXIT</name>
         <value>0x89e70</value>
         <object_component_ref idref="oc-2d2"/>
      </symbol>
      <symbol id="sm-ed8">
         <name>_exit</name>
         <value>0x89e72</value>
         <object_component_ref idref="oc-2d2"/>
      </symbol>
      <symbol id="sm-eda">
         <name>___TI_cleanup_ptr</name>
         <value>0x8c64</value>
         <object_component_ref idref="oc-214"/>
      </symbol>
      <symbol id="sm-edb">
         <name>___TI_enable_exit_profile_output</name>
         <value>0x8c62</value>
         <object_component_ref idref="oc-214"/>
      </symbol>
      <symbol id="sm-edc">
         <name>_abort</name>
         <value>0x89e70</value>
         <object_component_ref idref="oc-2d2"/>
      </symbol>
      <symbol id="sm-ede">
         <name>___TI_dtors_ptr</name>
         <value>0x8c66</value>
         <object_component_ref idref="oc-214"/>
      </symbol>
      <symbol id="sm-ef2">
         <name>__unlock</name>
         <value>0x8c6a</value>
         <object_component_ref idref="oc-2e2"/>
      </symbol>
      <symbol id="sm-ef3">
         <name>__lock</name>
         <value>0x8c68</value>
         <object_component_ref idref="oc-2e3"/>
      </symbol>
      <symbol id="sm-ef4">
         <name>__register_lock</name>
         <value>0x8a742</value>
         <object_component_ref idref="oc-2ab"/>
      </symbol>
      <symbol id="sm-ef6">
         <name>__nop</name>
         <value>0x8a746</value>
         <object_component_ref idref="oc-2ab"/>
      </symbol>
      <symbol id="sm-ef8">
         <name>__register_unlock</name>
         <value>0x8a73e</value>
         <object_component_ref idref="oc-2ab"/>
      </symbol>
      <symbol id="sm-f08">
         <name>__args_main</name>
         <value>0x8a41b</value>
         <object_component_ref idref="oc-247"/>
      </symbol>
      <symbol id="sm-f17">
         <name>_memset</name>
         <value>0x8a7b2</value>
         <object_component_ref idref="oc-366"/>
      </symbol>
      <symbol id="sm-f2e">
         <name>_strlen</name>
         <value>0x8a787</value>
         <object_component_ref idref="oc-337"/>
      </symbol>
      <symbol id="sm-f3c">
         <name>_HOSTwrite</name>
         <value>0x89a7e</value>
         <object_component_ref idref="oc-392"/>
      </symbol>
      <symbol id="sm-f56">
         <name>___TI_readmsg</name>
         <value>0x88dd4</value>
         <object_component_ref idref="oc-3b2"/>
      </symbol>
      <symbol id="sm-f58">
         <name>C$$IO$$</name>
         <value>0x88dcf</value>
         <object_component_ref idref="oc-3b2"/>
      </symbol>
      <symbol id="sm-f59">
         <name>__CIOBUF_</name>
         <value>0x8d80</value>
         <object_component_ref idref="oc-238"/>
      </symbol>
      <symbol id="sm-f5a">
         <name>___TI_writemsg</name>
         <value>0x88d7c</value>
         <object_component_ref idref="oc-3b2"/>
      </symbol>
      <symbol id="sm-f67">
         <name>_parmbuf</name>
         <value>0x89f8</value>
         <object_component_ref idref="oc-3b1"/>
      </symbol>
   </symbol_table>
   <title>Link successful</title>
</link_info>
