******************************************************************************
             TMS320C2000 Linker PC v20.2.5                     
******************************************************************************
>> Linked Wed Dec  6 02:55:52 2023

OUTPUT FILE NAME:   <labproject.out>
ENTRY POINT SYMBOL: "_c_int00"  address: 00089476


MEMORY CONFIGURATION

         name            origin    length      used     unused   attr    fill
----------------------  --------  ---------  --------  --------  ----  --------
PAGE 0:
  D01SARAM              0000b000   00001000  0000002b  00000fd5  RWIX
  BEGIN                 00080000   00000002  00000002  00000000  RWIX
  FLASHA                00080002   00001ffe  00000bdd  00001421  RWIX
  FLASHB                00082000   00002000  00000000  00002000  RWIX
  FLASHC                00084000   00002000  00000000  00002000  RWIX
  FLASHD                00086000   00002000  00000000  00002000  RWIX
  FLASHE                00088000   00008000  000028df  00005721  RWIX
  FLASHF                00090000   00008000  00000000  00008000  RWIX
  FLASHG                00098000   00008000  00000000  00008000  RWIX
  FLASHH                000a0000   00008000  00000000  00008000  RWIX
  FLASHI                000a8000   00008000  00000000  00008000  RWIX
  FLASHJ                000b0000   00008000  00000000  00008000  RWIX
  FLASHK                000b8000   00002000  00000000  00002000  RWIX
  FLASHL                000ba000   00002000  00000000  00002000  RWIX
  FLASHM                000bc000   00002000  00000000  00002000  RWIX
  FLASHN                000be000   00002000  00000000  00002000  RWIX
  RESET                 003fffc0   00000002  00000000  00000002  RWIX

PAGE 1:
  BOOT_RSVD             00000002   00000120  00000000  00000120  RWIX
  M01SARAM              00000122   000006de  00000188  00000556  RWIX
  ADCARESULT            00000b00   00000018  00000018  00000000  RWIX
  ADCBRESULT            00000b20   00000018  00000018  00000000  RWIX
  ADCCRESULT            00000b40   00000018  00000018  00000000  RWIX
  ADCDRESULT            00000b60   00000018  00000018  00000000  RWIX
  CPUTIMER0             00000c00   00000008  00000008  00000000  RWIX
  CPUTIMER1             00000c08   00000008  00000008  00000000  RWIX
  CPUTIMER2             00000c10   00000008  00000008  00000000  RWIX
  PIECTRL               00000ce0   0000001a  0000001a  00000000  RWIX
  PIEVECTTABLE          00000d00   00000200  00000000  00000200  RWIX
  DMA                   00001000   00000200  000000e0  00000120  RWIX
  CLA1                  00001400   00000080  0000003e  00000042  RWIX
  CLB1LOGICCFG          00003000   00000052  0000003e  00000014  RWIX
  CLB1LOGICCTRL         00003100   00000040  00000040  00000000  RWIX
  CLB1DATAEXCH          00003200   00000200  00000108  000000f8  RWIX
  CLB2LOGICCFG          00003400   00000052  0000003e  00000014  RWIX
  CLB2LOGICCTRL         00003500   00000040  00000040  00000000  RWIX
  CLB2DATAEXCH          00003600   00000200  00000108  000000f8  RWIX
  CLB3LOGICCFG          00003800   00000052  0000003e  00000014  RWIX
  CLB3LOGICCTRL         00003900   00000040  00000040  00000000  RWIX
  CLB3DATAEXCH          00003a00   00000200  00000108  000000f8  RWIX
  CLB4LOGICCFG          00003c00   00000052  0000003e  00000014  RWIX
  CLB4LOGICCTRL         00003d00   00000040  00000040  00000000  RWIX
  CLB4DATAEXCH          00003e00   00000200  00000108  000000f8  RWIX
  EPWM1                 00004000   00000100  00000100  00000000  RWIX
  EPWM2                 00004100   00000100  00000100  00000000  RWIX
  EPWM3                 00004200   00000100  00000100  00000000  RWIX
  EPWM4                 00004300   00000100  00000100  00000000  RWIX
  EPWM5                 00004400   00000100  00000100  00000000  RWIX
  EPWM6                 00004500   00000100  00000100  00000000  RWIX
  EPWM7                 00004600   00000100  00000100  00000000  RWIX
  EPWM8                 00004700   00000100  00000100  00000000  RWIX
  EPWM9                 00004800   00000100  00000100  00000000  RWIX
  EPWM10                00004900   00000100  00000100  00000000  RWIX
  EPWM11                00004a00   00000100  00000100  00000000  RWIX
  EPWM12                00004b00   00000100  00000100  00000000  RWIX
  ECAP1                 00005000   00000020  0000001a  00000006  RWIX
  ECAP2                 00005020   00000020  0000001a  00000006  RWIX
  ECAP3                 00005040   00000020  0000001a  00000006  RWIX
  ECAP4                 00005060   00000020  0000001a  00000006  RWIX
  ECAP5                 00005080   00000020  0000001a  00000006  RWIX
  ECAP6                 000050a0   00000020  0000001a  00000006  RWIX
  EQEP1                 00005100   00000022  00000022  00000000  RWIX
  EQEP2                 00005140   00000022  00000022  00000000  RWIX
  EQEP3                 00005180   00000022  00000022  00000000  RWIX
  DACA                  00005c00   00000008  00000007  00000001  RWIX
  DACB                  00005c10   00000008  00000007  00000001  RWIX
  DACC                  00005c20   00000008  00000007  00000001  RWIX
  CMPSS1                00005c80   00000020  0000001b  00000005  RWIX
  CMPSS2                00005ca0   00000020  0000001b  00000005  RWIX
  CMPSS3                00005cc0   00000020  0000001b  00000005  RWIX
  CMPSS4                00005ce0   00000020  0000001b  00000005  RWIX
  CMPSS5                00005d00   00000020  0000001b  00000005  RWIX
  CMPSS6                00005d20   00000020  0000001b  00000005  RWIX
  CMPSS7                00005d40   00000020  0000001b  00000005  RWIX
  CMPSS8                00005d60   00000020  0000001b  00000005  RWIX
  SDFM1                 00005e00   00000080  00000048  00000038  RWIX
  SDFM2                 00005e80   00000080  00000048  00000038  RWIX
  MCBSPA                00006000   00000024  00000024  00000000  RWIX
  MCBSPB                00006040   00000024  00000024  00000000  RWIX
  SPIA                  00006100   00000010  00000010  00000000  RWIX
  SPIB                  00006110   00000010  00000010  00000000  RWIX
  SPIC                  00006120   00000010  00000010  00000000  RWIX
  UPP                   00006200   00000048  00000048  00000000  RWIX
  WD                    00007000   0000002b  0000002b  00000000  RWIX
  NMIINTRUPT            00007060   00000007  00000007  00000000  RWIX
  XINT                  00007070   0000000b  0000000b  00000000  RWIX
  SCIA                  00007200   00000010  00000010  00000000  RWIX
  SCIB                  00007210   00000010  00000010  00000000  RWIX
  SCIC                  00007220   00000010  00000010  00000000  RWIX
  SCID                  00007230   00000010  00000010  00000000  RWIX
  I2CA                  00007300   00000022  00000022  00000000  RWIX
  I2CB                  00007340   00000022  00000022  00000000  RWIX
  ADCA                  00007400   00000080  0000007c  00000004  RWIX
  ADCB                  00007480   00000080  0000007c  00000004  RWIX
  ADCC                  00007500   00000080  0000007c  00000004  RWIX
  ADCD                  00007580   00000080  0000007c  00000004  RWIX
  INPUTXBAR             00007900   00000020  00000020  00000000  RWIX
  XBAR                  00007920   00000020  0000000e  00000012  RWIX
  SYNCSOC               00007940   00000006  00000006  00000000  RWIX
  DMACLASRCSEL          00007980   0000001a  0000001a  00000000  RWIX
  EPWMXBAR              00007a00   00000040  00000040  00000000  RWIX
  CLBXBAR               00007a40   00000040  00000040  00000000  RWIX
  OUTPUTXBAR            00007a80   00000040  00000040  00000000  RWIX
  GPIOCTRL              00007c00   00000180  00000180  00000000  RWIX
  GPIODATA              00007f00   00000030  00000030  00000000  RWIX
  LS05SARAM             00008000   00003000  00000c60  000023a0  RWIX
  RAMGS0                0000c000   00001000  00000000  00001000  RWIX
  RAMGS1                0000d000   00001000  00000000  00001000  RWIX
  RAMGS2                0000e000   00001000  00000000  00001000  RWIX
  RAMGS3                0000f000   00001000  00000000  00001000  RWIX
  RAMGS4                00010000   00001000  00001000  00000000  RWIX
  RAMGS5                00011000   00001000  00000802  000007fe  RWIX
  RAMGS6                00012000   00001000  00001000  00000000  RWIX
  RAMGS7                00013000   00001000  00001000  00000000  RWIX
  RAMGS8                00014000   00001000  00000000  00001000  RWIX
  RAMGS9                00015000   00001000  00000000  00001000  RWIX
  RAMGS10               00016000   00001000  00000000  00001000  RWIX
  RAMGS11               00017000   00001000  00000000  00001000  RWIX
  RAMGS12               00018000   00001000  00000000  00001000  RWIX
  RAMGS13               00019000   00001000  00000000  00001000  RWIX
  RAMGS14               0001a000   00001000  00000000  00001000  RWIX
  RAMGS15               0001b000   00001000  00000000  00001000  RWIX
  CPU2TOCPU1RAM         0003f800   00000400  00000000  00000400  RWIX
  CPU1TOCPU2RAM         0003fc00   00000400  00000000  00000400  RWIX
  EMIF1                 00047000   00000070  00000028  00000048  RWIX
  EMIF2                 00047800   00000070  00000028  00000048  RWIX
  CANA                  00048000   00000200  00000164  0000009c  RWIX
  CANB                  0004a000   00000200  00000164  0000009c  RWIX
  IPC                   00050000   00000024  00000024  00000000  RWIX
  FLASHPUMPSEMAPHORE    00050024   00000002  00000002  00000000  RWIX
  DEVCFG                0005d000   0000012e  0000012e  00000000  RWIX
  ANALOGSUBSYS          0005d180   00000048  0000003e  0000000a  RWIX
  CLKCFG                0005d200   00000032  00000032  00000000  RWIX
  CPUSYS                0005d300   00000082  00000082  00000000  RWIX
  ROMPREFETCH           0005e608   00000002  00000002  00000000  RWIX
  DCSMZ1                0005f000   00000023  00000022  00000001  RWIX
  DCSMZ2                0005f040   00000023  00000022  00000001  RWIX
  DCSMCOMMON            0005f070   00000008  00000006  00000002  RWIX
  MEMCFG                0005f400   00000080  00000076  0000000a  RWIX
  EMIF1CONFIG           0005f480   00000020  0000000a  00000016  RWIX
  EMIF2CONFIG           0005f4a0   00000020  0000000a  00000016  RWIX
  ACCESSPROTECTION      0005f4c0   00000040  0000002e  00000012  RWIX
  MEMORYERROR           0005f500   00000040  0000003a  00000006  RWIX
  ROMWAITSTATE          0005f540   00000002  00000002  00000000  RWIX
  FLASH0CTRL            0005f800   00000182  00000182  00000000  RWIX
  FLASH0ECC             0005fb00   00000028  00000028  00000000  RWIX


SECTION ALLOCATION MAP

 output                                  attributes/
section   page    origin      length       input sections
--------  ----  ----------  ----------   ----------------
PieVectTableFile 
*          0    00000d00    000001c0     DSECT
                  00000d00    000001c0     F2837xD_GlobalVariableDefs.obj (PieVectTableFile)

EmuKeyVar 
*          0    00000d00    00000000     DSECT

EmuBModeVar 
*          0    00000d00    00000000     DSECT

EmuBootPinsVar 
*          0    00000d00    00000000     DSECT

FlashCallbackVar 
*          0    00000d00    00000000     DSECT

FlashScalingVar 
*          0    00000d00    00000000     DSECT

.ti_catalog_c2800_initF2837x_begin 
*          0    00080000    00000002     
                  00080000    00000002     Boot.a28FP : Boot_asm.o28FP (.ti_catalog_c2800_initF2837x_begin)

.cinit     0    0008002d    00000617     
                  0008002d    000001c3     Lab2Idle_p28FP.o28FP (.cinit:_ti_sysbios_family_c28_Hwi_Module_State_0_dispatchTable__A)
                  000801f0    00000125     Lab2Idle_p28FP.o28FP (.cinit)
                  00080315    000000d5     Lab2Idle_p28FP.o28FP (.cinit:_ti_sysbios_knl_Task_Object__table__V)
                  000803ea    0000007b     Lab2Idle_p28FP.o28FP (.cinit:_ti_sysbios_knl_Swi_Object__table__V)
                  00080465    0000004b     Lab2Idle_p28FP.o28FP (.cinit:_ti_sysbios_family_c28_Timer_Object__table__V)
                  000804b0    00000043     Lab2Idle_p28FP.o28FP (.cinit:_ti_sysbios_family_c28_Hwi_Object__table__V)
                  000804f3    00000043     Lab2Idle_p28FP.o28FP (.cinit:_ti_sysbios_knl_Swi_Module_State_0_readyQ__A)
                  00080536    00000043     Lab2Idle_p28FP.o28FP (.cinit:_ti_sysbios_knl_Task_Module_State_0_readyQ__A)
                  00080579    00000038     LabProject_main.obj (.cinit)
                  000805b1    00000035     Lab2Idle_p28FP.o28FP (.cinit:_ti_sysbios_knl_Semaphore_Object__table__V)
                  000805e6    00000015     Lab2Idle_p28FP.o28FP (.cinit:_xdc_runtime_LoggerBuf_Object__table__V)
                  000805fb    00000011     Lab2Idle_p28FP.o28FP (.cinit:_ti_sysbios_gates_GateMutex_Object__table__V)
                  0008060c    0000000e     rts2800_fpu32.lib : exit.c.obj (.cinit)
                  0008061a    0000000b     Lab2Idle_p28FP.o28FP (.cinit:_xdc_runtime_System_Module_State_0_atexitHandlers__A)
                  00080625    00000009     Lab2Idle_p28FP.o28FP (.cinit:_xdc_runtime_HeapStd_Object__table__V)
                  0008062e    00000005     rts2800_fpu32.lib : _lock.c.obj (.cinit:__lock)
                  00080633    00000005                       : _lock.c.obj (.cinit:__unlock)
                  00080638    00000005     Lab2Idle_p28FP.o28FP (.cinit:_ti_sysbios_gates_GateHwi_Object__table__V)
                  0008063d    00000005     Lab2Idle_p28FP.o28FP (.cinit:_ti_sysbios_knl_Task_Module_State_0_idleTask__A)
                  00080642    00000002     --HOLE-- [fill = 0]

.econst    0    00080644    00000575     
                  00080644    000001c0     Lab2Idle_p28FP.o28FP (.econst:_ti_sysbios_family_c28_Hwi_vectors)
                  00080804    0000006b     Lab2Idle_p28FP.o28FP (.econst:.string)
                  0008086f    00000001     Lab2Idle_p28FP.o28FP (.econst:ti_sysbios_family_c28_Hwi_Module__id__C)
                  00080870    00000058     ti.targets.rts2800.a28FP : Error.o28FP (.econst:.string)
                  000808c8    00000047                              : Log.o28FP (.econst:.string)
                  0008090f    00000001     Lab2Idle_p28FP.o28FP (.econst:ti_sysbios_family_c28_Hwi_NUM_INTERRUPTS_ALL__C)
                  00080910    00000031     ti.targets.rts2800.a28FP : Text.o28FP (.econst:.string)
                  00080941    00000001     Lab2Idle_p28FP.o28FP (.econst:ti_sysbios_family_c28_Hwi_Object__count__C)
                  00080942    0000002a     ti.targets.rts2800.a28FP : Startup.o28FP (.econst:.string)
                  0008096c    00000024     Lab2Idle_p28FP.o28FP (.econst)
                  00080990    0000001e     Lab2Idle_p28FP.o28FP (.econst:xdc_runtime_LoggerBuf_Module__FXNS__C)
                  000809ae    00000019     ti.targets.rts2800.a28FP : System.o28FP (.econst:.string)
                  000809c7    00000001     Lab2Idle_p28FP.o28FP (.econst:ti_sysbios_family_c28_TaskSupport_Module__id__C)
                  000809c8    00000014     Lab2Idle_p28FP.o28FP (.econst:xdc_runtime_HeapStd_Module__FXNS__C)
                  000809dc    00000014     Lab2Idle_p28FP.o28FP (.econst:xdc_runtime_Startup_sfxnTab__A)
                  000809f0    00000012     Lab2Idle_p28FP.o28FP (.econst:ti_sysbios_gates_GateHwi_Module__FXNS__C)
                  00080a02    00000012     Lab2Idle_p28FP.o28FP (.econst:ti_sysbios_gates_GateMutex_Module__FXNS__C)
                  00080a14    00000012     Lab2Idle_p28FP.o28FP (.econst:xdc_runtime_LoggerBuf_Object__PARAMS__C)
                  00080a26    00000010     Lab2Idle_p28FP.o28FP (.econst:ti_sysbios_gates_GateHwi_Object__DESC__C)
                  00080a36    00000010     Lab2Idle_p28FP.o28FP (.econst:ti_sysbios_gates_GateMutex_Object__DESC__C)
                  00080a46    00000010     Lab2Idle_p28FP.o28FP (.econst:ti_sysbios_knl_Queue_Object__DESC__C)
                  00080a56    00000010     Lab2Idle_p28FP.o28FP (.econst:ti_sysbios_knl_Semaphore_Object__DESC__C)
                  00080a66    00000010     Lab2Idle_p28FP.o28FP (.econst:ti_sysbios_knl_Semaphore_Object__PARAMS__C)
                  00080a76    00000010     Lab2Idle_p28FP.o28FP (.econst:xdc_runtime_HeapStd_Object__DESC__C)
                  00080a86    00000010     Lab2Idle_p28FP.o28FP (.econst:xdc_runtime_LoggerBuf_Object__DESC__C)
                  00080a96    0000000e     LabProject_main.obj (.econst:.string)
                  00080aa4    0000000e     Lab2Idle_p28FP.o28FP (.econst:xdc_runtime_HeapStd_Object__PARAMS__C)
                  00080ab2    0000000c     rts2800_fpu32.lib : e_atan2f.c.obj (.econst)
                  00080abe    0000000c     Lab2Idle_p28FP.o28FP (.econst:ti_sysbios_gates_GateHwi_Object__PARAMS__C)
                  00080aca    0000000c     Lab2Idle_p28FP.o28FP (.econst:ti_sysbios_gates_GateMutex_Object__PARAMS__C)
                  00080ad6    0000000c     Lab2Idle_p28FP.o28FP (.econst:ti_sysbios_knl_Queue_Object__PARAMS__C)
                  00080ae2    0000000a     rts2800_fpu32.lib : s_atanf.c.obj (.econst:_aT)
                  00080aec    0000000a     Lab2Idle_p28FP.o28FP (.econst:xdc_runtime_Startup_sfxnRts__A)
                  00080af6    00000008     rts2800_fpu32.lib : s_atanf.c.obj (.econst:_atanhi)
                  00080afe    00000008                       : s_atanf.c.obj (.econst:_atanlo)
                  00080b06    00000006     Lab2Idle_p28FP.o28FP (.econst:ti_sysbios_knl_Idle_funcList__A)
                  00080b0c    00000005     ti.targets.rts2800.a28FP : Assert.o28FP (.econst:.string)
                  00080b11    00000001     Lab2Idle_p28FP.o28FP (.econst:ti_sysbios_family_c28_Timer_startupNeeded__C)
                  00080b12    00000004     rts2800_fpu32.lib : s_atanf.c.obj (.econst)
                  00080b16    00000004     Lab2Idle_p28FP.o28FP (.econst:ti_sysbios_knl_Idle_funcList__C)
                  00080b1a    00000004     Lab2Idle_p28FP.o28FP (.econst:xdc_runtime_Startup_firstFxns__A)
                  00080b1e    00000004     Lab2Idle_p28FP.o28FP (.econst:xdc_runtime_Startup_firstFxns__C)
                  00080b22    00000004     Lab2Idle_p28FP.o28FP (.econst:xdc_runtime_Startup_lastFxns__C)
                  00080b26    00000002     Lab2Idle_p28FP.o28FP (.econst:ti_sysbios_family_c28_Hwi_A_badIntNum__C)
                  00080b28    00000002     Lab2Idle_p28FP.o28FP (.econst:ti_sysbios_family_c28_Hwi_A_invalidArg__C)
                  00080b2a    00000002     Lab2Idle_p28FP.o28FP (.econst:ti_sysbios_family_c28_Hwi_E_unpluggedInterrupt__C)
                  00080b2c    00000002     Lab2Idle_p28FP.o28FP (.econst:ti_sysbios_family_c28_Hwi_Module__diagsEnabled__C)
                  00080b2e    00000002     Lab2Idle_p28FP.o28FP (.econst:ti_sysbios_family_c28_Hwi_Module__diagsIncluded__C)
                  00080b30    00000002     Lab2Idle_p28FP.o28FP (.econst:ti_sysbios_family_c28_Hwi_Module__diagsMask__C)
                  00080b32    00000002     Lab2Idle_p28FP.o28FP (.econst:ti_sysbios_family_c28_TaskSupport_E_invalidStack__C)
                  00080b34    00000002     Lab2Idle_p28FP.o28FP (.econst:ti_sysbios_gates_GateMutex_A_badContext__C)
                  00080b36    00000002     Lab2Idle_p28FP.o28FP (.econst:ti_sysbios_gates_GateMutex_Instance_State_sem__O)
                  00080b38    00000002     Lab2Idle_p28FP.o28FP (.econst:ti_sysbios_gates_GateMutex_Module__diagsEnabled__C)
                  00080b3a    00000002     Lab2Idle_p28FP.o28FP (.econst:ti_sysbios_gates_GateMutex_Module__diagsIncluded__C)
                  00080b3c    00000002     Lab2Idle_p28FP.o28FP (.econst:ti_sysbios_gates_GateMutex_Module__diagsMask__C)
                  00080b3e    00000002     Lab2Idle_p28FP.o28FP (.econst:ti_sysbios_hal_Hwi_E_stackOverflow__C)
                  00080b40    00000002     Lab2Idle_p28FP.o28FP (.econst:ti_sysbios_knl_Clock_Module_State_clockQ__O)
                  00080b42    00000002     Lab2Idle_p28FP.o28FP (.econst:ti_sysbios_knl_Semaphore_A_badContext__C)
                  00080b44    00000002     Lab2Idle_p28FP.o28FP (.econst:ti_sysbios_knl_Semaphore_A_noEvents__C)
                  00080b46    00000002     Lab2Idle_p28FP.o28FP (.econst:ti_sysbios_knl_Semaphore_A_overflow__C)
                  00080b48    00000002     Lab2Idle_p28FP.o28FP (.econst:ti_sysbios_knl_Semaphore_A_pendTaskDisabled__C)
                  00080b4a    00000002     Lab2Idle_p28FP.o28FP (.econst:ti_sysbios_knl_Semaphore_Instance_State_pendQ__O)
                  00080b4c    00000002     Lab2Idle_p28FP.o28FP (.econst:ti_sysbios_knl_Semaphore_Module__diagsEnabled__C)
                  00080b4e    00000002     Lab2Idle_p28FP.o28FP (.econst:ti_sysbios_knl_Semaphore_Module__diagsIncluded__C)
                  00080b50    00000002     Lab2Idle_p28FP.o28FP (.econst:ti_sysbios_knl_Semaphore_Module__diagsMask__C)
                  00080b52    00000002     Lab2Idle_p28FP.o28FP (.econst:ti_sysbios_knl_Task_E_spOutOfBounds__C)
                  00080b54    00000002     Lab2Idle_p28FP.o28FP (.econst:ti_sysbios_knl_Task_E_stackOverflow__C)
                  00080b56    00000002     Lab2Idle_p28FP.o28FP (.econst:ti_sysbios_knl_Task_Module_State_inactiveQ__O)
                  00080b58    00000002     Lab2Idle_p28FP.o28FP (.econst:ti_sysbios_knl_Task_allBlockedFunc__C)
                  00080b5a    00000002     Lab2Idle_p28FP.o28FP (.econst:xdc_runtime_Assert_E_assertFailed__C)
                  00080b5c    00000002     Lab2Idle_p28FP.o28FP (.econst:xdc_runtime_Core_A_initializedParams__C)
                  00080b5e    00000002     Lab2Idle_p28FP.o28FP (.econst:xdc_runtime_Core_Module__diagsEnabled__C)
                  00080b60    00000002     Lab2Idle_p28FP.o28FP (.econst:xdc_runtime_Core_Module__diagsIncluded__C)
                  00080b62    00000002     Lab2Idle_p28FP.o28FP (.econst:xdc_runtime_Core_Module__diagsMask__C)
                  00080b64    00000002     Lab2Idle_p28FP.o28FP (.econst:xdc_runtime_Error_E_memory__C)
                  00080b66    00000002     Lab2Idle_p28FP.o28FP (.econst:xdc_runtime_Error_policyFxn__C)
                  00080b68    00000002     Lab2Idle_p28FP.o28FP (.econst:xdc_runtime_Error_raiseHook__C)
                  00080b6a    00000002     Lab2Idle_p28FP.o28FP (.econst:xdc_runtime_HeapStd_A_align__C)
                  00080b6c    00000002     Lab2Idle_p28FP.o28FP (.econst:xdc_runtime_HeapStd_A_invalidTotalFreeSize__C)
                  00080b6e    00000002     Lab2Idle_p28FP.o28FP (.econst:xdc_runtime_HeapStd_A_zeroSize__C)
                  00080b70    00000002     Lab2Idle_p28FP.o28FP (.econst:xdc_runtime_HeapStd_E_noRTSMemory__C)
                  00080b72    00000002     Lab2Idle_p28FP.o28FP (.econst:xdc_runtime_HeapStd_Module__diagsEnabled__C)
                  00080b74    00000002     Lab2Idle_p28FP.o28FP (.econst:xdc_runtime_HeapStd_Module__diagsIncluded__C)
                  00080b76    00000002     Lab2Idle_p28FP.o28FP (.econst:xdc_runtime_HeapStd_Module__diagsMask__C)
                  00080b78    00000002     Lab2Idle_p28FP.o28FP (.econst:xdc_runtime_IFilterLogger_Interface__BASE__C)
                  00080b7a    00000002     Lab2Idle_p28FP.o28FP (.econst:xdc_runtime_IGateProvider_Interface__BASE__C)
                  00080b7c    00000002     Lab2Idle_p28FP.o28FP (.econst:xdc_runtime_IHeap_Interface__BASE__C)
                  00080b7e    00000002     Lab2Idle_p28FP.o28FP (.econst:xdc_runtime_ILogger_Interface__BASE__C)
                  00080b80    00000002     Lab2Idle_p28FP.o28FP (.econst:xdc_runtime_IModule_Interface__BASE__C)
                  00080b82    00000002     Lab2Idle_p28FP.o28FP (.econst:xdc_runtime_LoggerBuf_E_badLevel__C)
                  00080b84    00000002     Lab2Idle_p28FP.o28FP (.econst:xdc_runtime_LoggerBuf_Module__gateObj__C)
                  00080b86    00000002     Lab2Idle_p28FP.o28FP (.econst:xdc_runtime_LoggerBuf_statusLogger__C)
                  00080b88    00000002     Lab2Idle_p28FP.o28FP (.econst:xdc_runtime_Memory_defaultHeapInstance__C)
                  00080b8a    00000002     Lab2Idle_p28FP.o28FP (.econst:xdc_runtime_Startup_execImpl__C)
                  00080b8c    00000002     Lab2Idle_p28FP.o28FP (.econst:xdc_runtime_Startup_sfxnRts__C)
                  00080b8e    00000002     Lab2Idle_p28FP.o28FP (.econst:xdc_runtime_Startup_sfxnTab__C)
                  00080b90    00000002     Lab2Idle_p28FP.o28FP (.econst:xdc_runtime_SysMin_bufSize__C)
                  00080b92    00000002     Lab2Idle_p28FP.o28FP (.econst:xdc_runtime_SysMin_outputFunc__C)
                  00080b94    00000002     Lab2Idle_p28FP.o28FP (.econst:xdc_runtime_System_Module__gateObj__C)
                  00080b96    00000002     Lab2Idle_p28FP.o28FP (.econst:xdc_runtime_System_abortFxn__C)
                  00080b98    00000002     Lab2Idle_p28FP.o28FP (.econst:xdc_runtime_System_exitFxn__C)
                  00080b9a    00000002     Lab2Idle_p28FP.o28FP (.econst:xdc_runtime_System_extendFxn__C)
                  00080b9c    00000002     Lab2Idle_p28FP.o28FP (.econst:xdc_runtime_Text_charTab__C)
                  00080b9e    00000002     Lab2Idle_p28FP.o28FP (.econst:xdc_runtime_Text_nodeTab__A)
                  00080ba0    00000002     Lab2Idle_p28FP.o28FP (.econst:xdc_runtime_Text_visitRopeFxn__C)
                  00080ba2    00000001     Lab2Idle_p28FP.o28FP (.econst:ti_sysbios_gates_GateMutex_Module__id__C)
                  00080ba3    00000001     Lab2Idle_p28FP.o28FP (.econst:ti_sysbios_hal_Hwi_Module__id__C)
                  00080ba4    00000001     Lab2Idle_p28FP.o28FP (.econst:ti_sysbios_knl_Semaphore_Module__id__C)
                  00080ba5    00000001     Lab2Idle_p28FP.o28FP (.econst:ti_sysbios_knl_Swi_Object__count__C)
                  00080ba6    00000001     Lab2Idle_p28FP.o28FP (.econst:ti_sysbios_knl_Task_Module__id__C)
                  00080ba7    00000001     Lab2Idle_p28FP.o28FP (.econst:ti_sysbios_knl_Task_Object__count__C)
                  00080ba8    00000001     Lab2Idle_p28FP.o28FP (.econst:ti_sysbios_knl_Task_numConstructedTasks__C)
                  00080ba9    00000001     Lab2Idle_p28FP.o28FP (.econst:xdc_runtime_Core_Module__id__C)
                  00080baa    00000001     Lab2Idle_p28FP.o28FP (.econst:xdc_runtime_Error_Module__loggerDefined__C)
                  00080bab    00000001     Lab2Idle_p28FP.o28FP (.econst:xdc_runtime_Error_maxDepth__C)
                  00080bac    00000001     Lab2Idle_p28FP.o28FP (.econst:xdc_runtime_Error_policy__C)
                  00080bad    00000001     Lab2Idle_p28FP.o28FP (.econst:xdc_runtime_HeapStd_Module__id__C)
                  00080bae    00000001     Lab2Idle_p28FP.o28FP (.econst:xdc_runtime_LoggerBuf_Module__id__C)
                  00080baf    00000001     Lab2Idle_p28FP.o28FP (.econst:xdc_runtime_LoggerBuf_Object__count__C)
                  00080bb0    00000001     Lab2Idle_p28FP.o28FP (.econst:xdc_runtime_LoggerBuf_filterByLevel__C)
                  00080bb1    00000001     Lab2Idle_p28FP.o28FP (.econst:xdc_runtime_Memory_Module__id__C)
                  00080bb2    00000001     Lab2Idle_p28FP.o28FP (.econst:xdc_runtime_Startup_maxPasses__C)
                  00080bb3    00000001     Lab2Idle_p28FP.o28FP (.econst:xdc_runtime_SysMin_flushAtExit__C)
                  00080bb4    00000001     Lab2Idle_p28FP.o28FP (.econst:xdc_runtime_System_maxAtexitHandlers__C)
                  00080bb5    00000001     Lab2Idle_p28FP.o28FP (.econst:xdc_runtime_Text_charTab__A)
                  00080bb6    00000001     Lab2Idle_p28FP.o28FP (.econst:xdc_runtime_Text_isLoaded__C)
                  00080bb7    00000001     Lab2Idle_p28FP.o28FP (.econst:xdc_runtime_Text_registryModsLastId__C)
                  00080bb8    00000001     Lab2Idle_p28FP.o28FP (.econst:xdc_runtime_Text_unnamedModsLastId__C)

.switch    0    00080bba    0000001c     
                  00080bba    0000001c     sysbios.a28FP : BIOS.obj (.switch:_ti_sysbios_family_c28_Hwi_clearInterrupt__E)

.binit     0    00080bd8    0000000a     
                  00080bd8    0000000a     (.binit)

AdcaResultRegsFile 
*          1    00000b00    00000018     UNINITIALIZED
                  00000b00    00000018     F2837xD_GlobalVariableDefs.obj (AdcaResultRegsFile)

AdcbResultRegsFile 
*          1    00000b20    00000018     UNINITIALIZED
                  00000b20    00000018     F2837xD_GlobalVariableDefs.obj (AdcbResultRegsFile)

AdccResultRegsFile 
*          1    00000b40    00000018     UNINITIALIZED
                  00000b40    00000018     F2837xD_GlobalVariableDefs.obj (AdccResultRegsFile)

AdcdResultRegsFile 
*          1    00000b60    00000018     UNINITIALIZED
                  00000b60    00000018     F2837xD_GlobalVariableDefs.obj (AdcdResultRegsFile)

CpuTimer0RegsFile 
*          1    00000c00    00000008     UNINITIALIZED
                  00000c00    00000008     F2837xD_GlobalVariableDefs.obj (CpuTimer0RegsFile)

CpuTimer1RegsFile 
*          1    00000c08    00000008     UNINITIALIZED
                  00000c08    00000008     F2837xD_GlobalVariableDefs.obj (CpuTimer1RegsFile)

CpuTimer2RegsFile 
*          1    00000c10    00000008     UNINITIALIZED
                  00000c10    00000008     F2837xD_GlobalVariableDefs.obj (CpuTimer2RegsFile)

PieCtrlRegsFile 
*          1    00000ce0    0000001a     UNINITIALIZED
                  00000ce0    0000001a     F2837xD_GlobalVariableDefs.obj (PieCtrlRegsFile)

DmaRegsFile 
*          1    00001000    000000e0     UNINITIALIZED
                  00001000    000000e0     F2837xD_GlobalVariableDefs.obj (DmaRegsFile)

Cla1RegsFile 
*          1    00001400    0000003e     UNINITIALIZED
                  00001400    0000003e     F2837xD_GlobalVariableDefs.obj (Cla1RegsFile)

Clb1LogicCfgRegsFile 
*          1    00003000    0000003e     UNINITIALIZED
                  00003000    0000003e     F2837xD_GlobalVariableDefs.obj (Clb1LogicCfgRegsFile)

Clb1LogicCtrlRegsFile 
*          1    00003100    00000040     UNINITIALIZED
                  00003100    00000040     F2837xD_GlobalVariableDefs.obj (Clb1LogicCtrlRegsFile)

Clb1DataExchRegsFile 
*          1    00003200    00000108     UNINITIALIZED
                  00003200    00000108     F2837xD_GlobalVariableDefs.obj (Clb1DataExchRegsFile)

Clb2LogicCfgRegsFile 
*          1    00003400    0000003e     UNINITIALIZED
                  00003400    0000003e     F2837xD_GlobalVariableDefs.obj (Clb2LogicCfgRegsFile)

Clb2LogicCtrlRegsFile 
*          1    00003500    00000040     UNINITIALIZED
                  00003500    00000040     F2837xD_GlobalVariableDefs.obj (Clb2LogicCtrlRegsFile)

Clb2DataExchRegsFile 
*          1    00003600    00000108     UNINITIALIZED
                  00003600    00000108     F2837xD_GlobalVariableDefs.obj (Clb2DataExchRegsFile)

Clb3LogicCfgRegsFile 
*          1    00003800    0000003e     UNINITIALIZED
                  00003800    0000003e     F2837xD_GlobalVariableDefs.obj (Clb3LogicCfgRegsFile)

Clb3LogicCtrlRegsFile 
*          1    00003900    00000040     UNINITIALIZED
                  00003900    00000040     F2837xD_GlobalVariableDefs.obj (Clb3LogicCtrlRegsFile)

Clb3DataExchRegsFile 
*          1    00003a00    00000108     UNINITIALIZED
                  00003a00    00000108     F2837xD_GlobalVariableDefs.obj (Clb3DataExchRegsFile)

Clb4LogicCfgRegsFile 
*          1    00003c00    0000003e     UNINITIALIZED
                  00003c00    0000003e     F2837xD_GlobalVariableDefs.obj (Clb4LogicCfgRegsFile)

Clb4LogicCtrlRegsFile 
*          1    00003d00    00000040     UNINITIALIZED
                  00003d00    00000040     F2837xD_GlobalVariableDefs.obj (Clb4LogicCtrlRegsFile)

Clb4DataExchRegsFile 
*          1    00003e00    00000108     UNINITIALIZED
                  00003e00    00000108     F2837xD_GlobalVariableDefs.obj (Clb4DataExchRegsFile)

EPwm1RegsFile 
*          1    00004000    00000100     UNINITIALIZED
                  00004000    00000100     F2837xD_GlobalVariableDefs.obj (EPwm1RegsFile)

EPwm2RegsFile 
*          1    00004100    00000100     UNINITIALIZED
                  00004100    00000100     F2837xD_GlobalVariableDefs.obj (EPwm2RegsFile)

EPwm3RegsFile 
*          1    00004200    00000100     UNINITIALIZED
                  00004200    00000100     F2837xD_GlobalVariableDefs.obj (EPwm3RegsFile)

EPwm4RegsFile 
*          1    00004300    00000100     UNINITIALIZED
                  00004300    00000100     F2837xD_GlobalVariableDefs.obj (EPwm4RegsFile)

EPwm5RegsFile 
*          1    00004400    00000100     UNINITIALIZED
                  00004400    00000100     F2837xD_GlobalVariableDefs.obj (EPwm5RegsFile)

EPwm6RegsFile 
*          1    00004500    00000100     UNINITIALIZED
                  00004500    00000100     F2837xD_GlobalVariableDefs.obj (EPwm6RegsFile)

EPwm7RegsFile 
*          1    00004600    00000100     UNINITIALIZED
                  00004600    00000100     F2837xD_GlobalVariableDefs.obj (EPwm7RegsFile)

EPwm8RegsFile 
*          1    00004700    00000100     UNINITIALIZED
                  00004700    00000100     F2837xD_GlobalVariableDefs.obj (EPwm8RegsFile)

EPwm9RegsFile 
*          1    00004800    00000100     UNINITIALIZED
                  00004800    00000100     F2837xD_GlobalVariableDefs.obj (EPwm9RegsFile)

EPwm10RegsFile 
*          1    00004900    00000100     UNINITIALIZED
                  00004900    00000100     F2837xD_GlobalVariableDefs.obj (EPwm10RegsFile)

EPwm11RegsFile 
*          1    00004a00    00000100     UNINITIALIZED
                  00004a00    00000100     F2837xD_GlobalVariableDefs.obj (EPwm11RegsFile)

EPwm12RegsFile 
*          1    00004b00    00000100     UNINITIALIZED
                  00004b00    00000100     F2837xD_GlobalVariableDefs.obj (EPwm12RegsFile)

ECap1RegsFile 
*          1    00005000    0000001a     UNINITIALIZED
                  00005000    0000001a     F2837xD_GlobalVariableDefs.obj (ECap1RegsFile)

ECap2RegsFile 
*          1    00005020    0000001a     UNINITIALIZED
                  00005020    0000001a     F2837xD_GlobalVariableDefs.obj (ECap2RegsFile)

ECap3RegsFile 
*          1    00005040    0000001a     UNINITIALIZED
                  00005040    0000001a     F2837xD_GlobalVariableDefs.obj (ECap3RegsFile)

ECap4RegsFile 
*          1    00005060    0000001a     UNINITIALIZED
                  00005060    0000001a     F2837xD_GlobalVariableDefs.obj (ECap4RegsFile)

ECap5RegsFile 
*          1    00005080    0000001a     UNINITIALIZED
                  00005080    0000001a     F2837xD_GlobalVariableDefs.obj (ECap5RegsFile)

ECap6RegsFile 
*          1    000050a0    0000001a     UNINITIALIZED
                  000050a0    0000001a     F2837xD_GlobalVariableDefs.obj (ECap6RegsFile)

EQep1RegsFile 
*          1    00005100    00000022     UNINITIALIZED
                  00005100    00000022     F2837xD_GlobalVariableDefs.obj (EQep1RegsFile)

EQep2RegsFile 
*          1    00005140    00000022     UNINITIALIZED
                  00005140    00000022     F2837xD_GlobalVariableDefs.obj (EQep2RegsFile)

EQep3RegsFile 
*          1    00005180    00000022     UNINITIALIZED
                  00005180    00000022     F2837xD_GlobalVariableDefs.obj (EQep3RegsFile)

DacaRegsFile 
*          1    00005c00    00000007     UNINITIALIZED
                  00005c00    00000007     F2837xD_GlobalVariableDefs.obj (DacaRegsFile)

DacbRegsFile 
*          1    00005c10    00000007     UNINITIALIZED
                  00005c10    00000007     F2837xD_GlobalVariableDefs.obj (DacbRegsFile)

DaccRegsFile 
*          1    00005c20    00000007     UNINITIALIZED
                  00005c20    00000007     F2837xD_GlobalVariableDefs.obj (DaccRegsFile)

Cmpss1RegsFile 
*          1    00005c80    0000001b     UNINITIALIZED
                  00005c80    0000001b     F2837xD_GlobalVariableDefs.obj (Cmpss1RegsFile)

Cmpss2RegsFile 
*          1    00005ca0    0000001b     UNINITIALIZED
                  00005ca0    0000001b     F2837xD_GlobalVariableDefs.obj (Cmpss2RegsFile)

Cmpss3RegsFile 
*          1    00005cc0    0000001b     UNINITIALIZED
                  00005cc0    0000001b     F2837xD_GlobalVariableDefs.obj (Cmpss3RegsFile)

Cmpss4RegsFile 
*          1    00005ce0    0000001b     UNINITIALIZED
                  00005ce0    0000001b     F2837xD_GlobalVariableDefs.obj (Cmpss4RegsFile)

Cmpss5RegsFile 
*          1    00005d00    0000001b     UNINITIALIZED
                  00005d00    0000001b     F2837xD_GlobalVariableDefs.obj (Cmpss5RegsFile)

Cmpss6RegsFile 
*          1    00005d20    0000001b     UNINITIALIZED
                  00005d20    0000001b     F2837xD_GlobalVariableDefs.obj (Cmpss6RegsFile)

Cmpss7RegsFile 
*          1    00005d40    0000001b     UNINITIALIZED
                  00005d40    0000001b     F2837xD_GlobalVariableDefs.obj (Cmpss7RegsFile)

Cmpss8RegsFile 
*          1    00005d60    0000001b     UNINITIALIZED
                  00005d60    0000001b     F2837xD_GlobalVariableDefs.obj (Cmpss8RegsFile)

Sdfm1RegsFile 
*          1    00005e00    00000048     UNINITIALIZED
                  00005e00    00000048     F2837xD_GlobalVariableDefs.obj (Sdfm1RegsFile)

Sdfm2RegsFile 
*          1    00005e80    00000048     UNINITIALIZED
                  00005e80    00000048     F2837xD_GlobalVariableDefs.obj (Sdfm2RegsFile)

McbspaRegsFile 
*          1    00006000    00000024     UNINITIALIZED
                  00006000    00000024     F2837xD_GlobalVariableDefs.obj (McbspaRegsFile)

McbspbRegsFile 
*          1    00006040    00000024     UNINITIALIZED
                  00006040    00000024     F2837xD_GlobalVariableDefs.obj (McbspbRegsFile)

SpiaRegsFile 
*          1    00006100    00000010     UNINITIALIZED
                  00006100    00000010     F2837xD_GlobalVariableDefs.obj (SpiaRegsFile)

SpibRegsFile 
*          1    00006110    00000010     UNINITIALIZED
                  00006110    00000010     F2837xD_GlobalVariableDefs.obj (SpibRegsFile)

SpicRegsFile 
*          1    00006120    00000010     UNINITIALIZED
                  00006120    00000010     F2837xD_GlobalVariableDefs.obj (SpicRegsFile)

UppRegsFile 
*          1    00006200    00000048     UNINITIALIZED
                  00006200    00000048     F2837xD_GlobalVariableDefs.obj (UppRegsFile)

WdRegsFile 
*          1    00007000    0000002b     UNINITIALIZED
                  00007000    0000002b     F2837xD_GlobalVariableDefs.obj (WdRegsFile)

NmiIntruptRegsFile 
*          1    00007060    00000007     UNINITIALIZED
                  00007060    00000007     F2837xD_GlobalVariableDefs.obj (NmiIntruptRegsFile)

XintRegsFile 
*          1    00007070    0000000b     UNINITIALIZED
                  00007070    0000000b     F2837xD_GlobalVariableDefs.obj (XintRegsFile)

SciaRegsFile 
*          1    00007200    00000010     UNINITIALIZED
                  00007200    00000010     F2837xD_GlobalVariableDefs.obj (SciaRegsFile)

ScibRegsFile 
*          1    00007210    00000010     UNINITIALIZED
                  00007210    00000010     F2837xD_GlobalVariableDefs.obj (ScibRegsFile)

ScicRegsFile 
*          1    00007220    00000010     UNINITIALIZED
                  00007220    00000010     F2837xD_GlobalVariableDefs.obj (ScicRegsFile)

ScidRegsFile 
*          1    00007230    00000010     UNINITIALIZED
                  00007230    00000010     F2837xD_GlobalVariableDefs.obj (ScidRegsFile)

I2caRegsFile 
*          1    00007300    00000022     UNINITIALIZED
                  00007300    00000022     F2837xD_GlobalVariableDefs.obj (I2caRegsFile)

I2cbRegsFile 
*          1    00007340    00000022     UNINITIALIZED
                  00007340    00000022     F2837xD_GlobalVariableDefs.obj (I2cbRegsFile)

AdcaRegsFile 
*          1    00007400    0000007c     UNINITIALIZED
                  00007400    0000007c     F2837xD_GlobalVariableDefs.obj (AdcaRegsFile)

AdcbRegsFile 
*          1    00007480    0000007c     UNINITIALIZED
                  00007480    0000007c     F2837xD_GlobalVariableDefs.obj (AdcbRegsFile)

AdccRegsFile 
*          1    00007500    0000007c     UNINITIALIZED
                  00007500    0000007c     F2837xD_GlobalVariableDefs.obj (AdccRegsFile)

AdcdRegsFile 
*          1    00007580    0000007c     UNINITIALIZED
                  00007580    0000007c     F2837xD_GlobalVariableDefs.obj (AdcdRegsFile)

InputXbarRegsFile 
*          1    00007900    00000020     UNINITIALIZED
                  00007900    00000020     F2837xD_GlobalVariableDefs.obj (InputXbarRegsFile)

XbarRegsFile 
*          1    00007920    0000000e     UNINITIALIZED
                  00007920    0000000e     F2837xD_GlobalVariableDefs.obj (XbarRegsFile)

SyncSocRegsFile 
*          1    00007940    00000006     UNINITIALIZED
                  00007940    00000006     F2837xD_GlobalVariableDefs.obj (SyncSocRegsFile)

DmaClaSrcSelRegsFile 
*          1    00007980    0000001a     UNINITIALIZED
                  00007980    0000001a     F2837xD_GlobalVariableDefs.obj (DmaClaSrcSelRegsFile)

EPwmXbarRegsFile 
*          1    00007a00    00000040     UNINITIALIZED
                  00007a00    00000040     F2837xD_GlobalVariableDefs.obj (EPwmXbarRegsFile)

ClbXbarRegsFile 
*          1    00007a40    00000040     UNINITIALIZED
                  00007a40    00000040     F2837xD_GlobalVariableDefs.obj (ClbXbarRegsFile)

OutputXbarRegsFile 
*          1    00007a80    00000040     UNINITIALIZED
                  00007a80    00000040     F2837xD_GlobalVariableDefs.obj (OutputXbarRegsFile)

GpioCtrlRegsFile 
*          1    00007c00    00000180     UNINITIALIZED
                  00007c00    00000180     F2837xD_GlobalVariableDefs.obj (GpioCtrlRegsFile)

GpioDataRegsFile 
*          1    00007f00    00000030     UNINITIALIZED
                  00007f00    00000030     F2837xD_GlobalVariableDefs.obj (GpioDataRegsFile)

RFFTdata1 
*          1    00010000    00001000     UNINITIALIZED
                  00010000    00001000     LabProject_main.obj (RFFTdata1)

RFFTdata2 
*          1    00011000    00000802     UNINITIALIZED
                  00011000    00000802     LabProject_main.obj (RFFTdata2)

RFFTdata3 
*          1    00012000    00001000     UNINITIALIZED
                  00012000    00001000     LabProject_main.obj (RFFTdata3)

RFFTdata4 
*          1    00013000    00001000     UNINITIALIZED
                  00013000    00001000     LabProject_main.obj (RFFTdata4)

Emif1RegsFile 
*          1    00047000    00000028     UNINITIALIZED
                  00047000    00000028     F2837xD_GlobalVariableDefs.obj (Emif1RegsFile)

Emif2RegsFile 
*          1    00047800    00000028     UNINITIALIZED
                  00047800    00000028     F2837xD_GlobalVariableDefs.obj (Emif2RegsFile)

CanaRegsFile 
*          1    00048000    00000164     UNINITIALIZED
                  00048000    00000164     F2837xD_GlobalVariableDefs.obj (CanaRegsFile)

CanbRegsFile 
*          1    0004a000    00000164     UNINITIALIZED
                  0004a000    00000164     F2837xD_GlobalVariableDefs.obj (CanbRegsFile)

IpcRegsFile 
*          1    00050000    00000024     UNINITIALIZED
                  00050000    00000024     F2837xD_GlobalVariableDefs.obj (IpcRegsFile)

FlashPumpSemaphoreRegsFile 
*          1    00050024    00000002     UNINITIALIZED
                  00050024    00000002     F2837xD_GlobalVariableDefs.obj (FlashPumpSemaphoreRegsFile)

DevCfgRegsFile 
*          1    0005d000    0000012e     UNINITIALIZED
                  0005d000    0000012e     F2837xD_GlobalVariableDefs.obj (DevCfgRegsFile)

AnalogSubsysRegsFile 
*          1    0005d180    0000003e     UNINITIALIZED
                  0005d180    0000003e     F2837xD_GlobalVariableDefs.obj (AnalogSubsysRegsFile)

ClkCfgRegsFile 
*          1    0005d200    00000032     UNINITIALIZED
                  0005d200    00000032     F2837xD_GlobalVariableDefs.obj (ClkCfgRegsFile)

CpuSysRegsFile 
*          1    0005d300    00000082     UNINITIALIZED
                  0005d300    00000082     F2837xD_GlobalVariableDefs.obj (CpuSysRegsFile)

DcsmZ1RegsFile 
*          1    0005f000    00000022     UNINITIALIZED
                  0005f000    00000022     F2837xD_GlobalVariableDefs.obj (DcsmZ1RegsFile)

DcsmZ2RegsFile 
*          1    0005f040    00000022     UNINITIALIZED
                  0005f040    00000022     F2837xD_GlobalVariableDefs.obj (DcsmZ2RegsFile)

DcsmCommonRegsFile 
*          1    0005f070    00000006     UNINITIALIZED
                  0005f070    00000006     F2837xD_GlobalVariableDefs.obj (DcsmCommonRegsFile)

MemCfgRegsFile 
*          1    0005f400    00000076     UNINITIALIZED
                  0005f400    00000076     F2837xD_GlobalVariableDefs.obj (MemCfgRegsFile)

Emif1ConfigRegsFile 
*          1    0005f480    0000000a     UNINITIALIZED
                  0005f480    0000000a     F2837xD_GlobalVariableDefs.obj (Emif1ConfigRegsFile)

Emif2ConfigRegsFile 
*          1    0005f4a0    0000000a     UNINITIALIZED
                  0005f4a0    0000000a     F2837xD_GlobalVariableDefs.obj (Emif2ConfigRegsFile)

AccessProtectionRegsFile 
*          1    0005f4c0    0000002e     UNINITIALIZED
                  0005f4c0    0000002e     F2837xD_GlobalVariableDefs.obj (AccessProtectionRegsFile)

MemoryErrorRegsFile 
*          1    0005f500    0000003a     UNINITIALIZED
                  0005f500    0000003a     F2837xD_GlobalVariableDefs.obj (MemoryErrorRegsFile)

Flash0CtrlRegsFile 
*          1    0005f800    00000182     UNINITIALIZED
                  0005f800    00000182     F2837xD_GlobalVariableDefs.obj (Flash0CtrlRegsFile)

Flash0EccRegsFile 
*          1    0005fb00    00000028     UNINITIALIZED
                  0005fb00    00000028     F2837xD_GlobalVariableDefs.obj (Flash0EccRegsFile)

RomPrefetchRegsFile 
*          1    0005e608    00000002     UNINITIALIZED
                  0005e608    00000002     F2837xD_GlobalVariableDefs.obj (RomPrefetchRegsFile)

RomWaitStateRegsFile 
*          1    0005f540    00000002     UNINITIALIZED
                  0005f540    00000002     F2837xD_GlobalVariableDefs.obj (RomWaitStateRegsFile)

.pinit     0    00080002    00000000     UNINITIALIZED

.text      0    00088000    000028df     
                  00088000    0000023b     ti.targets.rts2800.a28FP : System.o28FP (.text:_xdc_runtime_System_doPrint__I)
                  0008823b    0000019c     sysbios.a28FP : BIOS.obj (.text:_ti_sysbios_knl_Semaphore_pend__E)
                  000883d7    00000001     Lab2Idle_p28FP.o28FP (.text:_free)
                  000883d8    0000011d     RFFT_f32.obj (.text)
                  000884f5    00000107     rts2800_fpu32.lib : ll_div28.asm.obj (.text)
                  000885fc    000000ee     ti.targets.rts2800.a28FP : HeapStd.o28FP (.text:_xdc_runtime_HeapStd_alloc__E)
                  000886ea    000000dc     sysbios.a28FP : BIOS.obj (.text:_ti_sysbios_family_c28_Hwi_clearInterrupt__E)
                  000887c6    000000d2     rts2800_fpu32.lib : e_atan2f.c.obj (.text)
                  00088898    000000ca                       : s_atanf.c.obj (.text)
                  00088962    000000c2     Lab2Idle_p28FP.o28FP (.text:_xdc_runtime_System_printfExtend__I)
                  00088a24    000000c0     ti.targets.rts2800.a28FP : LoggerBuf.o28FP (.text:_xdc_runtime_LoggerBuf_write8__E)
                  00088ae4    000000bf     sysbios.a28FP : BIOS.obj (.text:_ti_sysbios_knl_Semaphore_Instance_init__E)
                  00088ba3    000000a0     ti.targets.rts2800.a28FP : Core-mem.o28FP (.text:_xdc_runtime_Core_createObject__I)
                  00088c43    0000009d     sysbios.a28FP : c28_Hwi_disp_asm.obj (.text:_ti_sysbios_family_c28_Hwi_dispatch)
                  00088ce0    0000009c     RFFT_f32_mag.obj (.text)
                  00088d7c    00000095     rts2800_fpu32.lib : trgmsg.c.obj (.text)
                  00088e11    0000008e     sysbios.a28FP : BIOS.obj (.text:_ti_sysbios_family_c28_Hwi_enableInterrupt__E)
                  00088e9f    0000008d     ti.targets.rts2800.a28FP : Core-smem.o28FP (.text:_xdc_runtime_Core_constructObject__I)
                  00088f2c    00000088     rts2800_fpu32.lib : fs_div28.asm.obj (.text)
                  00088fb4    00000083     ti.targets.rts2800.a28FP : HeapStd.o28FP (.text:_xdc_runtime_HeapStd_Instance_init__E)
                  00089037    00000082     sysbios.a28FP : BIOS.obj (.text:_ti_sysbios_knl_Semaphore_post__E)
                  000890b9    00000081                   : BIOS.obj (.text:_ti_sysbios_family_c28_Hwi_disableInterrupt__E)
                  0008913a    00000080                   : BIOS.obj (.text:_ti_sysbios_family_c28_Hwi_disablePIEIER__E)
                  000891ba    0000007f                   : BIOS.obj (.text:_ti_sysbios_family_c28_Hwi_enablePIEIER__E)
                  00089239    0000007a     ti.targets.rts2800.a28FP : LoggerBuf.o28FP (.text:_xdc_runtime_LoggerBuf_write4__E)
                  000892b3    00000075     sysbios.a28FP : BIOS.obj (.text:_ti_sysbios_knl_Task_checkStacks__E)
                  00089328    00000072     ti.targets.rts2800.a28FP : Startup.o28FP (.text:_xdc_runtime_Startup_startMods__I)
                  0008939a    00000071     sysbios.a28FP : BIOS.obj (.text:_ti_sysbios_gates_GateMutex_enter__E)
                  0008940b    0000006b     ti.targets.rts2800.a28FP : HeapStd.o28FP (.text:_xdc_runtime_HeapStd_free__E)
                  00089476    00000069     boot.a28FP : boot_cg.o28FP (.text)
                  000894df    00000066     sysbios.a28FP : BIOS.obj (.text:_ti_sysbios_family_c28_Timer_stopAndClear__I)
                  00089545    00000060     ti.targets.rts2800.a28FP : Error.o28FP (.text:_xdc_runtime_Error_policyDefault__E)
                  000895a5    00000060                              : Text.o28FP (.text:_xdc_runtime_Text_putSite__E)
                  00089605    0000005f     LabProject_main.obj (.text:_main)
                  00089664    0000004c     sysbios.a28FP : BIOS.obj (.text:_ti_sysbios_family_c28_Hwi_dispatchCore__I)
                  000896b0    00000049     Boot.a28FP : Boot.o28FP (.text:.bootCodeSection:_ti_catalog_c2800_initF2837x_Boot_configurePllDivs)
                  000896f9    00000047     sysbios.a28FP : BIOS.obj (.text:_ti_sysbios_family_c28_Hwi_Module_startup__E)
                  00089740    00000047                   : BIOS.obj (.text:_ti_sysbios_knl_Task_postInit__I)
                  00089787    00000044                   : BIOS.obj (.text:_ti_sysbios_knl_Clock_workFunc__E)
                  000897cb    00000042                   : BIOS.obj (.text:_ti_sysbios_family_c28_Hwi_unPluggedInterrupt__I)
                  0008980d    00000041     ti.targets.rts2800.a28FP : Text.o28FP (.text:_xdc_runtime_Text_putLab__E)
                  0008984e    00000040     sysbios.a28FP : BIOS.obj (.text:_ti_sysbios_family_c28_Timer_postInit__I)
                  0008988e    00000040     ti.targets.rts2800.a28FP : Memory.o28FP (.text:_xdc_runtime_Memory_alloc__E)
                  000898ce    0000003e     sysbios.a28FP : BIOS.obj (.text:_ti_sysbios_knl_Swi_restoreHwi__E)
                  0008990c    0000003e                   : BIOS.obj (.text:_ti_sysbios_knl_Swi_run__I)
                  0008994a    0000003e     ti.targets.rts2800.a28FP : Core-mem.o28FP (.text:_xdc_runtime_Core_deleteObject__I)
                  00089988    0000003d                              : LoggerBuf.o28FP (.text:_xdc_runtime_LoggerBuf_getFilterLevel__E)
                  000899c5    0000003c                              : LoggerBuf.o28FP (.text:_xdc_runtime_LoggerBuf_setFilterLevel__E)
                  00089a01    00000039     sysbios.a28FP : BIOS.obj (.text:_ti_sysbios_family_c28_TaskSupport_start__E)
                  00089a3a    00000039     rts2800_fpu32.lib : hostwrite.c.obj (.text)
                  00089a73    00000038     ti.targets.rts2800.a28FP : Text.o28FP (.text:_xdc_runtime_Text_putMod__E)
                  00089aab    00000037     F28379D_pwm.obj (.text:_PWM_init)
                  00089ae2    00000035     sysbios.a28FP : BIOS.obj (.text:_ti_sysbios_knl_Task_startCore__E)
                  00089b17    00000035     ti.targets.rts2800.a28FP : System.o28FP (.text:_xdc_runtime_System_formatNum__I)
                  00089b4c    00000033     F28379D_adc.obj (.text:_ADC_init)
                  00089b7f    00000032     sysbios.a28FP : BIOS.obj (.text:_ti_sysbios_knl_Task_Module_startup__E)
                  00089bb1    00000031     F28379D_gpio.obj (.text:_GPIO_init)
                  00089be2    00000031     ti.targets.rts2800.a28FP : Error.o28FP (.text:_xdc_runtime_Error_print__E)
                  00089c13    00000030                              : LoggerBuf.o28FP (.text:_xdc_runtime_LoggerBuf_Instance_init__E)
                  00089c43    0000002f                              : Core-params.o28FP (.text:_xdc_runtime_Core_assignParams__I)
                  00089c72    0000002f                              : Startup.o28FP (.text:_xdc_runtime_Startup_exec__E)
                  00089ca1    0000002e     sysbios.a28FP : BIOS.obj (.text:_ti_sysbios_family_c28_Hwi_getStackInfo__E)
                  00089ccf    0000002e                   : BIOS.obj (.text:_ti_sysbios_knl_Swi_runLoop__I)
                  00089cfd    0000002e                   : BIOS.obj (.text:_ti_sysbios_knl_Swi_schedule__I)
                  00089d2b    0000002e                   : BIOS.obj (.text:_ti_sysbios_knl_Task_schedule__I)
                  00089d59    0000002d     ti.targets.rts2800.a28FP : Assert.o28FP (.text:_xdc_runtime_Assert_raise__I)
                  00089d86    0000002d                              : Error.o28FP (.text:_xdc_runtime_Error_setX__E)
                  00089db3    0000002c     sysbios.a28FP : BIOS.obj (.text:_ti_sysbios_family_c28_Timer_start__E)
                  00089ddf    0000002c     Lab2Idle_p28FP.o28FP (.text:_xdc_runtime_LoggerBuf_Object__create__S)
                  00089e0b    0000002b     Lab2Idle_p28FP.o28FP (.text:_xdc_runtime_HeapStd_Object__create__S)
                  00089e36    00000029     ti.targets.rts2800.a28FP : Text.o28FP (.text:_xdc_runtime_Text_xprintf__I)
                  00089e5f    00000029     rts2800_fpu32.lib : exit.c.obj (.text)
                  00089e88    00000028     LabProject_main.obj (.text:_adc_hwi)
                  00089eb0    00000026     ti.targets.rts2800.a28FP : SysMin.o28FP (.text:_xdc_runtime_SysMin_flush__E)
                  00089ed6    00000025     sysbios.a28FP : c28_TaskSupport_asm.obj (.text:_ti_sysbios_family_c28_TaskSupport_buildTaskStack)
                  00089efb    00000024                   : BIOS.obj (.text:_ti_sysbios_knl_Swi_post__E)
                  00089f1f    00000024     rts2800_fpu32.lib : cpy_tbl.c.obj (.text)
                  00089f43    00000023     RFFT_f32_phase.obj (.text)
                  00089f66    00000023     ti.targets.rts2800.a28FP : System.o28FP (.text:_xdc_runtime_System_processAtExit__E)
                  00089f89    00000022     rts2800_fpu32.lib : i_div28.asm.obj (.text)
                  00089fab    00000021     sysbios.a28FP : BIOS.obj (.text:_ti_sysbios_knl_Task_allBlockedFunction__I)
                  00089fcc    00000020                   : BIOS.obj (.text:_ti_sysbios_family_c28_Timer_setPrescale__E)
                  00089fec    00000020     ti.targets.rts2800.a28FP : System.o28FP (.text:_xdc_runtime_System_atexit__E)
                  0008a00c    0000001f     sysbios.a28FP : BIOS.obj (.text:_ti_sysbios_knl_Task_exit__E)
                  0008a02b    0000001f     Lab2Idle_p28FP.o28FP (.text:_xdc_runtime_Error_policyLog__I)
                  0008a04a    0000001f     ti.targets.rts2800.a28FP : LoggerBuf.o28FP (.text:_xdc_runtime_LoggerBuf_filterOutEvent__I)
                  0008a069    0000001e     sysbios.a28FP : BIOS.obj (.text:_ti_sysbios_knl_Task_blockI__E)
                  0008a087    0000001e     LabProject_main.obj (.text:_transition_swi)
                  0008a0a5    0000001d     LabProject_main.obj (.text:_myTickFxn)
                  0008a0c2    0000001d     sysbios.a28FP : c28_TaskSupport_asm.obj (.text:_ti_sysbios_family_c28_TaskSupport_swap__E)
                  0008a0df    0000001d     Lab2Idle_p28FP.o28FP (.text:_ti_sysbios_gates_GateHwi_Object__create__S)
                  0008a0fc    0000001d     Lab2Idle_p28FP.o28FP (.text:_ti_sysbios_gates_GateMutex_Object__create__S)
                  0008a119    0000001d     Lab2Idle_p28FP.o28FP (.text:_ti_sysbios_knl_Semaphore_construct)
                  0008a136    0000001d     ti.targets.rts2800.a28FP : SysMin.o28FP (.text:_xdc_runtime_SysMin_putch__E)
                  0008a153    0000001d     rts2800_fpu32.lib : memcpy.c.obj (.text)
                  0008a170    0000001c     sysbios.a28FP : BIOS.obj (.text:_ti_sysbios_hal_Hwi_checkStack)
                  0008a18c    0000001c     Lab2Idle_p28FP.o28FP (.text:_xdc_runtime_SysMin_output__I)
                  0008a1a8    0000001b     sysbios.a28FP : c28_Hwi_asm.obj (.text:_ti_sysbios_family_c28_Hwi_switchAndDispatch__I)
                  0008a1c3    0000001b                   : BIOS.obj (.text:_ti_sysbios_hal_Hwi_initStack)
                  0008a1de    0000001b                   : BIOS.obj (.text:_ti_sysbios_knl_Task_processVitalTaskFlag__I)
                  0008a1f9    0000001a     LabProject_main.obj (.text:_myIdleFxn)
                  0008a213    0000001a     ti.targets.rts2800.a28FP : System.o28FP (.text:_xdc_runtime_System_avprintf__E)
                  0008a22d    00000019     Lab2Idle_p28FP.o28FP (.text:_ti_sysbios_knl_Queue_construct)
                  0008a246    00000019     sysbios.a28FP : BIOS.obj (.text:_ti_sysbios_knl_Swi_restore__E)
                  0008a25f    00000019     ti.targets.rts2800.a28FP : System.o28FP (.text:_xdc_runtime_System_vprintf__E)
                  0008a278    00000018     LabProject_main.obj (.text:_state0_menu_Tsk)
                  0008a290    00000018     sysbios.a28FP : c28_Hwi_asm.obj (.text:_ti_sysbios_family_xxx_Hwi_switchAndRunFunc)
                  0008a2a8    00000018     ti.targets.rts2800.a28FP : LoggerBuf.o28FP (.text:_xdc_runtime_LoggerBuf_reset__E)
                  0008a2c0    00000018                              : System.o28FP (.text:_xdc_runtime_System_putchar__I)
                  0008a2d8    00000017     sysbios.a28FP : BIOS.obj (.text:_ti_sysbios_family_c28_Timer_startup__E)
                  0008a2ef    00000017     Lab2Idle_p28FP.o28FP (.text:_ti_sysbios_knl_Clock_doTick__I)
                  0008a306    00000017     sysbios.a28FP : BIOS.obj (.text:_ti_sysbios_knl_Semaphore_pendTimeout__I)
                  0008a31d    00000017                   : BIOS.obj (.text:_ti_sysbios_knl_Task_restore__E)
                  0008a334    00000017                   : BIOS.obj (.text:_ti_sysbios_knl_Task_unblockI__E)
                  0008a34b    00000017     ti.targets.rts2800.a28FP : LoggerBuf.o28FP (.text:_xdc_runtime_LoggerBuf_Module_startup__E)
                  0008a362    00000017                              : Memory.o28FP (.text:_xdc_runtime_Memory_valloc__E)
                  0008a379    00000017                              : SysMin.o28FP (.text:_xdc_runtime_SysMin_abort__E)
                  0008a390    00000016     Lab2Idle_p28FP.o28FP (.text:_ti_sysbios_BIOS_atExitFunc__I)
                  0008a3a6    00000016     sysbios.a28FP : BIOS.obj (.text:_ti_sysbios_family_c28_Timer_Module_startup__E)
                  0008a3bc    00000016     ti.targets.rts2800.a28FP : Text.o28FP (.text:_xdc_runtime_Text_printVisFxn__I)
                  0008a3d2    00000015     LabProject_main.obj (.text:_button_press)
                  0008a3e7    00000015     LabProject_main.obj (.text:_state1_Record_Tsk)
                  0008a3fc    00000015     Lab2Idle_p28FP.o28FP (.text:_ti_sysbios_BIOS_startFunc__I)
                  0008a411    00000015     sysbios.a28FP : BIOS.obj (.text:_ti_sysbios_knl_Swi_Module_startup__E)
                  0008a426    00000014     F28379D_pwm.obj (.text:_PWM_custom_dutycycle)
                  0008a43a    00000014     sysbios.a28FP : BIOS.obj (.text:_ti_sysbios_knl_Idle_run__E)
                  0008a44e    00000013     Lab2Idle_p28FP.o28FP (.text:_ti_sysbios_gates_GateMutex_Object__delete__S)
                  0008a461    00000013     sysbios.a28FP : BIOS.obj (.text:_ti_sysbios_knl_Clock_Module_startup__E)
                  0008a474    00000013     ti.targets.rts2800.a28FP : Error.o28FP (.text:_xdc_runtime_Error_raiseX__E)
                  0008a487    00000012     Lab2Idle_p28FP.o28FP (.text:_ti_sysbios_gates_GateHwi_Object__delete__S)
                  0008a499    00000012     Lab2Idle_p28FP.o28FP (.text:_xdc_runtime_LoggerBuf_Object__delete__S)
                  0008a4ab    00000012     rts2800_fpu32.lib : args_main.c.obj (.text)
                  0008a4bd    00000011     Lab2Idle_p28FP.o28FP (.text:_ti_sysbios_BIOS_errorRaiseHook__I)
                  0008a4ce    00000011     sysbios.a28FP : BIOS.obj (.text:_ti_sysbios_knl_Task_restoreHwi__E)
                  0008a4df    00000011     Lab2Idle_p28FP.o28FP (.text:_xdc_runtime_HeapStd_Object__delete__S)
                  0008a4f0    00000010     DelayUs.obj (.text)
                  0008a500    00000010     sysbios.a28FP : BIOS.obj (.text:_ti_sysbios_family_c28_Timer_stop__E)
                  0008a510    00000010     ti.targets.rts2800.a28FP : SysMin.o28FP (.text:_xdc_runtime_SysMin_Module_startup__E)
                  0008a520    0000000f     Lab2Idle_p28FP.o28FP (.text:_ti_sysbios_BIOS_removeRTSLock__I)
                  0008a52f    0000000f     sysbios.a28FP : BIOS.obj (.text:_ti_sysbios_gates_GateMutex_Instance_init__E)
                  0008a53e    0000000f     ti.targets.rts2800.a28FP : LoggerBuf.o28FP (.text:_xdc_runtime_LoggerBuf_write2__E)
                  0008a54d    0000000f                              : Registry.o28FP (.text:_xdc_runtime_Registry_findById__E)
                  0008a55c    0000000e     sysbios.a28FP : BIOS.obj (.text:_ti_sysbios_family_c28_f2837x_TimestampProvider_get64__E)
                  0008a56a    0000000e     Lab2Idle_p28FP.o28FP (.text:_ti_sysbios_knl_Semaphore_destruct)
                  0008a578    0000000e     Lab2Idle_p28FP.o28FP (.text:_ti_sysbios_knl_Swi_Object__get__S)
                  0008a586    0000000e     Lab2Idle_p28FP.o28FP (.text:_ti_sysbios_knl_Task_Object__get__S)
                  0008a594    0000000e     Lab2Idle_p28FP.o28FP (.text:_xdc_runtime_LoggerBuf_Object__get__S)
                  0008a5a2    0000000d     LabProject_main.obj (.text:_Testing)
                  0008a5af    0000000d     Lab2Idle_p28FP.o28FP (.text:_ti_sysbios_BIOS_registerRTSLock__I)
                  0008a5bc    0000000d     Lab2Idle_p28FP.o28FP (.text:_ti_sysbios_BIOS_rtsLock__I)
                  0008a5c9    0000000d     sysbios.a28FP : BIOS.obj (.text:_ti_sysbios_family_c28_Hwi_dispatchC__I)
                  0008a5d6    0000000d                   : BIOS.obj (.text:_ti_sysbios_knl_Clock_enqueueI__E)
                  0008a5e3    0000000d     Lab2Idle_p28FP.o28FP (.text:_ti_sysbios_knl_Queue_destruct)
                  0008a5f0    0000000d     sysbios.a28FP : BIOS.obj (.text:_ti_sysbios_knl_Task_enter__I)
                  0008a5fd    0000000d     ti.targets.rts2800.a28FP : Error.o28FP (.text:_xdc_runtime_Error_check__E)
                  0008a60a    0000000d                              : LoggerBuf.o28FP (.text:_xdc_runtime_LoggerBuf_write0__E)
                  0008a617    0000000d                              : LoggerBuf.o28FP (.text:_xdc_runtime_LoggerBuf_write1__E)
                  0008a624    0000000d                              : System.o28FP (.text:_xdc_runtime_System_abort__E)
                  0008a631    0000000c     Lab2Idle_p28FP.o28FP (.text:_ti_sysbios_BIOS_exitFunc__I)
                  0008a63d    0000000c     Lab2Idle_p28FP.o28FP (.text:_ti_sysbios_family_c28_Hwi_disableIER__E)
                  0008a649    0000000c     sysbios.a28FP : BIOS.obj (.text:_ti_sysbios_gates_GateMutex_leave__E)
                  0008a655    0000000c                   : BIOS.obj (.text:_ti_sysbios_knl_Queue_put__E)
                  0008a661    0000000c                   : BIOS.obj (.text:_ti_sysbios_knl_Task_enabled__E)
                  0008a66d    0000000c     ti.targets.rts2800.a28FP : SysMin.o28FP (.text:_xdc_runtime_SysMin_exit__E)
                  0008a679    0000000b     LabProject_main.obj (.text:_calc_FFT_swi4)
                  0008a684    0000000b     Lab2Idle_p28FP.o28FP (.text:_ti_sysbios_family_c28_Hwi_Module__startupDone__F)
                  0008a68f    0000000b     Lab2Idle_p28FP.o28FP (.text:_ti_sysbios_family_c28_Hwi_Object__get__S)
                  0008a69a    0000000b     Lab2Idle_p28FP.o28FP (.text:_ti_sysbios_family_c28_Hwi_enableIER__E)
                  0008a6a5    0000000b     Lab2Idle_p28FP.o28FP (.text:_ti_sysbios_family_c28_Timer_Module__startupDone__F)
                  0008a6b0    0000000b     Lab2Idle_p28FP.o28FP (.text:_ti_sysbios_knl_Queue_Object__get__S)
                  0008a6bb    0000000b     Lab2Idle_p28FP.o28FP (.text:_ti_sysbios_knl_Task_SupportProxy_start__E)
                  0008a6c6    0000000b     ti.targets.rts2800.a28FP : LoggerBuf.o28FP (.text:_xdc_runtime_LoggerBuf_Instance_finalize__E)
                  0008a6d1    0000000b                              : System.o28FP (.text:_xdc_runtime_System_exit__E)
                  0008a6dc    0000000b     rts2800_fpu32.lib : u_div28.asm.obj (.text)
                  0008a6e7    0000000a     Lab2Idle_p28FP.o28FP (.text:.bootCodeSection:_ti_catalog_c2800_initF2837x_Boot_init)
                  0008a6f1    0000000a     ti.targets.rts2800.a28FP : Error.o28FP (.text:_xdc_runtime_Error_init__E)
                  0008a6fb    0000000a                              : Memory.o28FP (.text:_xdc_runtime_Memory_free__E)
                  0008a705    0000000a                              : System.o28FP (.text:_xdc_runtime_System_vsnprintf__E)
                  0008a70f    0000000a                              : Text.o28FP (.text:_xdc_runtime_Text_ropeText__E)
                  0008a719    00000009     LabProject_DevInit.obj (.text:_DeviceInit)
                  0008a722    00000009     LabProject_main.obj (.text:_print_message_tsk7)
                  0008a72b    00000009     Lab2Idle_p28FP.o28FP (.text:_ti_sysbios_BIOS_rtsUnlock__I)
                  0008a734    00000009     Lab2Idle_p28FP.o28FP (.text:_ti_sysbios_family_c28_Hwi_restoreIER__E)
                  0008a73d    00000009     sysbios.a28FP : BIOS.obj (.text:_ti_sysbios_family_c28_TaskSupport_checkStack__E)
                  0008a746    00000009                   : c28_TaskSupport_asm.obj (.text:_ti_sysbios_family_c28_TaskSupport_glue)
                  0008a74f    00000009     Lab2Idle_p28FP.o28FP (.text:_ti_sysbios_gates_GateHwi_Handle__label__S)
                  0008a758    00000009     Lab2Idle_p28FP.o28FP (.text:_ti_sysbios_gates_GateMutex_Handle__label__S)
                  0008a761    00000009     sysbios.a28FP : BIOS.obj (.text:_ti_sysbios_hal_Hwi_Module_startup__E)
                  0008a76a    00000009                   : BIOS.obj (.text:_ti_sysbios_hal_Timer_Module_startup__E)
                  0008a773    00000009                   : BIOS.obj (.text:_ti_sysbios_knl_Task_unblock__E)
                  0008a77c    00000009     Lab2Idle_p28FP.o28FP (.text:_xdc_runtime_HeapStd_Handle__label__S)
                  0008a785    00000009     Lab2Idle_p28FP.o28FP (.text:_xdc_runtime_LoggerBuf_Handle__label__S)
                  0008a78e    00000009     Lab2Idle_p28FP.o28FP (.text:_xdc_runtime_Startup_exec__I)
                  0008a797    00000009     rts2800_fpu32.lib : _lock.c.obj (.text)
                  0008a7a0    00000008     Boot.a28FP : Boot.o28FP (.text:.bootCodeSection:_ti_catalog_c2800_initF2837x_Boot_initSharedRAMs)
                  0008a7a8    00000008     LabProject_main.obj (.text:_myIdleFxn2)
                  0008a7b0    00000008     sysbios.a28FP : BIOS.obj (.text:_ti_sysbios_BIOS_setThreadType__E)
                  0008a7b8    00000008                   : BIOS.obj (.text:_ti_sysbios_gates_GateMutex_Instance_finalize__E)
                  0008a7c0    00000008                   : BIOS.obj (.text:_ti_sysbios_gates_GateMutex_query__E)
                  0008a7c8    00000008                   : BIOS.obj (.text:_ti_sysbios_knl_Semaphore_Instance_finalize__E)
                  0008a7d0    00000008     Lab2Idle_p28FP.o28FP (.text:_xdc_runtime_IHeap_alloc)
                  0008a7d8    00000008     ti.targets.rts2800.a28FP : Memory.o28FP (.text:_xdc_runtime_Memory_calloc__E)
                  0008a7e0    00000008                              : SysMin.o28FP (.text:_xdc_runtime_SysMin_ready__E)
                  0008a7e8    00000008     rts2800_fpu32.lib : strlen.c.obj (.text)
                  0008a7f0    00000007     Lab2Idle_p28FP.o28FP (.text:.bootCodeSection:_ti_catalog_c2800_initF2837x_Boot_initStartup)
                  0008a7f7    00000007     sysbios.a28FP : BIOS.obj (.text:_ti_sysbios_knl_Queue_empty__E)
                  0008a7fe    00000007     ti.targets.rts2800.a28FP : HeapStd.o28FP (.text:_xdc_runtime_HeapStd_getStats__E)
                  0008a805    00000007     Lab2Idle_p28FP.o28FP (.text:_xdc_runtime_System_aprintf__E)
                  0008a80c    00000007     Lab2Idle_p28FP.o28FP (.text:_xdc_runtime_System_printf__E)
                  0008a813    00000007     rts2800_fpu32.lib : memset.c.obj (.text)
                  0008a81a    00000006     LabProject_main.obj (.text:_state0_Menu_swi5)
                  0008a820    00000006     LabProject_main.obj (.text:_state1_Record_swi6)
                  0008a826    00000006     LabProject_main.obj (.text:_state2_PvP_swi7)
                  0008a82c    00000006     sysbios.a28FP : BIOS.obj (.text:_ti_sysbios_BIOS_start__E)
                  0008a832    00000006                   : c28_IntrinsicsSupport_asm.obj (.text:_ti_sysbios_family_c28_IntrinsicsSupport_maxbit__E)
                  0008a838    00000006                   : BIOS.obj (.text:_ti_sysbios_knl_Swi_disable__E)
                  0008a83e    00000006                   : BIOS.obj (.text:_ti_sysbios_knl_Task_disable__E)
                  0008a844    00000006     ti.targets.rts2800.a28FP : Gate.o28FP (.text:_xdc_runtime_Gate_enterSystem__E)
                  0008a84a    00000006                              : Gate.o28FP (.text:_xdc_runtime_Gate_leaveSystem__E)
                  0008a850    00000006                              : LoggerBuf.o28FP (.text:_xdc_runtime_LoggerBuf_enable__E)
                  0008a856    00000005     sysbios.a28FP : BIOS.obj (.text:_ti_sysbios_family_c28_Hwi_switchFromBootStack__E)
                  0008a85b    00000005                   : BIOS.obj (.text:_ti_sysbios_gates_GateHwi_enter__E)
                  0008a860    00000005     ti.targets.rts2800.a28FP : LoggerBuf.o28FP (.text:_xdc_runtime_LoggerBuf_disable__E)
                  0008a865    00000004     Lab2Idle_p28FP.o28FP (.text:_ti_sysbios_family_c28_Hwi_startup__E)
                  0008a869    00000004     sysbios.a28FP : BIOS.obj (.text:_ti_sysbios_knl_Swi_startup__E)
                  0008a86d    00000004     Lab2Idle_p28FP.o28FP (.text:_xdc_runtime_IHeap_free)
                  0008a871    00000004     ti.targets.rts2800.a28FP : Memory.o28FP (.text:_xdc_runtime_Memory_getMaxDefaultTypeAlign__E)
                  0008a875    00000004                              : Startup.o28FP (.text:_xdc_runtime_Startup_rtsDone__E)
                  0008a879    00000003     Lab2Idle_p28FP.o28FP (.text:.bootCodeSection:_ti_catalog_c2800_initF2837x_Boot_limpAbort)
                  0008a87c    00000003     ti.targets.rts2800.a28FP : xdc_noinit.o28FP (.text:___xdc__init)
                  0008a87f    00000003     Lab2Idle_p28FP.o28FP (.text:_ti_sysbios_BIOS_RtsGateProxy_enter__E)
                  0008a882    00000003     Lab2Idle_p28FP.o28FP (.text:_ti_sysbios_BIOS_RtsGateProxy_leave__E)
                  0008a885    00000003     sysbios.a28FP : BIOS.obj (.text:_ti_sysbios_gates_GateHwi_leave__E)
                  0008a888    00000003     Lab2Idle_p28FP.o28FP (.text:_ti_sysbios_hal_Hwi_HwiProxy_getStackInfo__E)
                  0008a88b    00000003     Lab2Idle_p28FP.o28FP (.text:_ti_sysbios_hal_Hwi_HwiProxy_switchFromBootStack__E)
                  0008a88e    00000003     sysbios.a28FP : BIOS.obj (.text:_ti_sysbios_hal_Hwi_startup__E)
                  0008a891    00000003     Lab2Idle_p28FP.o28FP (.text:_ti_sysbios_knl_Clock_TimerProxy_getMaxTicks__E)
                  0008a894    00000003     sysbios.a28FP : BIOS.obj (.text:_ti_sysbios_knl_Idle_loop__E)
                  0008a897    00000003                   : BIOS.obj (.text:_ti_sysbios_knl_Queue_Instance_init__E)
                  0008a89a    00000003     Lab2Idle_p28FP.o28FP (.text:_ti_sysbios_knl_Task_SupportProxy_checkStack__E)
                  0008a89d    00000003     Lab2Idle_p28FP.o28FP (.text:_ti_sysbios_knl_Task_SupportProxy_swap__E)
                  0008a8a0    00000003     sysbios.a28FP : BIOS.obj (.text:_ti_sysbios_knl_Task_startup__E)
                  0008a8a3    00000003     Lab2Idle_p28FP.o28FP (.text:_xdc_runtime_LoggerBuf_Module_GateProxy_enter__E)
                  0008a8a6    00000003     Lab2Idle_p28FP.o28FP (.text:_xdc_runtime_LoggerBuf_Module_GateProxy_leave__E)
                  0008a8a9    00000003     Lab2Idle_p28FP.o28FP (.text:_xdc_runtime_LoggerBuf_TimestampProxy_get64__E)
                  0008a8ac    00000003     Lab2Idle_p28FP.o28FP (.text:_xdc_runtime_System_Module_GateProxy_enter__E)
                  0008a8af    00000003     Lab2Idle_p28FP.o28FP (.text:_xdc_runtime_System_Module_GateProxy_leave__E)
                  0008a8b2    00000003     ti.targets.rts2800.a28FP : System.o28FP (.text:_xdc_runtime_System_Module_startup__E)
                  0008a8b5    00000003     Lab2Idle_p28FP.o28FP (.text:_xdc_runtime_System_SupportProxy_abort__E)
                  0008a8b8    00000003     Lab2Idle_p28FP.o28FP (.text:_xdc_runtime_System_SupportProxy_exit__E)
                  0008a8bb    00000003     Lab2Idle_p28FP.o28FP (.text:_xdc_runtime_System_SupportProxy_putch__E)
                  0008a8be    00000003     Lab2Idle_p28FP.o28FP (.text:_xdc_runtime_System_SupportProxy_ready__E)
                  0008a8c1    00000003     ti.targets.rts2800.a28FP : System.o28FP (.text:_xdc_runtime_System_abortStd__E)
                  0008a8c4    00000003                              : System.o28FP (.text:_xdc_runtime_System_exitStd__E)
                  0008a8c7    00000003     Lab2Idle_p28FP.o28FP (.text:_xdc_runtime_Text_visitRope__I)
                  0008a8ca    00000002     Lab2Idle_p28FP.o28FP (.text:_malloc)
                  0008a8cc    00000002     Lab2Idle_p28FP.o28FP (.text:_ti_sysbios_family_c28_TaskSupport_Module__startupDone__S)
                  0008a8ce    00000002     sysbios.a28FP : BIOS.obj (.text:_ti_sysbios_family_c28_Timer_getMaxTicks__E)
                  0008a8d0    00000002                   : BIOS.obj (.text:_ti_sysbios_gates_GateHwi_query__E)
                  0008a8d2    00000002     ti.targets.rts2800.a28FP : Error.o28FP (.text:_xdc_runtime_Error_getSite__E)
                  0008a8d4    00000002                              : HeapStd.o28FP (.text:_xdc_runtime_HeapStd_isBlocking__E)
                  0008a8d6    00000002     rts2800_fpu32.lib : pre_init.c.obj (.text)
                  0008a8d8    00000001     Boot.a28FP : Boot.o28FP (.text:_ti_catalog_c2800_initF2837x_Boot_defaultLimpAbortFunction)
                  0008a8d9    00000001     sysbios.a28FP : BIOS.obj (.text:_ti_sysbios_BIOS_linkedWithIncorrectBootLibrary__E)
                  0008a8da    00000001     Lab2Idle_p28FP.o28FP (.text:_ti_sysbios_BIOS_nullFunc__I)
                  0008a8db    00000001     sysbios.a28FP : c28_Hwi_asm.obj (.text:_ti_sysbios_family_c28_Hwi_interruptReturn__I)
                  0008a8dc    00000001                   : BIOS.obj (.text:_ti_sysbios_gates_GateHwi_Instance_init__E)
                  0008a8dd    00000001                   : BIOS.obj (.text:_ti_sysbios_knl_Clock_logTick__E)
                  0008a8de    00000001     rts2800_fpu32.lib : startup.c.obj (.text)

ramfuncs   1    00008000    00000000     UNINITIALIZED

.stack     1    00000122    00000100     UNINITIALIZED
                  00000122    00000100     --HOLE--

.ebss      1    00008000    00000b40     UNINITIALIZED
                  00008000    00000500     Lab2Idle_p28FP.o28FP (.ebss:taskStackSection)
                  00008500    000001c0     Lab2Idle_p28FP.o28FP (.ebss:_ti_sysbios_family_c28_Hwi_Module_State_0_dispatchTable__A)
                  000086c0    00000100     Lab2Idle_p28FP.o28FP (.ebss:_xdc_runtime_SysMin_Module_State_0_outbuf__A)
                  000087c0    000000d2     Lab2Idle_p28FP.o28FP (.ebss:_ti_sysbios_knl_Task_Object__table__V)
                  00008892    0000001e     LabProject_main.obj (.ebss)
                  000088b0    0000000e     Lab2Idle_p28FP.o28FP (.ebss:_ti_sysbios_gates_GateMutex_Object__table__V)
                  000088be    00000002     rts2800_fpu32.lib : _lock.c.obj (.ebss:__lock)
                  000088c0    00000078     Lab2Idle_p28FP.o28FP (.ebss:_ti_sysbios_knl_Swi_Object__table__V)
                  00008938    00000008     rts2800_fpu32.lib : hostopen.c.obj (.ebss:_parmbuf)
                  00008940    00000050     Lab2Idle_p28FP.o28FP (.ebss)
                  00008990    00000012     Lab2Idle_p28FP.o28FP (.ebss:_xdc_runtime_LoggerBuf_Object__table__V)
                  000089a2    00000008     Lab2Idle_p28FP.o28FP (.ebss:_xdc_runtime_System_Module_State_0_atexitHandlers__A)
                  000089aa    00000006     Lab2Idle_p28FP.o28FP (.ebss:_xdc_runtime_HeapStd_Object__table__V)
                  000089b0    00000006     rts2800_fpu32.lib : exit.c.obj (.ebss)
                  000089b6    00000002                       : _lock.c.obj (.ebss:__unlock)
                  000089b8    00000002     Lab2Idle_p28FP.o28FP (.ebss:_ti_sysbios_gates_GateHwi_Object__table__V)
                  000089ba    00000002     Lab2Idle_p28FP.o28FP (.ebss:_ti_sysbios_knl_Task_Module_State_0_idleTask__A)
                  000089bc    00000004     --HOLE--
                  000089c0    00000048     Lab2Idle_p28FP.o28FP (.ebss:_ti_sysbios_family_c28_Timer_Object__table__V)
                  00008a08    00000032     Lab2Idle_p28FP.o28FP (.ebss:_ti_sysbios_knl_Semaphore_Object__table__V)
                  00008a3a    00000006     --HOLE--
                  00008a40    00000040     Lab2Idle_p28FP.o28FP (.ebss:_ti_sysbios_family_c28_Hwi_Object__table__V)
                  00008a80    00000040     Lab2Idle_p28FP.o28FP (.ebss:_ti_sysbios_knl_Swi_Module_State_0_readyQ__A)
                  00008ac0    00000040     Lab2Idle_p28FP.o28FP (.ebss:_ti_sysbios_knl_Task_Module_State_0_readyQ__A)
                  00008b00    00000040     Lab2Idle_p28FP.o28FP (.ebss:_xdc_runtime_LoggerBuf_Instance_State_0_entryArr__A)

.data      1    00000222    00000088     UNINITIALIZED
                  00000222    00000016     Lab2Idle_p28FP.o28FP (.data:ti_sysbios_knl_Clock_Module__state__V)
                  00000238    00000008     Lab2Idle_p28FP.o28FP (.data:ti_sysbios_family_c28_Timer_Module__state__V)
                  00000240    00000020     Lab2Idle_p28FP.o28FP (.data:ti_sysbios_knl_Task_Module__state__V)
                  00000260    00000012     Lab2Idle_p28FP.o28FP (.data:ti_sysbios_BIOS_Module__state__V)
                  00000272    0000000c     Lab2Idle_p28FP.o28FP (.data:ti_sysbios_knl_Swi_Module__state__V)
                  0000027e    00000002     Lab2Idle_p28FP.o28FP (.data:xdc_runtime_HeapStd_Module__state__V)
                  00000280    00000010     Lab2Idle_p28FP.o28FP (.data:ti_sysbios_family_c28_Hwi_Module__state__V)
[...]
0     0008a838  _ti_sysbios_knl_Swi_disable__E                            
0     0008a83e  _ti_sysbios_knl_Task_disable__E                           
0     0008a844  _xdc_runtime_Gate_enterSystem__E                          
0     0008a84a  _xdc_runtime_Gate_leaveSystem__E                          
0     0008a850  _xdc_runtime_LoggerBuf_enable__E                          
0     0008a856  _ti_sysbios_family_c28_Hwi_switchFromBootStack__E         
0     0008a85b  _ti_sysbios_gates_GateHwi_enter__E                        
0     0008a860  _xdc_runtime_LoggerBuf_disable__E                         
0     0008a865  _ti_sysbios_family_c28_Hwi_startup__E                     
0     0008a865  _ti_sysbios_hal_Hwi_HwiProxy_startup__E                   
0     0008a869  _ti_sysbios_knl_Swi_startup__E                            
0     0008a86d  _xdc_runtime_Memory_HeapProxy_free__E                     
0     0008a871  _xdc_runtime_Memory_getMaxDefaultTypeAlign__E             
0     0008a875  _xdc_runtime_Startup_rtsDone__E                           
0     0008a879  _ti_catalog_c2800_initF2837x_Boot_limpAbort               
0     0008a87c  ___xdc__init                                              
0     0008a87f  _ti_sysbios_BIOS_RtsGateProxy_enter__E                    
0     0008a882  _ti_sysbios_BIOS_RtsGateProxy_leave__E                    
0     0008a885  _ti_sysbios_gates_GateHwi_leave__E                        
0     0008a888  _ti_sysbios_hal_Hwi_HwiProxy_getStackInfo__E              
0     0008a88b  _ti_sysbios_hal_Hwi_HwiProxy_switchFromBootStack__E       
0     0008a88e  _ti_sysbios_hal_Hwi_startup__E                            
0     0008a891  _ti_sysbios_knl_Clock_TimerProxy_getMaxTicks__E           
0     0008a894  _ti_sysbios_knl_Idle_loop__E                              
0     0008a897  _ti_sysbios_knl_Queue_Instance_init__E                    
0     0008a89a  _ti_sysbios_knl_Task_SupportProxy_checkStack__E           
0     0008a89d  _ti_sysbios_knl_Task_SupportProxy_swap__E                 
0     0008a8a0  _ti_sysbios_knl_Task_startup__E                           
0     0008a8a3  _xdc_runtime_LoggerBuf_Module_GateProxy_enter__E          
0     0008a8a6  _xdc_runtime_LoggerBuf_Module_GateProxy_leave__E          
0     0008a8a9  _xdc_runtime_LoggerBuf_TimestampProxy_get64__E            
0     0008a8ac  _xdc_runtime_System_Module_GateProxy_enter__E             
0     0008a8af  _xdc_runtime_System_Module_GateProxy_leave__E             
0     0008a8b2  _xdc_runtime_System_Module_startup__E                     
0     0008a8b5  _xdc_runtime_System_SupportProxy_abort__E                 
0     0008a8b8  _xdc_runtime_System_SupportProxy_exit__E                  
0     0008a8bb  _xdc_runtime_System_SupportProxy_putch__E                 
0     0008a8be  _xdc_runtime_System_SupportProxy_ready__E                 
0     0008a8c1  _xdc_runtime_System_abortStd__E                           
0     0008a8c4  _xdc_runtime_System_exitStd__E                            
0     0008a8c7  _xdc_runtime_Text_visitRope__I                            
0     0008a8ca  _malloc                                                   
0     0008a8cc  _ti_sysbios_family_c28_TaskSupport_Module__startupDone__S 
0     0008a8cc  _ti_sysbios_knl_Task_SupportProxy_Module__startupDone__S  
0     0008a8ce  _ti_sysbios_family_c28_Timer_getMaxTicks__E               
0     0008a8d0  _ti_sysbios_gates_GateHwi_query__E                        
0     0008a8d2  _xdc_runtime_Error_getSite__E                             
0     0008a8d4  _xdc_runtime_HeapStd_isBlocking__E                        
0     0008a8d6  __system_pre_init                                         
0     0008a8d8  _ti_catalog_c2800_initF2837x_Boot_defaultLimpAbortFunction
0     0008a8d9  _ti_sysbios_BIOS_linkedWithIncorrectBootLibrary__E        
0     0008a8da  _ti_sysbios_BIOS_nullFunc__I                              
0     0008a8db  _ti_sysbios_family_c28_Hwi_interruptReturn__I             
0     0008a8dc  _ti_sysbios_gates_GateHwi_Instance_init__E                
0     0008a8dd  _ti_sysbios_knl_Clock_logTick__E                          
0     0008a8de  __system_post_cinit                                       
0     0008a8df  ___etext__                                                
0     0008a8df  etext                                                     
1     00000122  __stack                                                   
1     00000222  .data                                                     
1     00000222  __STACK_END                                               
1     00000222  ___data__                                                 
1     00000222  _ti_sysbios_knl_Clock_Module__state__V                    
1     00000238  _ti_sysbios_family_c28_Timer_Module__state__V             
1     00000240  _ti_sysbios_knl_Task_Module__state__V                     
1     00000260  _ti_sysbios_BIOS_Module__state__V                         
1     00000272  _ti_sysbios_knl_Swi_Module__state__V                      
1     0000027e  _xdc_runtime_HeapStd_Module__state__V                     
1     00000280  _ti_sysbios_family_c28_Hwi_Module__state__V               
1     00000290  _xdc_runtime_Registry_Module__state__V                    
1     00000294  _xdc_runtime_Startup_Module__state__V                     
1     00000298  _xdc_runtime_SysMin_Module__state__V                      
1     0000029c  _xdc_runtime_System_Module__state__V                      
1     000002a0  _xdc_runtime_Text_Module__state__V                        
1     000002a4  _xdc_runtime_LoggerBuf_Module__state__V                   
1     000002a7  _xdc_runtime_Error_Module__state__V                       
1     000002a8  _xdc_runtime_Memory_Module__state__V                      
1     000002aa  ___edata__                                                
1     000002aa  edata                                                     
1     00000b00  _AdcaResultRegs                                           
1     00000b20  _AdcbResultRegs                                           
1     00000b40  _AdccResultRegs                                           
1     00000b60  _AdcdResultRegs                                           
1     00000c00  _CpuTimer0Regs                                            
1     00000c08  _CpuTimer1Regs                                            
1     00000c10  _CpuTimer2Regs                                            
1     00000ce0  _PieCtrlRegs                                              
1     00001000  _DmaRegs                                                  
1     00001400  _Cla1Regs                                                 
1     00003000  _Clb1LogicCfgRegs                                         
1     00003100  _Clb1LogicCtrlRegs                                        
1     00003200  _Clb1DataExchRegs                                         
1     00003400  _Clb2LogicCfgRegs                                         
1     00003500  _Clb2LogicCtrlRegs                                        
1     00003600  _Clb2DataExchRegs                                         
1     00003800  _Clb3LogicCfgRegs                                         
1     00003900  _Clb3LogicCtrlRegs                                        
1     00003a00  _Clb3DataExchRegs                                         
1     00003c00  _Clb4LogicCfgRegs                                         
1     00003d00  _Clb4LogicCtrlRegs                                        
1     00003e00  _Clb4DataExchRegs                                         
1     00004000  _EPwm1Regs                                                
1     00004100  _EPwm2Regs                                                
1     00004200  _EPwm3Regs                                                
1     00004300  _EPwm4Regs                                                
1     00004400  _EPwm5Regs                                                
1     00004500  _EPwm6Regs                                                
1     00004600  _EPwm7Regs                                                
1     00004700  _EPwm8Regs                                                
1     00004800  _EPwm9Regs                                                
1     00004900  _EPwm10Regs                                               
1     00004a00  _EPwm11Regs                                               
1     00004b00  _EPwm12Regs                                               
1     00005000  _ECap1Regs                                                
1     00005020  _ECap2Regs                                                
1     00005040  _ECap3Regs                                                
1     00005060  _ECap4Regs                                                
1     00005080  _ECap5Regs                                                
1     000050a0  _ECap6Regs                                                
1     00005100  _EQep1Regs                                                
1     00005140  _EQep2Regs                                                
1     00005180  _EQep3Regs                                                
1     00005c00  _DacaRegs                                                 
1     00005c10  _DacbRegs                                                 
1     00005c20  _DaccRegs                                                 
1     00005c80  _Cmpss1Regs                                               
1     00005ca0  _Cmpss2Regs                                               
1     00005cc0  _Cmpss3Regs                                               
1     00005ce0  _Cmpss4Regs                                               
1     00005d00  _Cmpss5Regs                                               
1     00005d20  _Cmpss6Regs                                               
1     00005d40  _Cmpss7Regs                                               
1     00005d60  _Cmpss8Regs                                               
1     00005e00  _Sdfm1Regs                                                
1     00005e80  _Sdfm2Regs                                                
1     00006000  _McbspaRegs                                               
1     00006040  _McbspbRegs                                               
1     00006100  _SpiaRegs                                                 
1     00006110  _SpibRegs                                                 
1     00006120  _SpicRegs                                                 
1     00006200  _UppRegs                                                  
1     00007000  _WdRegs                                                   
1     00007060  _NmiIntruptRegs                                           
1     00007070  _XintRegs                                                 
1     00007200  _SciaRegs                                                 
1     00007210  _ScibRegs                                                 
1     00007220  _ScicRegs                                                 
1     00007230  _ScidRegs                                                 
1     00007300  _I2caRegs                                                 
1     00007340  _I2cbRegs                                                 
1     00007400  _AdcaRegs                                                 
1     00007480  _AdcbRegs                                                 
1     00007500  _AdccRegs                                                 
1     00007580  _AdcdRegs                                                 
1     00007900  _InputXbarRegs                                            
1     00007920  _XbarRegs                                                 
1     00007940  _SyncSocRegs                                              
1     00007980  _DmaClaSrcSelRegs                                         
1     00007a00  _EPwmXbarRegs                                             
1     00007a40  _ClbXbarRegs                                              
1     00007a80  _OutputXbarRegs                                           
1     00007c00  _GpioCtrlRegs                                             
1     00007f00  _GpioDataRegs                                             
1     00008000  _RamfuncsLoadEnd                                          
1     00008000  _RamfuncsLoadStart                                        
1     00008000  _RamfuncsRunEnd                                           
1     00008000  _RamfuncsRunStart                                         
1     00008000  _ti_sysbios_knl_Task_Instance_State_0_stack__A            
1     00008100  _ti_sysbios_knl_Task_Instance_State_1_stack__A            
1     00008200  _ti_sysbios_knl_Task_Instance_State_2_stack__A            
1     00008300  _ti_sysbios_knl_Task_Instance_State_3_stack__A            
1     00008400  _ti_sysbios_knl_Task_Instance_State_4_stack__A            
1     00008500  _ti_sysbios_family_c28_Hwi_Module_State_0_dispatchTable__A
1     000086c0  _xdc_runtime_SysMin_Module_State_0_outbuf__A              
1     000087c0  _ti_sysbios_knl_Task_Object__table__V                     
1     00008892  _isrFlag                                                  
1     00008893  _isrFlag2                                                 
1     00008894  _once                                                     
1     00008895  _bin                                                      
1     00008896  _sec                                                      
1     00008897  _currentState                                             
1     00008898  _time_ten_ms                                              
1     00008899  _tickCount                                                
1     0000889a  _bufferIndex                                              
1     0000889c  _hnd_rfft                                                 
1     0000889e  _count                                                    
1     000088a0  _soc0_adc_voltage                                         
1     000088a2  _soc1_adc_voltage                                         
1     000088a4  _rfft                                                     
1     000088b0  _ti_sysbios_gates_GateMutex_Object__table__V              
1     000088be  __lock                                                    
1     000088c0  _ti_sysbios_knl_Swi_Object__table__V                      
1     00008938  _parmbuf                                                  
1     00008940  ___xdc__init__addr                                        
1     00008942  _ti_sysbios_family_c28_Hwi_Module__root__V                
1     00008946  _ti_sysbios_family_c28_Timer_Module__root__V              
1     0000894a  _ti_sysbios_gates_GateHwi_Module__root__V                 
1     0000894e  _ti_sysbios_gates_GateMutex_Module__root__V               
1     00008952  _ti_sysbios_hal_Hwi_Module__root__V                       
1     00008956  _ti_sysbios_hal_Timer_Module__root__V                     
1     0000895a  _ti_sysbios_knl_Clock_Module__root__V                     
1     0000895e  _ti_sysbios_knl_Queue_Module__root__V                     
1     00008962  _ti_sysbios_knl_Semaphore_Module__root__V                 
1     00008966  _ti_sysbios_knl_Swi_Module__root__V                       
1     0000896a  _ti_sysbios_knl_Task_Module__root__V                      
1     0000896e  _xdc_runtime_HeapStd_Module__root__V                      
1     00008972  _xdc_runtime_LoggerBuf_Module__root__V                    
1     00008980  _xdc_runtime_Error_IgnoreBlock                            
1     00008990  _xdc_runtime_LoggerBuf_Object__table__V                   
1     000089a2  _xdc_runtime_System_Module_State_0_atexitHandlers__A      
1     000089aa  _xdc_runtime_HeapStd_Object__table__V                     
1     000089b0  ___TI_enable_exit_profile_output                          
1     000089b2  ___TI_cleanup_ptr                                         
1     000089b4  ___TI_dtors_ptr                                           
1     000089b6  __unlock                                                  
1     000089b8  _ti_sysbios_gates_GateHwi_Object__table__V                
1     000089ba  _ti_sysbios_knl_Task_Module_State_0_idleTask__A           
1     000089c0  _ti_sysbios_family_c28_Timer_Object__table__V             
1     00008a08  _ti_sysbios_knl_Semaphore_Object__table__V                
1     00008a40  _ti_sysbios_family_c28_Hwi_Object__table__V               
1     00008a80  _ti_sysbios_knl_Swi_Module_State_0_readyQ__A              
1     00008ac0  _ti_sysbios_knl_Task_Module_State_0_readyQ__A             
1     00008b00  _xdc_runtime_LoggerBuf_Instance_State_0_entryArr__A       
1     00008b40  __CIOBUF_                                                 
1     00010000  _RFFTin1Buff                                              
1     00011000  _RFFTmagBuff                                              
1     00012000  _RFFToutBuff                                              
1     00013000  _RFFTF32Coef                                              
1     00018000  _FFTTwiddlesLoadStart                                     
1     00018000  _FFTTwiddlesRunStart                                      
1     00047000  _Emif1Regs                                                
1     00047800  _Emif2Regs                                                
1     00048000  _CanaRegs                                                 
1     0004a000  _CanbRegs                                                 
1     00050000  _IpcRegs                                                  
1     00050024  _FlashPumpSemaphoreRegs                                   
1     0005d000  _DevCfgRegs                                               
1     0005d180  _AnalogSubsysRegs                                         
1     0005d200  _ClkCfgRegs                                               
1     0005d300  _CpuSysRegs                                               
1     0005e608  _RomPrefetchRegs                                          
1     0005f000  _DcsmZ1Regs                                               
1     0005f040  _DcsmZ2Regs                                               
1     0005f070  _DcsmCommonRegs                                           
1     0005f400  _MemCfgRegs                                               
1     0005f480  _Emif1ConfigRegs                                          
1     0005f4a0  _Emif2ConfigRegs                                          
1     0005f4c0  _AccessProtectionRegs                                     
1     0005f500  _MemoryErrorRegs                                          
1     0005f540  _RomWaitStateRegs                                         
1     0005f800  _Flash0CtrlRegs                                           
1     0005fb00  _Flash0EccRegs                                            
abs   00000000  _FFTTwiddlesLoadSize                                      
abs   00000000  _RamfuncsLoadSize                                         
abs   00000000  _RamfuncsRunSize                                          
abs   00000001  _xdc_rov_runtime_Mon__checksum                            
abs   00000001  _xdc_rov_runtime_Mon__write                               
abs   00000001  _xdc_runtime_Startup__EXECFXN__C                          
abs   00000001  _xdc_runtime_Startup__RESETFXN__C                         
abs   00000100  __STACK_SIZE                                              
abs   ffffffff  ___TI_pprof_out_hndl                                      
abs   ffffffff  ___TI_prof_data_size                                      
abs   ffffffff  ___TI_prof_data_start                                     
abs   ffffffff  ___c_args__                                               
abs   ffffffff  ___pinit__                                                
abs   ffffffff  pinit                                                     

[658 symbols]
