<?xml version="1.0" encoding="ISO-8859-1" ?>
<link_info>
   <banner>TMS320C2000 Linker PC v20.2.5.LTS</banner>
   <copyright>Copyright (c) 1996-2018 Texas Instruments Incorporated</copyright>
   <link_time>0x6563d233</link_time>
   <link_errors>0x0</link_errors>
   <output_file>labproject.out</output_file>
   <entry_point>
      <name>_c_int00</name>
      <address>0x89098</address>
   </entry_point>
   <input_file_list>
      <input_file id="fl-2">
         <path>.\</path>
         <kind>object</kind>
         <file>F2837xD_GlobalVariableDefs.obj</file>
         <name>F2837xD_GlobalVariableDefs.obj</name>
      </input_file>
      <input_file id="fl-3">
         <path>.\</path>
         <kind>object</kind>
         <file>Lab_proj_Idle_DevInit.obj</file>
         <name>Lab_proj_Idle_DevInit.obj</name>
      </input_file>
      <input_file id="fl-4">
         <path>.\</path>
         <kind>object</kind>
         <file>Lab_proj_Idle_main.obj</file>
         <name>Lab_proj_Idle_main.obj</name>
      </input_file>
      <input_file id="fl-5">
         <path>.\</path>
         <kind>object</kind>
         <file>timer.obj</file>
         <name>timer.obj</name>
      </input_file>
      <input_file id="fl-9">
         <path>D:\E_Eng\ELEX7820\Labs\ELEX7820_RTOSproject\Debug\configPkg\package\cfg\</path>
         <kind>object</kind>
         <file>Lab_proj_Idle_p28FP.o28FP</file>
         <name>Lab_proj_Idle_p28FP.o28FP</name>
      </input_file>
      <input_file id="fl-10">
         <kind>object</kind>
         <file>&lt;internal&gt;</file>
         <name>&lt;internal&gt;</name>
      </input_file>
      <input_file id="fl-11">
         <path>D:\E_Eng\ELEX7820\Labs\ELEX7820_RTOSproject\src\sysbios\</path>
         <kind>archive</kind>
         <file>sysbios.a28FP</file>
         <name>BIOS.obj</name>
      </input_file>
      <input_file id="fl-12">
         <path>D:\E_Eng\ELEX7820\Labs\ELEX7820_RTOSproject\src\sysbios\</path>
         <kind>archive</kind>
         <file>sysbios.a28FP</file>
         <name>c28_Hwi_asm.obj</name>
      </input_file>
      <input_file id="fl-13">
         <path>D:\E_Eng\ELEX7820\Labs\ELEX7820_RTOSproject\src\sysbios\</path>
         <kind>archive</kind>
         <file>sysbios.a28FP</file>
         <name>c28_Hwi_disp_asm.obj</name>
      </input_file>
      <input_file id="fl-14">
         <path>D:\E_Eng\ELEX7820\Labs\ELEX7820_RTOSproject\src\sysbios\</path>
         <kind>archive</kind>
         <file>sysbios.a28FP</file>
         <name>c28_IntrinsicsSupport_asm.obj</name>
      </input_file>
      <input_file id="fl-15">
         <path>D:\E_Eng\ELEX7820\Labs\ELEX7820_RTOSproject\src\sysbios\</path>
         <kind>archive</kind>
         <file>sysbios.a28FP</file>
         <name>c28_TaskSupport_asm.obj</name>
      </input_file>
      <input_file id="fl-16">
         <path>D:\E_Eng\ELEX7820\tools\sysbios\bios_6_83_00_18\packages\ti\targets\rts2800\lib\</path>
         <kind>archive</kind>
         <file>ti.targets.rts2800.a28FP</file>
         <name>Assert.o28FP</name>
      </input_file>
      <input_file id="fl-17">
         <path>D:\E_Eng\ELEX7820\tools\sysbios\bios_6_83_00_18\packages\ti\targets\rts2800\lib\</path>
         <kind>archive</kind>
         <file>ti.targets.rts2800.a28FP</file>
         <name>Core-mem.o28FP</name>
      </input_file>
      <input_file id="fl-18">
         <path>D:\E_Eng\ELEX7820\tools\sysbios\bios_6_83_00_18\packages\ti\targets\rts2800\lib\</path>
         <kind>archive</kind>
         <file>ti.targets.rts2800.a28FP</file>
         <name>Core-smem.o28FP</name>
      </input_file>
      <input_file id="fl-19">
         <path>D:\E_Eng\ELEX7820\tools\sysbios\bios_6_83_00_18\packages\ti\targets\rts2800\lib\</path>
         <kind>archive</kind>
         <file>ti.targets.rts2800.a28FP</file>
         <name>Core-params.o28FP</name>
      </input_file>
      <input_file id="fl-1a">
         <path>D:\E_Eng\ELEX7820\tools\sysbios\bios_6_83_00_18\packages\ti\targets\rts2800\lib\</path>
         <kind>archive</kind>
         <file>ti.targets.rts2800.a28FP</file>
         <name>Error.o28FP</name>
      </input_file>
      <input_file id="fl-1b">
         <path>D:\E_Eng\ELEX7820\tools\sysbios\bios_6_83_00_18\packages\ti\targets\rts2800\lib\</path>
         <kind>archive</kind>
         <file>ti.targets.rts2800.a28FP</file>
         <name>Gate.o28FP</name>
      </input_file>
      <input_file id="fl-1c">
         <path>D:\E_Eng\ELEX7820\tools\sysbios\bios_6_83_00_18\packages\ti\targets\rts2800\lib\</path>
         <kind>archive</kind>
         <file>ti.targets.rts2800.a28FP</file>
         <name>HeapStd.o28FP</name>
      </input_file>
      <input_file id="fl-1d">
         <path>D:\E_Eng\ELEX7820\tools\sysbios\bios_6_83_00_18\packages\ti\targets\rts2800\lib\</path>
         <kind>archive</kind>
         <file>ti.targets.rts2800.a28FP</file>
         <name>LoggerBuf.o28FP</name>
      </input_file>
      <input_file id="fl-1e">
         <path>D:\E_Eng\ELEX7820\tools\sysbios\bios_6_83_00_18\packages\ti\targets\rts2800\lib\</path>
         <kind>archive</kind>
         <file>ti.targets.rts2800.a28FP</file>
         <name>Memory.o28FP</name>
      </input_file>
      <input_file id="fl-1f">
         <path>D:\E_Eng\ELEX7820\tools\sysbios\bios_6_83_00_18\packages\ti\targets\rts2800\lib\</path>
         <kind>archive</kind>
         <file>ti.targets.rts2800.a28FP</file>
         <name>Startup.o28FP</name>
      </input_file>
      <input_file id="fl-20">
         <path>D:\E_Eng\ELEX7820\tools\sysbios\bios_6_83_00_18\packages\ti\targets\rts2800\lib\</path>
         <kind>archive</kind>
         <file>ti.targets.rts2800.a28FP</file>
         <name>System.o28FP</name>
      </input_file>
      <input_file id="fl-21">
         <path>D:\E_Eng\ELEX7820\tools\sysbios\bios_6_83_00_18\packages\ti\targets\rts2800\lib\</path>
         <kind>archive</kind>
         <file>ti.targets.rts2800.a28FP</file>
         <name>SysMin.o28FP</name>
      </input_file>
      <input_file id="fl-22">
         <path>D:\E_Eng\ELEX7820\tools\sysbios\bios_6_83_00_18\packages\ti\targets\rts2800\lib\</path>
         <kind>archive</kind>
         <file>ti.targets.rts2800.a28FP</file>
         <name>Text.o28FP</name>
      </input_file>
      <input_file id="fl-23">
         <path>D:\E_Eng\ELEX7820\tools\sysbios\bios_6_83_00_18\packages\ti\targets\rts2800\lib\</path>
         <kind>archive</kind>
         <file>ti.targets.rts2800.a28FP</file>
         <name>xdc_noinit.o28FP</name>
      </input_file>
      <input_file id="fl-24">
         <path>D:\E_Eng\ELEX7820\tools\sysbios\bios_6_83_00_18\packages\ti\targets\rts2800\lib\</path>
         <kind>archive</kind>
         <file>ti.targets.rts2800.a28FP</file>
         <name>Log.o28FP</name>
      </input_file>
      <input_file id="fl-25">
         <path>D:\E_Eng\ELEX7820\tools\sysbios\bios_6_83_00_18\packages\ti\targets\rts2800\lib\</path>
         <kind>archive</kind>
         <file>ti.targets.rts2800.a28FP</file>
         <name>Registry.o28FP</name>
      </input_file>
      <input_file id="fl-26">
         <path>D:\E_Eng\ELEX7820\tools\sysbios\bios_6_83_00_18\packages\ti\targets\rts2800\lib\</path>
         <kind>archive</kind>
         <file>boot.a28FP</file>
         <name>boot_cg.o28FP</name>
      </input_file>
      <input_file id="fl-27">
         <path>D:\E_Eng\ELEX7820\tools\sysbios\bios_6_83_00_18\packages\ti\catalog\c2800\initF2837x\lib\</path>
         <kind>archive</kind>
         <file>Boot.a28FP</file>
         <name>Boot.o28FP</name>
      </input_file>
      <input_file id="fl-28">
         <path>D:\E_Eng\ELEX7820\tools\sysbios\bios_6_83_00_18\packages\ti\catalog\c2800\initF2837x\lib\</path>
         <kind>archive</kind>
         <file>Boot.a28FP</file>
         <name>Boot_asm.o28FP</name>
      </input_file>
      <input_file id="fl-34">
         <path>D:\E_Eng\ELEX7820\CCS\CCS\ccs\tools\compiler\ti-cgt-c2000_20.2.5.LTS\lib\</path>
         <kind>archive</kind>
         <file>rts2800_fpu32.lib</file>
         <name>ll_div28.asm.obj</name>
      </input_file>
      <input_file id="fl-35">
         <path>D:\E_Eng\ELEX7820\CCS\CCS\ccs\tools\compiler\ti-cgt-c2000_20.2.5.LTS\lib\</path>
         <kind>archive</kind>
         <file>rts2800_fpu32.lib</file>
         <name>u_div28.asm.obj</name>
      </input_file>
      <input_file id="fl-36">
         <path>D:\E_Eng\ELEX7820\CCS\CCS\ccs\tools\compiler\ti-cgt-c2000_20.2.5.LTS\lib\</path>
         <kind>archive</kind>
         <file>rts2800_fpu32.lib</file>
         <name>cpy_tbl.c.obj</name>
      </input_file>
      <input_file id="fl-37">
         <path>D:\E_Eng\ELEX7820\CCS\CCS\ccs\tools\compiler\ti-cgt-c2000_20.2.5.LTS\lib\</path>
         <kind>archive</kind>
         <file>rts2800_fpu32.lib</file>
         <name>memcpy.c.obj</name>
      </input_file>
      <input_file id="fl-38">
         <path>D:\E_Eng\ELEX7820\CCS\CCS\ccs\tools\compiler\ti-cgt-c2000_20.2.5.LTS\lib\</path>
         <kind>archive</kind>
         <file>rts2800_fpu32.lib</file>
         <name>pre_init.c.obj</name>
      </input_file>
      <input_file id="fl-39">
         <path>D:\E_Eng\ELEX7820\CCS\CCS\ccs\tools\compiler\ti-cgt-c2000_20.2.5.LTS\lib\</path>
         <kind>archive</kind>
         <file>rts2800_fpu32.lib</file>
         <name>startup.c.obj</name>
      </input_file>
      <input_file id="fl-3a">
         <path>D:\E_Eng\ELEX7820\CCS\CCS\ccs\tools\compiler\ti-cgt-c2000_20.2.5.LTS\lib\</path>
         <kind>archive</kind>
         <file>rts2800_fpu32.lib</file>
         <name>exit.c.obj</name>
      </input_file>
      <input_file id="fl-3b">
         <path>D:\E_Eng\ELEX7820\CCS\CCS\ccs\tools\compiler\ti-cgt-c2000_20.2.5.LTS\lib\</path>
         <kind>archive</kind>
         <file>rts2800_fpu32.lib</file>
         <name>_lock.c.obj</name>
      </input_file>
      <input_file id="fl-3c">
         <path>D:\E_Eng\ELEX7820\CCS\CCS\ccs\tools\compiler\ti-cgt-c2000_20.2.5.LTS\lib\</path>
         <kind>archive</kind>
         <file>rts2800_fpu32.lib</file>
         <name>args_main.c.obj</name>
      </input_file>
      <input_file id="fl-3d">
         <path>D:\E_Eng\ELEX7820\CCS\CCS\ccs\tools\compiler\ti-cgt-c2000_20.2.5.LTS\lib\</path>
         <kind>archive</kind>
         <file>rts2800_fpu32.lib</file>
         <name>memset.c.obj</name>
      </input_file>
      <input_file id="fl-3e">
         <path>D:\E_Eng\ELEX7820\CCS\CCS\ccs\tools\compiler\ti-cgt-c2000_20.2.5.LTS\lib\</path>
         <kind>archive</kind>
         <file>rts2800_fpu32.lib</file>
         <name>strcmp.c.obj</name>
      </input_file>
      <input_file id="fl-3f">
         <path>D:\E_Eng\ELEX7820\CCS\CCS\ccs\tools\compiler\ti-cgt-c2000_20.2.5.LTS\lib\</path>
         <kind>archive</kind>
         <file>rts2800_fpu32.lib</file>
         <name>strlen.c.obj</name>
      </input_file>
      <input_file id="fl-40">
         <path>D:\E_Eng\ELEX7820\CCS\CCS\ccs\tools\compiler\ti-cgt-c2000_20.2.5.LTS\lib\</path>
         <kind>archive</kind>
         <file>rts2800_fpu32.lib</file>
         <name>hostwrite.c.obj</name>
      </input_file>
      <input_file id="fl-41">
         <path>D:\E_Eng\ELEX7820\CCS\CCS\ccs\tools\compiler\ti-cgt-c2000_20.2.5.LTS\lib\</path>
         <kind>archive</kind>
         <file>rts2800_fpu32.lib</file>
         <name>trgmsg.c.obj</name>
      </input_file>
      <input_file id="fl-42">
         <path>D:\E_Eng\ELEX7820\CCS\CCS\ccs\tools\compiler\ti-cgt-c2000_20.2.5.LTS\lib\</path>
         <kind>archive</kind>
         <file>rts2800_fpu32.lib</file>
         <name>hostopen.c.obj</name>
      </input_file>
   </input_file_list>
   <object_component_list>
      <object_component id="oc-ff">
         <name>PieVectTableFile</name>
         <uninitialized>true</uninitialized>
         <run_address>0xd00</run_address>
         <size>0x1c0</size>
         <input_file_ref idref="fl-2"/>
      </object_component>
      <object_component id="oc-cf">
         <name>AccessProtectionRegsFile</name>
         <uninitialized>true</uninitialized>
         <run_address>0x5f4c0</run_address>
         <size>0x2e</size>
         <input_file_ref idref="fl-2"/>
      </object_component>
      <object_component id="oc-e4">
         <name>AdcaRegsFile</name>
         <uninitialized>true</uninitialized>
         <run_address>0x7400</run_address>
         <size>0x7c</size>
         <input_file_ref idref="fl-2"/>
      </object_component>
      <object_component id="oc-e5">
         <name>AdcbRegsFile</name>
         <uninitialized>true</uninitialized>
         <run_address>0x7480</run_address>
         <size>0x7c</size>
         <input_file_ref idref="fl-2"/>
      </object_component>
      <object_component id="oc-e6">
         <name>AdccRegsFile</name>
         <uninitialized>true</uninitialized>
         <run_address>0x7500</run_address>
         <size>0x7c</size>
         <input_file_ref idref="fl-2"/>
      </object_component>
      <object_component id="oc-e7">
         <name>AdcdRegsFile</name>
         <uninitialized>true</uninitialized>
         <run_address>0x7580</run_address>
         <size>0x7c</size>
         <input_file_ref idref="fl-2"/>
      </object_component>
      <object_component id="oc-ac">
         <name>AdcaResultRegsFile</name>
         <uninitialized>true</uninitialized>
         <run_address>0xb00</run_address>
         <size>0x18</size>
         <input_file_ref idref="fl-2"/>
      </object_component>
      <object_component id="oc-ad">
         <name>AdcbResultRegsFile</name>
         <uninitialized>true</uninitialized>
         <run_address>0xb20</run_address>
         <size>0x18</size>
         <input_file_ref idref="fl-2"/>
      </object_component>
      <object_component id="oc-ae">
         <name>AdccResultRegsFile</name>
         <uninitialized>true</uninitialized>
         <run_address>0xb40</run_address>
         <size>0x18</size>
         <input_file_ref idref="fl-2"/>
      </object_component>
      <object_component id="oc-af">
         <name>AdcdResultRegsFile</name>
         <uninitialized>true</uninitialized>
         <run_address>0xb60</run_address>
         <size>0x18</size>
         <input_file_ref idref="fl-2"/>
      </object_component>
      <object_component id="oc-d3">
         <name>AnalogSubsysRegsFile</name>
         <uninitialized>true</uninitialized>
         <run_address>0x5d180</run_address>
         <size>0x3e</size>
         <input_file_ref idref="fl-2"/>
      </object_component>
      <object_component id="oc-fb">
         <name>CanaRegsFile</name>
         <uninitialized>true</uninitialized>
         <run_address>0x48000</run_address>
         <size>0x164</size>
         <input_file_ref idref="fl-2"/>
      </object_component>
      <object_component id="oc-fc">
         <name>CanbRegsFile</name>
         <uninitialized>true</uninitialized>
         <run_address>0x4a000</run_address>
         <size>0x164</size>
         <input_file_ref idref="fl-2"/>
      </object_component>
      <object_component id="oc-d4">
         <name>Cla1RegsFile</name>
         <uninitialized>true</uninitialized>
         <run_address>0x1400</run_address>
         <size>0x3e</size>
         <input_file_ref idref="fl-2"/>
      </object_component>
      <object_component id="oc-f6">
         <name>Clb1DataExchRegsFile</name>
         <uninitialized>true</uninitialized>
         <run_address>0x3200</run_address>
         <size>0x108</size>
         <input_file_ref idref="fl-2"/>
      </object_component>
      <object_component id="oc-f7">
         <name>Clb2DataExchRegsFile</name>
         <uninitialized>true</uninitialized>
         <run_address>0x3600</run_address>
         <size>0x108</size>
         <input_file_ref idref="fl-2"/>
      </object_component>
      <object_component id="oc-f8">
         <name>Clb3DataExchRegsFile</name>
         <uninitialized>true</uninitialized>
         <run_address>0x3a00</run_address>
         <size>0x108</size>
         <input_file_ref idref="fl-2"/>
      </object_component>
      <object_component id="oc-f9">
         <name>Clb4DataExchRegsFile</name>
         <uninitialized>true</uninitialized>
         <run_address>0x3e00</run_address>
         <size>0x108</size>
         <input_file_ref idref="fl-2"/>
      </object_component>
      <object_component id="oc-d5">
         <name>Clb1LogicCfgRegsFile</name>
         <uninitialized>true</uninitialized>
         <run_address>0x3000</run_address>
         <size>0x3e</size>
         <input_file_ref idref="fl-2"/>
      </object_component>
      <object_component id="oc-d6">
         <name>Clb2LogicCfgRegsFile</name>
         <uninitialized>true</uninitialized>
         <run_address>0x3400</run_address>
         <size>0x3e</size>
         <input_file_ref idref="fl-2"/>
      </object_component>
      <object_component id="oc-d7">
         <name>Clb3LogicCfgRegsFile</name>
         <uninitialized>true</uninitialized>
         <run_address>0x3800</run_address>
         <size>0x3e</size>
         <input_file_ref idref="fl-2"/>
      </object_component>
      <object_component id="oc-d8">
         <name>Clb4LogicCfgRegsFile</name>
         <uninitialized>true</uninitialized>
         <run_address>0x3c00</run_address>
         <size>0x3e</size>
         <input_file_ref idref="fl-2"/>
      </object_component>
      <object_component id="oc-d9">
         <name>Clb1LogicCtrlRegsFile</name>
         <uninitialized>true</uninitialized>
         <run_address>0x3100</run_address>
         <size>0x40</size>
         <input_file_ref idref="fl-2"/>
      </object_component>
      <object_component id="oc-da">
         <name>Clb2LogicCtrlRegsFile</name>
         <uninitialized>true</uninitialized>
         <run_address>0x3500</run_address>
         <size>0x40</size>
         <input_file_ref idref="fl-2"/>
      </object_component>
      <object_component id="oc-db">
         <name>Clb3LogicCtrlRegsFile</name>
         <uninitialized>true</uninitialized>
         <run_address>0x3900</run_address>
         <size>0x40</size>
         <input_file_ref idref="fl-2"/>
      </object_component>
      <object_component id="oc-dc">
         <name>Clb4LogicCtrlRegsFile</name>
         <uninitialized>true</uninitialized>
         <run_address>0x3d00</run_address>
         <size>0x40</size>
         <input_file_ref idref="fl-2"/>
      </object_component>
      <object_component id="oc-dd">
         <name>ClbXbarRegsFile</name>
         <uninitialized>true</uninitialized>
         <run_address>0x7a40</run_address>
         <size>0x40</size>
         <input_file_ref idref="fl-2"/>
      </object_component>
      <object_component id="oc-d1">
         <name>ClkCfgRegsFile</name>
         <uninitialized>true</uninitialized>
         <run_address>0x5d200</run_address>
         <size>0x32</size>
         <input_file_ref idref="fl-2"/>
      </object_component>
      <object_component id="oc-b8">
         <name>Cmpss1RegsFile</name>
         <uninitialized>true</uninitialized>
         <run_address>0x5c80</run_address>
         <size>0x1b</size>
         <input_file_ref idref="fl-2"/>
      </object_component>
      <object_component id="oc-b9">
         <name>Cmpss2RegsFile</name>
         <uninitialized>true</uninitialized>
         <run_address>0x5ca0</run_address>
         <size>0x1b</size>
         <input_file_ref idref="fl-2"/>
      </object_component>
      <object_component id="oc-ba">
         <name>Cmpss3RegsFile</name>
         <uninitialized>true</uninitialized>
         <run_address>0x5cc0</run_address>
         <size>0x1b</size>
         <input_file_ref idref="fl-2"/>
      </object_component>
      <object_component id="oc-bb">
         <name>Cmpss4RegsFile</name>
         <uninitialized>true</uninitialized>
         <run_address>0x5ce0</run_address>
         <size>0x1b</size>
         <input_file_ref idref="fl-2"/>
      </object_component>
      <object_component id="oc-bc">
         <name>Cmpss5RegsFile</name>
         <uninitialized>true</uninitialized>
         <run_address>0x5d00</run_address>
         <size>0x1b</size>
         <input_file_ref idref="fl-2"/>
      </object_component>
      <object_component id="oc-bd">
         <name>Cmpss6RegsFile</name>
         <uninitialized>true</uninitialized>
         <run_address>0x5d20</run_address>
         <size>0x1b</size>
         <input_file_ref idref="fl-2"/>
      </object_component>
      <object_component id="oc-be">
         <name>Cmpss7RegsFile</name>
         <uninitialized>true</uninitialized>
         <run_address>0x5d40</run_address>
         <size>0x1b</size>
         <input_file_ref idref="fl-2"/>
      </object_component>
      <object_component id="oc-bf">
         <name>Cmpss8RegsFile</name>
         <uninitialized>true</uninitialized>
         <run_address>0x5d60</run_address>
         <size>0x1b</size>
         <input_file_ref idref="fl-2"/>
      </object_component>
      <object_component id="oc-9e">
         <name>CpuTimer0RegsFile</name>
         <uninitialized>true</uninitialized>
         <run_address>0xc00</run_address>
         <size>0x8</size>
         <input_file_ref idref="fl-2"/>
      </object_component>
      <object_component id="oc-9f">
         <name>CpuTimer1RegsFile</name>
         <uninitialized>true</uninitialized>
         <run_address>0xc08</run_address>
         <size>0x8</size>
         <input_file_ref idref="fl-2"/>
      </object_component>
      <object_component id="oc-a0">
         <name>CpuTimer2RegsFile</name>
         <uninitialized>true</uninitialized>
         <run_address>0xc10</run_address>
         <size>0x8</size>
         <input_file_ref idref="fl-2"/>
      </object_component>
      <object_component id="oc-e8">
         <name>CpuSysRegsFile</name>
         <uninitialized>true</uninitialized>
         <run_address>0x5d300</run_address>
         <size>0x82</size>
         <input_file_ref idref="fl-2"/>
      </object_component>
      <object_component id="oc-9a">
         <name>DacaRegsFile</name>
         <uninitialized>true</uninitialized>
         <run_address>0x5c00</run_address>
         <size>0x7</size>
         <input_file_ref idref="fl-2"/>
      </object_component>
      <object_component id="oc-9b">
         <name>DacbRegsFile</name>
         <uninitialized>true</uninitialized>
         <run_address>0x5c10</run_address>
         <size>0x7</size>
         <input_file_ref idref="fl-2"/>
      </object_component>
      <object_component id="oc-9c">
         <name>DaccRegsFile</name>
         <uninitialized>true</uninitialized>
         <run_address>0x5c20</run_address>
         <size>0x7</size>
         <input_file_ref idref="fl-2"/>
      </object_component>
      <object_component id="oc-98">
         <name>DcsmCommonRegsFile</name>
         <uninitialized>true</uninitialized>
         <run_address>0x5f070</run_address>
         <size>0x6</size>
         <input_file_ref idref="fl-2"/>
      </object_component>
      <object_component id="oc-c1">
         <name>DcsmZ1RegsFile</name>
         <uninitialized>true</uninitialized>
         <run_address>0x5f000</run_address>
         <size>0x22</size>
         <input_file_ref idref="fl-2"/>
      </object_component>
      <object_component id="oc-c2">
         <name>DcsmZ2RegsFile</name>
         <uninitialized>true</uninitialized>
         <run_address>0x5f040</run_address>
         <size>0x22</size>
         <input_file_ref idref="fl-2"/>
      </object_component>
      <object_component id="oc-fa">
         <name>DevCfgRegsFile</name>
         <uninitialized>true</uninitialized>
         <run_address>0x5d000</run_address>
         <size>0x12e</size>
         <input_file_ref idref="fl-2"/>
      </object_component>
      <object_component id="oc-b0">
         <name>DmaClaSrcSelRegsFile</name>
         <uninitialized>true</uninitialized>
         <run_address>0x7980</run_address>
         <size>0x1a</size>
         <input_file_ref idref="fl-2"/>
      </object_component>
      <object_component id="oc-e9">
         <name>DmaRegsFile</name>
         <uninitialized>true</uninitialized>
         <run_address>0x1000</run_address>
         <size>0xe0</size>
         <input_file_ref idref="fl-2"/>
      </object_component>
      <object_component id="oc-b1">
         <name>ECap1RegsFile</name>
         <uninitialized>true</uninitialized>
         <run_address>0x5000</run_address>
         <size>0x1a</size>
         <input_file_ref idref="fl-2"/>
      </object_component>
      <object_component id="oc-b2">
         <name>ECap2RegsFile</name>
         <uninitialized>true</uninitialized>
         <run_address>0x5020</run_address>
         <size>0x1a</size>
         <input_file_ref idref="fl-2"/>
      </object_component>
      <object_component id="oc-b3">
         <name>ECap3RegsFile</name>
         <uninitialized>true</uninitialized>
         <run_address>0x5040</run_address>
         <size>0x1a</size>
         <input_file_ref idref="fl-2"/>
      </object_component>
      <object_component id="oc-b4">
         <name>ECap4RegsFile</name>
         <uninitialized>true</uninitialized>
         <run_address>0x5060</run_address>
         <size>0x1a</size>
         <input_file_ref idref="fl-2"/>
      </object_component>
      <object_component id="oc-b5">
         <name>ECap5RegsFile</name>
         <uninitialized>true</uninitialized>
         <run_address>0x5080</run_address>
         <size>0x1a</size>
         <input_file_ref idref="fl-2"/>
      </object_component>
      <object_component id="oc-b6">
         <name>ECap6RegsFile</name>
         <uninitialized>true</uninitialized>
         <run_address>0x50a0</run_address>
         <size>0x1a</size>
         <input_file_ref idref="fl-2"/>
      </object_component>
      <object_component id="oc-a1">
         <name>Emif1ConfigRegsFile</name>
         <uninitialized>true</uninitialized>
         <run_address>0x5f480</run_address>
         <size>0xa</size>
         <input_file_ref idref="fl-2"/>
      </object_component>
      <object_component id="oc-a2">
         <name>Emif2ConfigRegsFile</name>
         <uninitialized>true</uninitialized>
         <run_address>0x5f4a0</run_address>
         <size>0xa</size>
         <input_file_ref idref="fl-2"/>
      </object_component>
      <object_component id="oc-cb">
         <name>Emif1RegsFile</name>
         <uninitialized>true</uninitialized>
         <run_address>0x47000</run_address>
         <size>0x28</size>
         <input_file_ref idref="fl-2"/>
      </object_component>
      <object_component id="oc-cc">
         <name>Emif2RegsFile</name>
         <uninitialized>true</uninitialized>
         <run_address>0x47800</run_address>
         <size>0x28</size>
         <input_file_ref idref="fl-2"/>
      </object_component>
      <object_component id="oc-ea">
         <name>EPwm1RegsFile</name>
         <uninitialized>true</uninitialized>
         <run_address>0x4000</run_address>
         <size>0x100</size>
         <input_file_ref idref="fl-2"/>
      </object_component>
      <object_component id="oc-eb">
         <name>EPwm2RegsFile</name>
         <uninitialized>true</uninitialized>
         <run_address>0x4100</run_address>
         <size>0x100</size>
         <input_file_ref idref="fl-2"/>
      </object_component>
      <object_component id="oc-ec">
         <name>EPwm3RegsFile</name>
         <uninitialized>true</uninitialized>
         <run_address>0x4200</run_address>
         <size>0x100</size>
         <input_file_ref idref="fl-2"/>
      </object_component>
      <object_component id="oc-ed">
         <name>EPwm4RegsFile</name>
         <uninitialized>true</uninitialized>
         <run_address>0x4300</run_address>
         <size>0x100</size>
         <input_file_ref idref="fl-2"/>
      </object_component>
      <object_component id="oc-ee">
         <name>EPwm5RegsFile</name>
         <uninitialized>true</uninitialized>
         <run_address>0x4400</run_address>
         <size>0x100</size>
         <input_file_ref idref="fl-2"/>
      </object_component>
      <object_component id="oc-ef">
         <name>EPwm6RegsFile</name>
         <uninitialized>true</uninitialized>
         <run_address>0x4500</run_address>
         <size>0x100</size>
         <input_file_ref idref="fl-2"/>
      </object_component>
      <object_component id="oc-f0">
         <name>EPwm7RegsFile</name>
         <uninitialized>true</uninitialized>
         <run_address>0x4600</run_address>
         <size>0x100</size>
         <input_file_ref idref="fl-2"/>
      </object_component>
      <object_component id="oc-f1">
         <name>EPwm8RegsFile</name>
         <uninitialized>true</uninitialized>
         <run_address>0x4700</run_address>
         <size>0x100</size>
         <input_file_ref idref="fl-2"/>
      </object_component>
      <object_component id="oc-f2">
         <name>EPwm9RegsFile</name>
         <uninitialized>true</uninitialized>
         <run_address>0x4800</run_address>
         <size>0x100</size>
         <input_file_ref idref="fl-2"/>
      </object_component>
      <object_component id="oc-f3">
         <name>EPwm10RegsFile</name>
         <uninitialized>true</uninitialized>
         <run_address>0x4900</run_address>
         <size>0x100</size>
         <input_file_ref idref="fl-2"/>
      </object_component>
      <object_component id="oc-f4">
         <name>EPwm11RegsFile</name>
         <uninitialized>true</uninitialized>
         <run_address>0x4a00</run_address>
         <size>0x100</size>
         <input_file_ref idref="fl-2"/>
      </object_component>
      <object_component id="oc-f5">
         <name>EPwm12RegsFile</name>
         <uninitialized>true</uninitialized>
         <run_address>0x4b00</run_address>
         <size>0x100</size>
         <input_file_ref idref="fl-2"/>
      </object_component>
      <object_component id="oc-de">
         <name>EPwmXbarRegsFile</name>
         <uninitialized>true</uninitialized>
         <run_address>0x7a00</run_address>
         <size>0x40</size>
         <input_file_ref idref="fl-2"/>
      </object_component>
      <object_component id="oc-c3">
         <name>EQep1RegsFile</name>
         <uninitialized>true</uninitialized>
         <run_address>0x5100</run_address>
         <size>0x22</size>
         <input_file_ref idref="fl-2"/>
      </object_component>
      <object_component id="oc-c4">
         <name>EQep2RegsFile</name>
         <uninitialized>true</uninitialized>
         <run_address>0x5140</run_address>
         <size>0x22</size>
         <input_file_ref idref="fl-2"/>
      </object_component>
      <object_component id="oc-c5">
         <name>EQep3RegsFile</name>
         <uninitialized>true</uninitialized>
         <run_address>0x5180</run_address>
         <size>0x22</size>
         <input_file_ref idref="fl-2"/>
      </object_component>
      <object_component id="oc-fe">
         <name>Flash0CtrlRegsFile</name>
         <uninitialized>true</uninitialized>
         <run_address>0x5f800</run_address>
         <size>0x182</size>
         <input_file_ref idref="fl-2"/>
      </object_component>
      <object_component id="oc-cd">
         <name>Flash0EccRegsFile</name>
         <uninitialized>true</uninitialized>
         <run_address>0x5fb00</run_address>
         <size>0x28</size>
         <input_file_ref idref="fl-2"/>
      </object_component>
      <object_component id="oc-95">
         <name>FlashPumpSemaphoreRegsFile</name>
         <uninitialized>true</uninitialized>
         <run_address>0x50024</run_address>
         <size>0x2</size>
         <input_file_ref idref="fl-2"/>
      </object_component>
      <object_component id="oc-fd">
         <name>GpioCtrlRegsFile</name>
         <uninitialized>true</uninitialized>
         <run_address>0x7c00</run_address>
         <size>0x180</size>
         <input_file_ref idref="fl-2"/>
      </object_component>
      <object_component id="oc-d0">
         <name>GpioDataRegsFile</name>
         <uninitialized>true</uninitialized>
         <run_address>0x7f00</run_address>
         <size>0x30</size>
         <input_file_ref idref="fl-2"/>
      </object_component>
      <object_component id="oc-c6">
         <name>I2caRegsFile</name>
         <uninitialized>true</uninitialized>
         <run_address>0x7300</run_address>
         <size>0x22</size>
         <input_file_ref idref="fl-2"/>
      </object_component>
      <object_component id="oc-c7">
         <name>I2cbRegsFile</name>
         <uninitialized>true</uninitialized>
         <run_address>0x7340</run_address>
         <size>0x22</size>
         <input_file_ref idref="fl-2"/>
      </object_component>
      <object_component id="oc-c0">
         <name>InputXbarRegsFile</name>
         <uninitialized>true</uninitialized>
         <run_address>0x7900</run_address>
         <size>0x20</size>
         <input_file_ref idref="fl-2"/>
      </object_component>
      <object_component id="oc-c8">
         <name>IpcRegsFile</name>
         <uninitialized>true</uninitialized>
         <run_address>0x50000</run_address>
         <size>0x24</size>
         <input_file_ref idref="fl-2"/>
      </object_component>
      <object_component id="oc-d2">
         <name>MemoryErrorRegsFile</name>
         <uninitialized>true</uninitialized>
         <run_address>0x5f500</run_address>
         <size>0x3a</size>
         <input_file_ref idref="fl-2"/>
      </object_component>
      <object_component id="oc-e3">
         <name>MemCfgRegsFile</name>
         <uninitialized>true</uninitialized>
         <run_address>0x5f400</run_address>
         <size>0x76</size>
         <input_file_ref idref="fl-2"/>
      </object_component>
      <object_component id="oc-c9">
         <name>McbspaRegsFile</name>
         <uninitialized>true</uninitialized>
         <run_address>0x6000</run_address>
         <size>0x24</size>
         <input_file_ref idref="fl-2"/>
      </object_component>
      <object_component id="oc-ca">
         <name>McbspbRegsFile</name>
         <uninitialized>true</uninitialized>
         <run_address>0x6040</run_address>
         <size>0x24</size>
         <input_file_ref idref="fl-2"/>
      </object_component>
      <object_component id="oc-9d">
         <name>NmiIntruptRegsFile</name>
         <uninitialized>true</uninitialized>
         <run_address>0x7060</run_address>
         <size>0x7</size>
         <input_file_ref idref="fl-2"/>
      </object_component>
      <object_component id="oc-df">
         <name>OutputXbarRegsFile</name>
         <uninitialized>true</uninitialized>
         <run_address>0x7a80</run_address>
         <size>0x40</size>
         <input_file_ref idref="fl-2"/>
      </object_component>
      <object_component id="oc-b7">
         <name>PieCtrlRegsFile</name>
         <uninitialized>true</uninitialized>
         <run_address>0xce0</run_address>
         <size>0x1a</size>
         <input_file_ref idref="fl-2"/>
      </object_component>
      <object_component id="oc-96">
         <name>RomPrefetchRegsFile</name>
         <uninitialized>true</uninitialized>
         <run_address>0x5e608</run_address>
         <size>0x2</size>
         <input_file_ref idref="fl-2"/>
      </object_component>
      <object_component id="oc-97">
         <name>RomWaitStateRegsFile</name>
         <uninitialized>true</uninitialized>
         <run_address>0x5f540</run_address>
         <size>0x2</size>
         <input_file_ref idref="fl-2"/>
      </object_component>
      <object_component id="oc-a5">
         <name>SciaRegsFile</name>
         <uninitialized>true</uninitialized>
         <run_address>0x7200</run_address>
         <size>0x10</size>
         <input_file_ref idref="fl-2"/>
      </object_component>
      <object_component id="oc-a6">
         <name>ScibRegsFile</name>
         <uninitialized>true</uninitialized>
         <run_address>0x7210</run_address>
         <size>0x10</size>
         <input_file_ref idref="fl-2"/>
      </object_component>
      <object_component id="oc-a7">
         <name>ScicRegsFile</name>
         <uninitialized>true</uninitialized>
         <run_address>0x7220</run_address>
         <size>0x10</size>
         <input_file_ref idref="fl-2"/>
      </object_component>
      <object_component id="oc-a8">
         <name>ScidRegsFile</name>
         <uninitialized>true</uninitialized>
         <run_address>0x7230</run_address>
         <size>0x10</size>
         <input_file_ref idref="fl-2"/>
      </object_component>
      <object_component id="oc-e0">
         <name>Sdfm1RegsFile</name>
         <uninitialized>true</uninitialized>
         <run_address>0x5e00</run_address>
         <size>0x48</size>
         <input_file_ref idref="fl-2"/>
      </object_component>
      <object_component id="oc-e1">
         <name>Sdfm2RegsFile</name>
         <uninitialized>true</uninitialized>
         <run_address>0x5e80</run_address>
         <size>0x48</size>
         <input_file_ref idref="fl-2"/>
      </object_component>
      <object_component id="oc-a9">
         <name>SpiaRegsFile</name>
         <uninitialized>true</uninitialized>
         <run_address>0x6100</run_address>
         <size>0x10</size>
         <input_file_ref idref="fl-2"/>
      </object_component>
      <object_component id="oc-aa">
         <name>SpibRegsFile</name>
         <uninitialized>true</uninitialized>
         <run_address>0x6110</run_address>
         <size>0x10</size>
         <input_file_ref idref="fl-2"/>
      </object_component>
      <object_component id="oc-ab">
         <name>SpicRegsFile</name>
         <uninitialized>true</uninitialized>
         <run_address>0x6120</run_address>
         <size>0x10</size>
         <input_file_ref idref="fl-2"/>
      </object_component>
      <object_component id="oc-99">
         <name>SyncSocRegsFile</name>
         <uninitialized>true</uninitialized>
         <run_address>0x7940</run_address>
         <size>0x6</size>
         <input_file_ref idref="fl-2"/>
      </object_component>
      <object_component id="oc-e2">
         <name>UppRegsFile</name>
         <uninitialized>true</uninitialized>
         <run_address>0x6200</run_address>
         <size>0x48</size>
         <input_file_ref idref="fl-2"/>
      </object_component>
      <object_component id="oc-ce">
         <name>WdRegsFile</name>
         <uninitialized>true</uninitialized>
         <run_address>0x7000</run_address>
         <size>0x2b</size>
         <input_file_ref idref="fl-2"/>
      </object_component>
      <object_component id="oc-a4">
         <name>XbarRegsFile</name>
         <uninitialized>true</uninitialized>
         <run_address>0x7920</run_address>
         <size>0xe</size>
         <input_file_ref idref="fl-2"/>
      </object_component>
      <object_component id="oc-a3">
         <name>XintRegsFile</name>
         <uninitialized>true</uninitialized>
         <run_address>0x7070</run_address>
         <size>0xb</size>
         <input_file_ref idref="fl-2"/>
      </object_component>
      <object_component id="oc-20c">
         <name>.cinit:_ti_sysbios_family_c28_Hwi_Module_State_0_dispatchTable__A</name>
         <load_address>0x8058f</load_address>
         <run_address>0x8058f</run_address>
         <size>0x1c3</size>
         <input_file_ref idref="fl-9"/>
      </object_component>
      <object_component id="oc-117">
         <name>.cinit</name>
         <load_address>0x80752</load_address>
         <run_address>0x80752</run_address>
         <size>0x125</size>
         <input_file_ref idref="fl-9"/>
      </object_component>
      <object_component id="oc-209">
         <name>.cinit:_ti_sysbios_knl_Swi_Module_State_0_readyQ__A</name>
         <load_address>0x80877</load_address>
         <run_address>0x80877</run_address>
         <size>0x43</size>
         <input_file_ref idref="fl-9"/>
      </object_component>
      <object_component id="oc-213">
         <name>.cinit:_ti_sysbios_knl_Task_Module_State_0_readyQ__A</name>
         <load_address>0x808ba</load_address>
         <run_address>0x808ba</run_address>
         <size>0x43</size>
         <input_file_ref idref="fl-9"/>
      </object_component>
      <object_component id="oc-217">
         <name>.cinit:_ti_sysbios_family_c28_Hwi_Object__table__V</name>
         <load_address>0x808fd</load_address>
         <run_address>0x808fd</run_address>
         <size>0x33</size>
         <input_file_ref idref="fl-9"/>
      </object_component>
      <object_component id="oc-207">
         <name>.cinit:_ti_sysbios_family_c28_Timer_Object__table__V</name>
         <load_address>0x80930</load_address>
         <run_address>0x80930</run_address>
         <size>0x33</size>
         <input_file_ref idref="fl-9"/>
      </object_component>
      <object_component id="oc-12b">
         <name>.cinit:_ti_sysbios_knl_Task_Object__table__V</name>
         <load_address>0x80963</load_address>
         <run_address>0x80963</run_address>
         <size>0x2d</size>
         <input_file_ref idref="fl-9"/>
      </object_component>
      <object_component id="oc-107">
         <name>.cinit</name>
         <load_address>0x80990</load_address>
         <run_address>0x80990</run_address>
         <size>0x18</size>
         <input_file_ref idref="fl-4"/>
      </object_component>
      <object_component id="oc-20a">
         <name>.cinit:_ti_sysbios_knl_Swi_Object__table__V</name>
         <load_address>0x809a8</load_address>
         <run_address>0x809a8</run_address>
         <size>0x17</size>
         <input_file_ref idref="fl-9"/>
      </object_component>
      <object_component id="oc-2ce">
         <name>.cinit:_xdc_runtime_LoggerBuf_Object__table__V</name>
         <load_address>0x809bf</load_address>
         <run_address>0x809bf</run_address>
         <size>0x15</size>
         <input_file_ref idref="fl-9"/>
      </object_component>
      <object_component id="oc-20e">
         <name>.cinit:_ti_sysbios_gates_GateMutex_Object__table__V</name>
         <load_address>0x809d4</load_address>
         <run_address>0x809d4</run_address>
         <size>0x11</size>
         <input_file_ref idref="fl-9"/>
      </object_component>
      <object_component id="oc-1ca">
         <name>.cinit</name>
         <load_address>0x809e5</load_address>
         <run_address>0x809e5</run_address>
         <size>0xe</size>
         <input_file_ref idref="fl-3a"/>
      </object_component>
      <object_component id="oc-203">
         <name>.cinit:_xdc_runtime_System_Module_State_0_atexitHandlers__A</name>
         <load_address>0x809f3</load_address>
         <run_address>0x809f3</run_address>
         <size>0xb</size>
         <input_file_ref idref="fl-9"/>
      </object_component>
      <object_component id="oc-30e">
         <name>.cinit:_xdc_runtime_HeapStd_Object__table__V</name>
         <load_address>0x809fe</load_address>
         <run_address>0x809fe</run_address>
         <size>0x9</size>
         <input_file_ref idref="fl-9"/>
      </object_component>
      <object_component id="oc-250">
         <name>.cinit:__lock</name>
         <load_address>0x80a07</load_address>
         <run_address>0x80a07</run_address>
         <size>0x5</size>
         <input_file_ref idref="fl-3b"/>
      </object_component>
      <object_component id="oc-24f">
         <name>.cinit:__unlock</name>
         <load_address>0x80a0c</load_address>
         <run_address>0x80a0c</run_address>
         <size>0x5</size>
         <input_file_ref idref="fl-3b"/>
      </object_component>
      <object_component id="oc-293">
         <name>.cinit:_ti_sysbios_gates_GateHwi_Object__table__V</name>
         <load_address>0x80a11</load_address>
         <run_address>0x80a11</run_address>
         <size>0x5</size>
         <input_file_ref idref="fl-9"/>
      </object_component>
      <object_component id="oc-215">
         <name>.cinit:_ti_sysbios_knl_Task_Module_State_0_idleTask__A</name>
         <load_address>0x80a16</load_address>
         <run_address>0x80a16</run_address>
         <size>0x5</size>
         <input_file_ref idref="fl-9"/>
      </object_component>
      <object_component id="oc-10f">
         <name>.cinit</name>
         <load_address>0x80a1b</load_address>
         <run_address>0x80a1b</run_address>
         <size>0x5</size>
         <input_file_ref idref="fl-5"/>
      </object_component>
      <object_component id="oc-380">
         <name>.binit</name>
         <load_address>0x80a40</load_address>
         <run_address>0x80a40</run_address>
         <size>0xa</size>
      </object_component>
      <object_component id="oc-291">
         <name>.text:_xdc_runtime_System_doPrint__I</name>
         <load_address>0x88000</load_address>
         <run_address>0x88000</run_address>
         <size>0x23b</size>
         <input_file_ref idref="fl-20"/>
      </object_component>
      <object_component id="oc-26f">
         <name>.text:_ti_sysbios_knl_Semaphore_pend__E</name>
         <load_address>0x8823b</load_address>
         <run_address>0x8823b</run_address>
         <size>0x19c</size>
         <input_file_ref idref="fl-11"/>
      </object_component>
      <object_component id="oc-1ab">
         <name>.text</name>
         <load_address>0x883d7</load_address>
         <run_address>0x883d7</run_address>
         <size>0x107</size>
         <input_file_ref idref="fl-34"/>
      </object_component>
      <object_component id="oc-357">
         <name>.text:_xdc_runtime_HeapStd_alloc__E</name>
         <load_address>0x884de</load_address>
         <run_address>0x884de</run_address>
         <size>0xee</size>
         <input_file_ref idref="fl-1c"/>
      </object_component>
      <object_component id="oc-27b">
         <name>.text:_ti_sysbios_family_c28_Hwi_clearInterrupt__E</name>
         <load_address>0x885cc</load_address>
         <run_address>0x885cc</run_address>
         <size>0xdc</size>
         <input_file_ref idref="fl-11"/>
      </object_component>
      <object_component id="oc-300">
         <name>.text:_xdc_runtime_System_printfExtend__I</name>
         <load_address>0x886a8</load_address>
         <run_address>0x886a8</run_address>
         <size>0xc2</size>
         <input_file_ref idref="fl-9"/>
      </object_component>
      <object_component id="oc-2cf">
         <name>.text:_xdc_runtime_LoggerBuf_write8__E</name>
         <load_address>0x8876a</load_address>
         <run_address>0x8876a</run_address>
         <size>0xc0</size>
         <input_file_ref idref="fl-1d"/>
      </object_component>
      <object_component id="oc-2e2">
         <name>.text:_ti_sysbios_knl_Semaphore_Instance_init__E</name>
         <load_address>0x8882a</load_address>
         <run_address>0x8882a</run_address>
         <size>0xbf</size>
         <input_file_ref idref="fl-11"/>
      </object_component>
      <object_component id="oc-272">
         <name>.text:_xdc_runtime_Core_createObject__I</name>
         <load_address>0x888e9</load_address>
         <run_address>0x888e9</run_address>
         <size>0xa0</size>
         <input_file_ref idref="fl-17"/>
      </object_component>
      <object_component id="oc-346">
         <name>.text:_ti_sysbios_family_c28_Hwi_dispatch</name>
         <load_address>0x88989</load_address>
         <run_address>0x88989</run_address>
         <size>0x9d</size>
         <input_file_ref idref="fl-13"/>
      </object_component>
      <object_component id="oc-354">
         <name>.text</name>
         <load_address>0x88a26</load_address>
         <run_address>0x88a26</run_address>
         <size>0x95</size>
         <input_file_ref idref="fl-41"/>
      </object_component>
      <object_component id="oc-27c">
         <name>.text:_ti_sysbios_family_c28_Hwi_enableInterrupt__E</name>
         <load_address>0x88abb</load_address>
         <run_address>0x88abb</run_address>
         <size>0x8e</size>
         <input_file_ref idref="fl-11"/>
      </object_component>
      <object_component id="oc-2e1">
         <name>.text:_xdc_runtime_Core_constructObject__I</name>
         <load_address>0x88b49</load_address>
         <run_address>0x88b49</run_address>
         <size>0x8d</size>
         <input_file_ref idref="fl-18"/>
      </object_component>
      <object_component id="oc-373">
         <name>.text:_xdc_runtime_HeapStd_Instance_init__E</name>
         <load_address>0x88bd6</load_address>
         <run_address>0x88bd6</run_address>
         <size>0x83</size>
         <input_file_ref idref="fl-1c"/>
      </object_component>
      <object_component id="oc-270">
         <name>.text:_ti_sysbios_knl_Semaphore_post__E</name>
         <load_address>0x88c59</load_address>
         <run_address>0x88c59</run_address>
         <size>0x82</size>
         <input_file_ref idref="fl-11"/>
      </object_component>
      <object_component id="oc-366">
         <name>.text:_ti_sysbios_family_c28_Hwi_disableInterrupt__E</name>
         <load_address>0x88cdb</load_address>
         <run_address>0x88cdb</run_address>
         <size>0x81</size>
         <input_file_ref idref="fl-11"/>
      </object_component>
      <object_component id="oc-2be">
         <name>.text:_ti_sysbios_family_c28_Hwi_disablePIEIER__E</name>
         <load_address>0x88d5c</load_address>
         <run_address>0x88d5c</run_address>
         <size>0x80</size>
         <input_file_ref idref="fl-11"/>
      </object_component>
      <object_component id="oc-2bd">
         <name>.text:_ti_sysbios_family_c28_Hwi_enablePIEIER__E</name>
         <load_address>0x88ddc</load_address>
         <run_address>0x88ddc</run_address>
         <size>0x7f</size>
         <input_file_ref idref="fl-11"/>
      </object_component>
      <object_component id="oc-315">
         <name>.text:_xdc_runtime_LoggerBuf_write4__E</name>
         <load_address>0x88e5b</load_address>
         <run_address>0x88e5b</run_address>
         <size>0x7a</size>
         <input_file_ref idref="fl-1d"/>
      </object_component>
      <object_component id="oc-280">
         <name>.text:_ti_sysbios_knl_Task_checkStacks__E</name>
         <load_address>0x88ed5</load_address>
         <run_address>0x88ed5</run_address>
         <size>0x75</size>
         <input_file_ref idref="fl-11"/>
      </object_component>
      <object_component id="oc-260">
         <name>.text:_xdc_runtime_Startup_startMods__I</name>
         <load_address>0x88f4a</load_address>
         <run_address>0x88f4a</run_address>
         <size>0x72</size>
         <input_file_ref idref="fl-1f"/>
      </object_component>
      <object_component id="oc-247">
         <name>.text:_ti_sysbios_gates_GateMutex_enter__E</name>
         <load_address>0x88fbc</load_address>
         <run_address>0x88fbc</run_address>
         <size>0x71</size>
         <input_file_ref idref="fl-11"/>
      </object_component>
      <object_component id="oc-358">
         <name>.text:_xdc_runtime_HeapStd_free__E</name>
         <load_address>0x8902d</load_address>
         <run_address>0x8902d</run_address>
         <size>0x6b</size>
         <input_file_ref idref="fl-1c"/>
      </object_component>
      <object_component id="oc-92">
         <name>.text</name>
         <load_address>0x89098</load_address>
         <run_address>0x89098</run_address>
         <size>0x69</size>
         <input_file_ref idref="fl-26"/>
      </object_component>
      <object_component id="oc-347">
         <name>.text:_ti_sysbios_family_c28_Timer_stopAndClear__I</name>
         <load_address>0x89101</load_address>
         <run_address>0x89101</run_address>
         <size>0x66</size>
         <input_file_ref idref="fl-11"/>
      </object_component>
      <object_component id="oc-25c">
         <name>.text:_xdc_runtime_Error_policyDefault__E</name>
         <load_address>0x89167</load_address>
         <run_address>0x89167</run_address>
         <size>0x60</size>
         <input_file_ref idref="fl-1a"/>
      </object_component>
      <object_component id="oc-31d">
         <name>.text:_xdc_runtime_Text_putSite__E</name>
         <load_address>0x891c7</load_address>
         <run_address>0x891c7</run_address>
         <size>0x60</size>
         <input_file_ref idref="fl-22"/>
      </object_component>
      <object_component id="oc-37d">
         <name>.text:_ti_sysbios_family_c28_Hwi_dispatchCore__I</name>
         <load_address>0x89227</load_address>
         <run_address>0x89227</run_address>
         <size>0x4c</size>
         <input_file_ref idref="fl-11"/>
      </object_component>
      <object_component id="oc-21d">
         <name>.text:.bootCodeSection:_ti_catalog_c2800_initF2837x_Boot_configurePllDivs</name>
         <load_address>0x89273</load_address>
         <run_address>0x89273</run_address>
         <size>0x49</size>
         <input_file_ref idref="fl-27"/>
      </object_component>
      <object_component id="oc-2f9">
         <name>.text:_ti_sysbios_family_c28_Hwi_Module_startup__E</name>
         <load_address>0x892bc</load_address>
         <run_address>0x892bc</run_address>
         <size>0x47</size>
         <input_file_ref idref="fl-11"/>
      </object_component>
      <object_component id="oc-32e">
         <name>.text:_ti_sysbios_knl_Task_postInit__I</name>
         <load_address>0x89303</load_address>
         <run_address>0x89303</run_address>
         <size>0x47</size>
         <input_file_ref idref="fl-11"/>
      </object_component>
      <object_component id="oc-228">
         <name>.text:_ti_sysbios_knl_Clock_workFunc__E</name>
         <load_address>0x8934a</load_address>
         <run_address>0x8934a</run_address>
         <size>0x44</size>
         <input_file_ref idref="fl-11"/>
      </object_component>
      <object_component id="oc-132">
         <name>.text:_ti_sysbios_family_c28_Hwi_unPluggedInterrupt__I</name>
         <load_address>0x8938e</load_address>
         <run_address>0x8938e</run_address>
         <size>0x42</size>
         <input_file_ref idref="fl-11"/>
      </object_component>
      <object_component id="oc-331">
         <name>.text:_xdc_runtime_Text_putLab__E</name>
         <load_address>0x893d0</load_address>
         <run_address>0x893d0</run_address>
         <size>0x41</size>
         <input_file_ref idref="fl-22"/>
      </object_component>
      <object_component id="oc-23c">
         <name>.text:_DeviceInit</name>
         <load_address>0x89411</load_address>
         <run_address>0x89411</run_address>
         <size>0x40</size>
         <input_file_ref idref="fl-3"/>
      </object_component>
      <object_component id="oc-326">
         <name>.text:_ti_sysbios_family_c28_Timer_postInit__I</name>
         <load_address>0x89451</load_address>
         <run_address>0x89451</run_address>
         <size>0x40</size>
         <input_file_ref idref="fl-11"/>
      </object_component>
      <object_component id="oc-307">
         <name>.text:_xdc_runtime_Memory_alloc__E</name>
         <load_address>0x89491</load_address>
         <run_address>0x89491</run_address>
         <size>0x40</size>
         <input_file_ref idref="fl-1e"/>
      </object_component>
      <object_component id="oc-37f">
         <name>.text:_ti_sysbios_knl_Swi_restoreHwi__E</name>
         <load_address>0x894d1</load_address>
         <run_address>0x894d1</run_address>
         <size>0x3e</size>
         <input_file_ref idref="fl-11"/>
      </object_component>
      <object_component id="oc-2dd">
         <name>.text:_ti_sysbios_knl_Swi_run__I</name>
         <load_address>0x8950f</load_address>
         <run_address>0x8950f</run_address>
         <size>0x3e</size>
         <input_file_ref idref="fl-11"/>
      </object_component>
      <object_component id="oc-275">
         <name>.text:_xdc_runtime_Core_deleteObject__I</name>
         <load_address>0x8954d</load_address>
         <run_address>0x8954d</run_address>
         <size>0x3e</size>
         <input_file_ref idref="fl-17"/>
      </object_component>
      <object_component id="oc-317">
         <name>.text:_xdc_runtime_LoggerBuf_getFilterLevel__E</name>
         <load_address>0x8958b</load_address>
         <run_address>0x8958b</run_address>
         <size>0x3d</size>
         <input_file_ref idref="fl-1d"/>
      </object_component>
      <object_component id="oc-316">
         <name>.text:_xdc_runtime_LoggerBuf_setFilterLevel__E</name>
         <load_address>0x895c8</load_address>
         <run_address>0x895c8</run_address>
         <size>0x3c</size>
         <input_file_ref idref="fl-1d"/>
      </object_component>
      <object_component id="oc-368">
         <name>.text:_ti_sysbios_family_c28_TaskSupport_start__E</name>
         <load_address>0x89604</load_address>
         <run_address>0x89604</run_address>
         <size>0x39</size>
         <input_file_ref idref="fl-11"/>
      </object_component>
      <object_component id="oc-334">
         <name>.text</name>
         <load_address>0x8963d</load_address>
         <run_address>0x8963d</run_address>
         <size>0x39</size>
         <input_file_ref idref="fl-40"/>
      </object_component>
      <object_component id="oc-343">
         <name>.text:_xdc_runtime_Text_putMod__E</name>
         <load_address>0x89676</load_address>
         <run_address>0x89676</run_address>
         <size>0x38</size>
         <input_file_ref idref="fl-22"/>
      </object_component>
      <object_component id="oc-259">
         <name>.text:_ti_sysbios_knl_Task_startCore__E</name>
         <load_address>0x896ae</load_address>
         <run_address>0x896ae</run_address>
         <size>0x35</size>
         <input_file_ref idref="fl-11"/>
      </object_component>
      <object_component id="oc-2d9">
         <name>.text:_xdc_runtime_System_formatNum__I</name>
         <load_address>0x896e3</load_address>
         <run_address>0x896e3</run_address>
         <size>0x35</size>
         <input_file_ref idref="fl-20"/>
      </object_component>
      <object_component id="oc-2fd">
         <name>.text:_ti_sysbios_knl_Task_Module_startup__E</name>
         <load_address>0x89718</load_address>
         <run_address>0x89718</run_address>
         <size>0x32</size>
         <input_file_ref idref="fl-11"/>
      </object_component>
      <object_component id="oc-2f3">
         <name>.text:_xdc_runtime_Error_print__E</name>
         <load_address>0x8974a</load_address>
         <run_address>0x8974a</run_address>
         <size>0x31</size>
         <input_file_ref idref="fl-1a"/>
      </object_component>
      <object_component id="oc-341">
         <name>.text:_xdc_runtime_LoggerBuf_Instance_init__E</name>
         <load_address>0x8977b</load_address>
         <run_address>0x8977b</run_address>
         <size>0x30</size>
         <input_file_ref idref="fl-1d"/>
      </object_component>
      <object_component id="oc-2b0">
         <name>.text:_xdc_runtime_Core_assignParams__I</name>
         <load_address>0x897ab</load_address>
         <run_address>0x897ab</run_address>
         <size>0x2f</size>
         <input_file_ref idref="fl-19"/>
      </object_component>
      <object_component id="oc-1fc">
         <name>.text:_xdc_runtime_Startup_exec__E</name>
         <load_address>0x897da</load_address>
         <run_address>0x897da</run_address>
         <size>0x2f</size>
         <input_file_ref idref="fl-1f"/>
      </object_component>
      <object_component id="oc-2d3">
         <name>.text:_ti_sysbios_family_c28_Hwi_getStackInfo__E</name>
         <load_address>0x89809</load_address>
         <run_address>0x89809</run_address>
         <size>0x2e</size>
         <input_file_ref idref="fl-11"/>
      </object_component>
      <object_component id="oc-298">
         <name>.text:_ti_sysbios_knl_Swi_runLoop__I</name>
         <load_address>0x89837</load_address>
         <run_address>0x89837</run_address>
         <size>0x2e</size>
         <input_file_ref idref="fl-11"/>
      </object_component>
      <object_component id="oc-266">
         <name>.text:_ti_sysbios_knl_Swi_schedule__I</name>
         <load_address>0x89865</load_address>
         <run_address>0x89865</run_address>
         <size>0x2e</size>
         <input_file_ref idref="fl-11"/>
      </object_component>
      <object_component id="oc-2c1">
         <name>.text:_ti_sysbios_knl_Task_schedule__I</name>
         <load_address>0x89893</load_address>
         <run_address>0x89893</run_address>
         <size>0x2e</size>
         <input_file_ref idref="fl-11"/>
      </object_component>
      <object_component id="oc-26d">
         <name>.text:_xdc_runtime_Assert_raise__I</name>
         <load_address>0x898c1</load_address>
         <run_address>0x898c1</run_address>
         <size>0x2d</size>
         <input_file_ref idref="fl-16"/>
      </object_component>
      <object_component id="oc-284">
         <name>.text:_xdc_runtime_Error_setX__E</name>
         <load_address>0x898ee</load_address>
         <run_address>0x898ee</run_address>
         <size>0x2d</size>
         <input_file_ref idref="fl-1a"/>
      </object_component>
      <object_component id="oc-256">
         <name>.text:_ti_sysbios_family_c28_Timer_start__E</name>
         <load_address>0x8991b</load_address>
         <run_address>0x8991b</run_address>
         <size>0x2c</size>
         <input_file_ref idref="fl-11"/>
      </object_component>
      <object_component id="oc-318">
         <name>.text:_xdc_runtime_LoggerBuf_Object__create__S</name>
         <load_address>0x89947</load_address>
         <run_address>0x89947</run_address>
         <size>0x2c</size>
         <input_file_ref idref="fl-9"/>
      </object_component>
      <object_component id="oc-35b">
         <name>.text:_xdc_runtime_HeapStd_Object__create__S</name>
         <load_address>0x89973</load_address>
         <run_address>0x89973</run_address>
         <size>0x2b</size>
         <input_file_ref idref="fl-9"/>
      </object_component>
      <object_component id="oc-344">
         <name>.text:_xdc_runtime_Text_xprintf__I</name>
         <load_address>0x8999e</load_address>
         <run_address>0x8999e</run_address>
         <size>0x29</size>
         <input_file_ref idref="fl-22"/>
      </object_component>
      <object_component id="oc-265">
         <name>.text</name>
         <load_address>0x899c7</load_address>
         <run_address>0x899c7</run_address>
         <size>0x29</size>
         <input_file_ref idref="fl-3a"/>
      </object_component>
      <object_component id="oc-297">
         <name>.text:_xdc_runtime_SysMin_flush__E</name>
         <load_address>0x899f0</load_address>
         <run_address>0x899f0</run_address>
         <size>0x26</size>
         <input_file_ref idref="fl-21"/>
      </object_component>
      <object_component id="oc-235">
         <name>.text:_adc_hwi</name>
         <load_address>0x89a16</load_address>
         <run_address>0x89a16</run_address>
         <size>0x25</size>
         <input_file_ref idref="fl-4"/>
      </object_component>
      <object_component id="oc-37a">
         <name>.text:_ti_sysbios_family_c28_TaskSupport_buildTaskStack</name>
         <load_address>0x89a3b</load_address>
         <run_address>0x89a3b</run_address>
         <size>0x25</size>
         <input_file_ref idref="fl-15"/>
      </object_component>
      <object_component id="oc-243">
         <name>.text:_ti_sysbios_knl_Swi_post__E</name>
         <load_address>0x89a60</load_address>
         <run_address>0x89a60</run_address>
         <size>0x24</size>
         <input_file_ref idref="fl-11"/>
      </object_component>
      <object_component id="oc-1fb">
         <name>.text</name>
         <load_address>0x89a84</load_address>
         <run_address>0x89a84</run_address>
         <size>0x24</size>
         <input_file_ref idref="fl-36"/>
      </object_component>
      <object_component id="oc-224">
         <name>.text:_xdc_runtime_System_processAtExit__E</name>
         <load_address>0x89aa8</load_address>
         <run_address>0x89aa8</run_address>
         <size>0x23</size>
         <input_file_ref idref="fl-20"/>
      </object_component>
      <object_component id="oc-27e">
         <name>.text:_ti_sysbios_knl_Task_allBlockedFunction__I</name>
         <load_address>0x89acb</load_address>
         <run_address>0x89acb</run_address>
         <size>0x21</size>
         <input_file_ref idref="fl-11"/>
      </object_component>
      <object_component id="oc-349">
         <name>.text:_ti_sysbios_family_c28_Timer_setPrescale__E</name>
         <load_address>0x89aec</load_address>
         <run_address>0x89aec</run_address>
         <size>0x20</size>
         <input_file_ref idref="fl-11"/>
      </object_component>
      <object_component id="oc-22d">
         <name>.text:_xdc_runtime_System_atexit__E</name>
         <load_address>0x89b0c</load_address>
         <run_address>0x89b0c</run_address>
         <size>0x20</size>
         <input_file_ref idref="fl-20"/>
      </object_component>
      <object_component id="oc-34b">
         <name>.text:_ti_sysbios_knl_Task_exit__E</name>
         <load_address>0x89b2c</load_address>
         <run_address>0x89b2c</run_address>
         <size>0x1f</size>
         <input_file_ref idref="fl-11"/>
      </object_component>
      <object_component id="oc-286">
         <name>.text:_xdc_runtime_Error_policyLog__I</name>
         <load_address>0x89b4b</load_address>
         <run_address>0x89b4b</run_address>
         <size>0x1f</size>
         <input_file_ref idref="fl-9"/>
      </object_component>
      <object_component id="oc-2ed">
         <name>.text:_xdc_runtime_LoggerBuf_filterOutEvent__I</name>
         <load_address>0x89b6a</load_address>
         <run_address>0x89b6a</run_address>
         <size>0x1f</size>
         <input_file_ref idref="fl-1d"/>
      </object_component>
      <object_component id="oc-2a6">
         <name>.text:_ti_sysbios_knl_Task_blockI__E</name>
         <load_address>0x89b89</load_address>
         <run_address>0x89b89</run_address>
         <size>0x1e</size>
         <input_file_ref idref="fl-11"/>
      </object_component>
      <object_component id="oc-2c8">
         <name>.text:_ti_sysbios_family_c28_TaskSupport_swap__E</name>
         <load_address>0x89ba7</load_address>
         <run_address>0x89ba7</run_address>
         <size>0x1d</size>
         <input_file_ref idref="fl-15"/>
      </object_component>
      <object_component id="oc-303">
         <name>.text:_ti_sysbios_gates_GateHwi_Object__create__S</name>
         <load_address>0x89bc4</load_address>
         <run_address>0x89bc4</run_address>
         <size>0x1d</size>
         <input_file_ref idref="fl-9"/>
      </object_component>
      <object_component id="oc-249">
         <name>.text:_ti_sysbios_gates_GateMutex_Object__create__S</name>
         <load_address>0x89be1</load_address>
         <run_address>0x89be1</run_address>
         <size>0x1d</size>
         <input_file_ref idref="fl-9"/>
      </object_component>
      <object_component id="oc-2b2">
         <name>.text:_ti_sysbios_knl_Semaphore_construct</name>
         <load_address>0x89bfe</load_address>
         <run_address>0x89bfe</run_address>
         <size>0x1d</size>
         <input_file_ref idref="fl-9"/>
      </object_component>
      <object_component id="oc-31f">
         <name>.text:_xdc_runtime_SysMin_putch__E</name>
         <load_address>0x89c1b</load_address>
         <run_address>0x89c1b</run_address>
         <size>0x1d</size>
         <input_file_ref idref="fl-21"/>
      </object_component>
      <object_component id="oc-21f">
         <name>.text</name>
         <load_address>0x89c38</load_address>
         <run_address>0x89c38</run_address>
         <size>0x1d</size>
         <input_file_ref idref="fl-37"/>
      </object_component>
      <object_component id="oc-2cb">
         <name>.text:_ti_sysbios_hal_Hwi_checkStack</name>
         <load_address>0x89c55</load_address>
         <run_address>0x89c55</run_address>
         <size>0x1c</size>
         <input_file_ref idref="fl-11"/>
      </object_component>
      <object_component id="oc-306">
         <name>.text:_xdc_runtime_SysMin_output__I</name>
         <load_address>0x89c71</load_address>
         <run_address>0x89c71</run_address>
         <size>0x1c</size>
         <input_file_ref idref="fl-9"/>
      </object_component>
      <object_component id="oc-375">
         <name>.text:_ti_sysbios_family_c28_Hwi_switchAndDispatch__I</name>
         <load_address>0x89c8d</load_address>
         <run_address>0x89c8d</run_address>
         <size>0x1b</size>
         <input_file_ref idref="fl-12"/>
      </object_component>
      <object_component id="oc-25f">
         <name>.text:_ti_sysbios_hal_Hwi_initStack</name>
         <load_address>0x89ca8</load_address>
         <run_address>0x89ca8</run_address>
         <size>0x1b</size>
         <input_file_ref idref="fl-11"/>
      </object_component>
      <object_component id="oc-367">
         <name>.text:_ti_sysbios_knl_Task_processVitalTaskFlag__I</name>
         <load_address>0x89cc3</load_address>
         <run_address>0x89cc3</run_address>
         <size>0x1b</size>
         <input_file_ref idref="fl-11"/>
      </object_component>
      <object_component id="oc-345">
         <name>.text:_xdc_runtime_System_avprintf__E</name>
         <load_address>0x89cde</load_address>
         <run_address>0x89cde</run_address>
         <size>0x1a</size>
         <input_file_ref idref="fl-20"/>
      </object_component>
      <object_component id="oc-30b">
         <name>.text:_ti_sysbios_knl_Queue_construct</name>
         <load_address>0x89cf8</load_address>
         <run_address>0x89cf8</run_address>
         <size>0x19</size>
         <input_file_ref idref="fl-9"/>
      </object_component>
      <object_component id="oc-258">
         <name>.text:_ti_sysbios_knl_Swi_restore__E</name>
         <load_address>0x89d11</load_address>
         <run_address>0x89d11</run_address>
         <size>0x19</size>
         <input_file_ref idref="fl-11"/>
      </object_component>
      <object_component id="oc-261">
         <name>.text:_xdc_runtime_System_vprintf__E</name>
         <load_address>0x89d2a</load_address>
         <run_address>0x89d2a</run_address>
         <size>0x19</size>
         <input_file_ref idref="fl-20"/>
      </object_component>
      <object_component id="oc-299">
         <name>.text:_ti_sysbios_family_xxx_Hwi_switchAndRunFunc</name>
         <load_address>0x89d43</load_address>
         <run_address>0x89d43</run_address>
         <size>0x18</size>
         <input_file_ref idref="fl-12"/>
      </object_component>
      <object_component id="oc-322">
         <name>.text:_xdc_runtime_LoggerBuf_reset__E</name>
         <load_address>0x89d5b</load_address>
         <run_address>0x89d5b</run_address>
         <size>0x18</size>
         <input_file_ref idref="fl-1d"/>
      </object_component>
      <object_component id="oc-2da">
         <name>.text:_xdc_runtime_System_putchar__I</name>
         <load_address>0x89d73</load_address>
         <run_address>0x89d73</run_address>
         <size>0x18</size>
         <input_file_ref idref="fl-20"/>
      </object_component>
      <object_component id="oc-226">
         <name>.text:_myTickFxn</name>
         <load_address>0x89d8b</load_address>
         <run_address>0x89d8b</run_address>
         <size>0x17</size>
         <input_file_ref idref="fl-4"/>
      </object_component>
      <object_component id="oc-22f">
         <name>.text:_ti_sysbios_family_c28_Timer_startup__E</name>
         <load_address>0x89da2</load_address>
         <run_address>0x89da2</run_address>
         <size>0x17</size>
         <input_file_ref idref="fl-11"/>
      </object_component>
      <object_component id="oc-227">
         <name>.text:_ti_sysbios_knl_Clock_doTick__I</name>
         <load_address>0x89db9</load_address>
         <run_address>0x89db9</run_address>
         <size>0x17</size>
         <input_file_ref idref="fl-9"/>
      </object_component>
      <object_component id="oc-29d">
         <name>.text:_ti_sysbios_knl_Semaphore_pendTimeout__I</name>
         <load_address>0x89dd0</load_address>
         <run_address>0x89dd0</run_address>
         <size>0x17</size>
         <input_file_ref idref="fl-11"/>
      </object_component>
      <object_component id="oc-27d">
         <name>.text:_ti_sysbios_knl_Task_restore__E</name>
         <load_address>0x89de7</load_address>
         <run_address>0x89de7</run_address>
         <size>0x17</size>
         <input_file_ref idref="fl-11"/>
      </object_component>
      <object_component id="oc-2a8">
         <name>.text:_ti_sysbios_knl_Task_unblockI__E</name>
         <load_address>0x89dfe</load_address>
         <run_address>0x89dfe</run_address>
         <size>0x17</size>
         <input_file_ref idref="fl-11"/>
      </object_component>
      <object_component id="oc-2f6">
         <name>.text:_xdc_runtime_LoggerBuf_Module_startup__E</name>
         <load_address>0x89e15</load_address>
         <run_address>0x89e15</run_address>
         <size>0x17</size>
         <input_file_ref idref="fl-1d"/>
      </object_component>
      <object_component id="oc-2df">
         <name>.text:_xdc_runtime_Memory_valloc__E</name>
         <load_address>0x89e2c</load_address>
         <run_address>0x89e2c</run_address>
         <size>0x17</size>
         <input_file_ref idref="fl-1e"/>
      </object_component>
      <object_component id="oc-2f4">
         <name>.text:_xdc_runtime_SysMin_abort__E</name>
         <load_address>0x89e43</load_address>
         <run_address>0x89e43</run_address>
         <size>0x17</size>
         <input_file_ref idref="fl-21"/>
      </object_component>
      <object_component id="oc-22c">
         <name>.text:_ti_sysbios_BIOS_atExitFunc__I</name>
         <load_address>0x89e5a</load_address>
         <run_address>0x89e5a</run_address>
         <size>0x16</size>
         <input_file_ref idref="fl-9"/>
      </object_component>
      <object_component id="oc-2fa">
         <name>.text:_ti_sysbios_family_c28_Timer_Module_startup__E</name>
         <load_address>0x89e70</load_address>
         <run_address>0x89e70</run_address>
         <size>0x16</size>
         <input_file_ref idref="fl-11"/>
      </object_component>
      <object_component id="oc-363">
         <name>.text:_xdc_runtime_Text_printVisFxn__I</name>
         <load_address>0x89e86</load_address>
         <run_address>0x89e86</run_address>
         <size>0x16</size>
         <input_file_ref idref="fl-22"/>
      </object_component>
      <object_component id="oc-20f">
         <name>.text:_ti_sysbios_BIOS_startFunc__I</name>
         <load_address>0x89e9c</load_address>
         <run_address>0x89e9c</run_address>
         <size>0x15</size>
         <input_file_ref idref="fl-9"/>
      </object_component>
      <object_component id="oc-2fc">
         <name>.text:_ti_sysbios_knl_Swi_Module_startup__E</name>
         <load_address>0x89eb1</load_address>
         <run_address>0x89eb1</run_address>
         <size>0x15</size>
         <input_file_ref idref="fl-11"/>
      </object_component>
      <object_component id="oc-236">
         <name>.text:_ti_sysbios_knl_Idle_run__E</name>
         <load_address>0x89ec6</load_address>
         <run_address>0x89ec6</run_address>
         <size>0x14</size>
         <input_file_ref idref="fl-11"/>
      </object_component>
      <object_component id="oc-24a">
         <name>.text:_ti_sysbios_gates_GateMutex_Object__delete__S</name>
         <load_address>0x89eda</load_address>
         <run_address>0x89eda</run_address>
         <size>0x13</size>
         <input_file_ref idref="fl-9"/>
      </object_component>
      <object_component id="oc-2fb">
         <name>.text:_ti_sysbios_knl_Clock_Module_startup__E</name>
         <load_address>0x89eed</load_address>
         <run_address>0x89eed</run_address>
         <size>0x13</size>
         <input_file_ref idref="fl-11"/>
      </object_component>
      <object_component id="oc-21c">
         <name>.text:_xdc_runtime_Error_raiseX__E</name>
         <load_address>0x89f00</load_address>
         <run_address>0x89f00</run_address>
         <size>0x13</size>
         <input_file_ref idref="fl-1a"/>
      </object_component>
      <object_component id="oc-304">
         <name>.text:_ti_sysbios_gates_GateHwi_Object__delete__S</name>
         <load_address>0x89f13</load_address>
         <run_address>0x89f13</run_address>
         <size>0x12</size>
         <input_file_ref idref="fl-9"/>
      </object_component>
      <object_component id="oc-319">
         <name>.text:_xdc_runtime_LoggerBuf_Object__delete__S</name>
         <load_address>0x89f25</load_address>
         <run_address>0x89f25</run_address>
         <size>0x12</size>
         <input_file_ref idref="fl-9"/>
      </object_component>
      <object_component id="oc-1fe">
         <name>.text</name>
         <load_address>0x89f37</load_address>
         <run_address>0x89f37</run_address>
         <size>0x12</size>
         <input_file_ref idref="fl-3c"/>
      </object_component>
      <object_component id="oc-2ca">
         <name>.text:_myIdleFxn2</name>
         <load_address>0x89f49</load_address>
         <run_address>0x89f49</run_address>
         <size>0x11</size>
         <input_file_ref idref="fl-4"/>
      </object_component>
      <object_component id="oc-2d0">
         <name>.text:_ti_sysbios_BIOS_errorRaiseHook__I</name>
         <load_address>0x89f5a</load_address>
         <run_address>0x89f5a</run_address>
         <size>0x11</size>
         <input_file_ref idref="fl-9"/>
      </object_component>
      <object_component id="oc-376">
         <name>.text:_ti_sysbios_knl_Task_restoreHwi__E</name>
         <load_address>0x89f6b</load_address>
         <run_address>0x89f6b</run_address>
         <size>0x11</size>
         <input_file_ref idref="fl-11"/>
      </object_component>
      <object_component id="oc-35c">
         <name>.text:_xdc_runtime_HeapStd_Object__delete__S</name>
         <load_address>0x89f7c</load_address>
         <run_address>0x89f7c</run_address>
         <size>0x11</size>
         <input_file_ref idref="fl-9"/>
      </object_component>
      <object_component id="oc-348">
         <name>.text:_ti_sysbios_family_c28_Timer_stop__E</name>
         <load_address>0x89f8d</load_address>
         <run_address>0x89f8d</run_address>
         <size>0x10</size>
         <input_file_ref idref="fl-11"/>
      </object_component>
      <object_component id="oc-2f8">
         <name>.text:_xdc_runtime_SysMin_Module_startup__E</name>
         <load_address>0x89f9d</load_address>
         <run_address>0x89f9d</run_address>
         <size>0x10</size>
         <input_file_ref idref="fl-21"/>
      </object_component>
      <object_component id="oc-233">
         <name>.text:_ti_sysbios_BIOS_removeRTSLock__I</name>
         <load_address>0x89fad</load_address>
         <run_address>0x89fad</run_address>
         <size>0xf</size>
         <input_file_ref idref="fl-9"/>
      </object_component>
      <object_component id="oc-273">
         <name>.text:_ti_sysbios_gates_GateMutex_Instance_init__E</name>
         <load_address>0x89fbc</load_address>
         <run_address>0x89fbc</run_address>
         <size>0xf</size>
         <input_file_ref idref="fl-11"/>
      </object_component>
      <object_component id="oc-314">
         <name>.text:_xdc_runtime_LoggerBuf_write2__E</name>
         <load_address>0x89fcb</load_address>
         <run_address>0x89fcb</run_address>
         <size>0xf</size>
         <input_file_ref idref="fl-1d"/>
      </object_component>
      <object_component id="oc-361">
         <name>.text:_xdc_runtime_Registry_findById__E</name>
         <load_address>0x89fda</load_address>
         <run_address>0x89fda</run_address>
         <size>0xf</size>
         <input_file_ref idref="fl-25"/>
      </object_component>
      <object_component id="oc-31b">
         <name>.text:_ti_sysbios_family_c28_f2837x_TimestampProvider_get64__E</name>
         <load_address>0x89fe9</load_address>
         <run_address>0x89fe9</run_address>
[...]
         <object_component_ref idref="oc-2bc"/>
      </symbol>
      <symbol id="sm-939">
         <name>_ti_sysbios_family_xxx_Hwi_switchAndRunFunc</name>
         <value>0x89d43</value>
         <object_component_ref idref="oc-299"/>
      </symbol>
      <symbol id="sm-9d9">
         <name>_ti_sysbios_family_c28_Hwi_dispatchTable</name>
         <value>0x88989</value>
         <object_component_ref idref="oc-346"/>
      </symbol>
      <symbol id="sm-9da">
         <name>_ti_sysbios_family_c28_Hwi_dispatchPie</name>
         <value>0x889e6</value>
         <object_component_ref idref="oc-346"/>
      </symbol>
      <symbol id="sm-9e6">
         <name>_ti_sysbios_family_c28_IntrinsicsSupport_maxbit__E</name>
         <value>0x8a2a0</value>
         <object_component_ref idref="oc-27f"/>
      </symbol>
      <symbol id="sm-9f6">
         <name>_ti_sysbios_family_c28_TaskSupport_buildTaskStack</name>
         <value>0x89a3b</value>
         <object_component_ref idref="oc-37a"/>
      </symbol>
      <symbol id="sm-9f7">
         <name>_ti_sysbios_family_c28_TaskSupport_swap__E</name>
         <value>0x89ba7</value>
         <object_component_ref idref="oc-2c8"/>
      </symbol>
      <symbol id="sm-9f8">
         <name>_ti_sysbios_family_c28_TaskSupport_glue</name>
         <value>0x8a1ce</value>
         <object_component_ref idref="oc-37e"/>
      </symbol>
      <symbol id="sm-a0c">
         <name>_xdc_runtime_Assert_raise__I</name>
         <value>0x898c1</value>
         <object_component_ref idref="oc-26d"/>
      </symbol>
      <symbol id="sm-a2b">
         <name>_xdc_runtime_Core_deleteObject__I</name>
         <value>0x8954d</value>
         <object_component_ref idref="oc-275"/>
      </symbol>
      <symbol id="sm-a2c">
         <name>_xdc_runtime_Core_createObject__I</name>
         <value>0x888e9</value>
         <object_component_ref idref="oc-272"/>
      </symbol>
      <symbol id="sm-a44">
         <name>_xdc_runtime_Core_constructObject__I</name>
         <value>0x88b49</value>
         <object_component_ref idref="oc-2e1"/>
      </symbol>
      <symbol id="sm-a52">
         <name>_xdc_runtime_Core_assignParams__I</name>
         <value>0x897ab</value>
         <object_component_ref idref="oc-2b0"/>
      </symbol>
      <symbol id="sm-a7d">
         <name>_xdc_runtime_Error_getSite__E</name>
         <value>0x8a340</value>
         <object_component_ref idref="oc-31c"/>
      </symbol>
      <symbol id="sm-a7e">
         <name>_xdc_runtime_Error_print__E</name>
         <value>0x8974a</value>
         <object_component_ref idref="oc-2f3"/>
      </symbol>
      <symbol id="sm-a7f">
         <name>_xdc_runtime_Error_policyDefault__E</name>
         <value>0x89167</value>
         <object_component_ref idref="oc-25c"/>
      </symbol>
      <symbol id="sm-a80">
         <name>_xdc_runtime_Error_init__E</name>
         <value>0x8a18b</value>
         <object_component_ref idref="oc-2cc"/>
      </symbol>
      <symbol id="sm-a81">
         <name>_xdc_runtime_Error_raiseX__E</name>
         <value>0x89f00</value>
         <object_component_ref idref="oc-21c"/>
      </symbol>
      <symbol id="sm-a82">
         <name>_xdc_runtime_Error_check__E</name>
         <value>0x8a097</value>
         <object_component_ref idref="oc-335"/>
      </symbol>
      <symbol id="sm-a83">
         <name>_xdc_runtime_Error_setX__E</name>
         <value>0x898ee</value>
         <object_component_ref idref="oc-284"/>
      </symbol>
      <symbol id="sm-a91">
         <name>_xdc_runtime_Gate_leaveSystem__E</name>
         <value>0x8a2b8</value>
         <object_component_ref idref="oc-252"/>
      </symbol>
      <symbol id="sm-a92">
         <name>_xdc_runtime_Gate_enterSystem__E</name>
         <value>0x8a2b2</value>
         <object_component_ref idref="oc-23e"/>
      </symbol>
      <symbol id="sm-ad3">
         <name>_xdc_runtime_HeapStd_isBlocking__E</name>
         <value>0x8a342</value>
         <object_component_ref idref="oc-359"/>
      </symbol>
      <symbol id="sm-ad4">
         <name>_xdc_runtime_HeapStd_getStats__E</name>
         <value>0x8a27e</value>
         <object_component_ref idref="oc-35a"/>
      </symbol>
      <symbol id="sm-ad5">
         <name>_xdc_runtime_HeapStd_free__E</name>
         <value>0x8902d</value>
         <object_component_ref idref="oc-358"/>
      </symbol>
      <symbol id="sm-ad6">
         <name>_xdc_runtime_HeapStd_Instance_init__E</name>
         <value>0x88bd6</value>
         <object_component_ref idref="oc-373"/>
      </symbol>
      <symbol id="sm-ad7">
         <name>_xdc_runtime_HeapStd_alloc__E</name>
         <value>0x884de</value>
         <object_component_ref idref="oc-357"/>
      </symbol>
      <symbol id="sm-b26">
         <name>_xdc_runtime_LoggerBuf_write0__E</name>
         <value>0x8a0a4</value>
         <object_component_ref idref="oc-312"/>
      </symbol>
      <symbol id="sm-b27">
         <name>_xdc_runtime_LoggerBuf_Instance_init__E</name>
         <value>0x8977b</value>
         <object_component_ref idref="oc-341"/>
      </symbol>
      <symbol id="sm-b28">
         <name>_xdc_runtime_LoggerBuf_Module_startup__E</name>
         <value>0x89e15</value>
         <object_component_ref idref="oc-2f6"/>
      </symbol>
      <symbol id="sm-b29">
         <name>_xdc_runtime_LoggerBuf_reset__E</name>
         <value>0x89d5b</value>
         <object_component_ref idref="oc-322"/>
      </symbol>
      <symbol id="sm-b2a">
         <name>_xdc_runtime_LoggerBuf_Instance_finalize__E</name>
         <value>0x8a160</value>
         <object_component_ref idref="oc-342"/>
      </symbol>
      <symbol id="sm-b2b">
         <name>_xdc_runtime_LoggerBuf_write4__E</name>
         <value>0x88e5b</value>
         <object_component_ref idref="oc-315"/>
      </symbol>
      <symbol id="sm-b2c">
         <name>_xdc_runtime_LoggerBuf_getFilterLevel__E</name>
         <value>0x8958b</value>
         <object_component_ref idref="oc-317"/>
      </symbol>
      <symbol id="sm-b2d">
         <name>_xdc_runtime_LoggerBuf_disable__E</name>
         <value>0x8a2ce</value>
         <object_component_ref idref="oc-311"/>
      </symbol>
      <symbol id="sm-b2e">
         <name>_xdc_runtime_LoggerBuf_setFilterLevel__E</name>
         <value>0x895c8</value>
         <object_component_ref idref="oc-316"/>
      </symbol>
      <symbol id="sm-b2f">
         <name>_xdc_runtime_LoggerBuf_write8__E</name>
         <value>0x8876a</value>
         <object_component_ref idref="oc-2cf"/>
      </symbol>
      <symbol id="sm-b30">
         <name>_xdc_runtime_LoggerBuf_write2__E</name>
         <value>0x89fcb</value>
         <object_component_ref idref="oc-314"/>
      </symbol>
      <symbol id="sm-b31">
         <name>_xdc_runtime_LoggerBuf_filterOutEvent__I</name>
         <value>0x89b6a</value>
         <object_component_ref idref="oc-2ed"/>
      </symbol>
      <symbol id="sm-b32">
         <name>_xdc_runtime_LoggerBuf_write1__E</name>
         <value>0x8a0b1</value>
         <object_component_ref idref="oc-313"/>
      </symbol>
      <symbol id="sm-b33">
         <name>_xdc_runtime_LoggerBuf_enable__E</name>
         <value>0x8a2be</value>
         <object_component_ref idref="oc-310"/>
      </symbol>
      <symbol id="sm-b4e">
         <name>_xdc_runtime_Memory_calloc__E</name>
         <value>0x8a258</value>
         <object_component_ref idref="oc-2b1"/>
      </symbol>
      <symbol id="sm-b4f">
         <name>_xdc_runtime_Memory_free__E</name>
         <value>0x8a195</value>
         <object_component_ref idref="oc-2b4"/>
      </symbol>
      <symbol id="sm-b50">
         <name>_xdc_runtime_Memory_valloc__E</name>
         <value>0x89e2c</value>
         <object_component_ref idref="oc-2df"/>
      </symbol>
      <symbol id="sm-b51">
         <name>_xdc_runtime_Memory_alloc__E</name>
         <value>0x89491</value>
         <object_component_ref idref="oc-307"/>
      </symbol>
      <symbol id="sm-b52">
         <name>_xdc_runtime_Memory_getMaxDefaultTypeAlign__E</name>
         <value>0x8a2df</value>
         <object_component_ref idref="oc-336"/>
      </symbol>
      <symbol id="sm-b74">
         <name>_xdc_runtime_Startup_startMods__I</name>
         <value>0x88f4a</value>
         <object_component_ref idref="oc-260"/>
      </symbol>
      <symbol id="sm-b75">
         <name>_xdc_runtime_Startup_rtsDone__E</name>
         <value>0x8a2e3</value>
         <object_component_ref idref="oc-22a"/>
      </symbol>
      <symbol id="sm-b76">
         <name>_xdc_runtime_Startup_exec__E</name>
         <value>0x897da</value>
         <object_component_ref idref="oc-1fc"/>
      </symbol>
      <symbol id="sm-bfa">
         <name>_xdc_runtime_System_formatNum__I</name>
         <value>0x896e3</value>
         <object_component_ref idref="oc-2d9"/>
      </symbol>
      <symbol id="sm-bfb">
         <name>_xdc_runtime_System_exit__E</name>
         <value>0x8a16b</value>
         <object_component_ref idref="oc-1ff"/>
      </symbol>
      <symbol id="sm-bfc">
         <name>_xdc_runtime_System_exitStd__E</name>
         <value>0x8a332</value>
         <object_component_ref idref="oc-240"/>
      </symbol>
      <symbol id="sm-bfd">
         <name>_xdc_runtime_System_printf_va__F</name>
         <value>0x89d2a</value>
         <object_component_ref idref="oc-261"/>
      </symbol>
      <symbol id="sm-bfe">
         <name>_xdc_runtime_System_atexit__E</name>
         <value>0x89b0c</value>
         <object_component_ref idref="oc-22d"/>
      </symbol>
      <symbol id="sm-bff">
         <name>_xdc_runtime_System_abortStd__E</name>
         <value>0x8a32f</value>
         <object_component_ref idref="oc-2f5"/>
      </symbol>
      <symbol id="sm-c00">
         <name>_xdc_runtime_System_putchar__I</name>
         <value>0x89d73</value>
         <object_component_ref idref="oc-2da"/>
      </symbol>
      <symbol id="sm-c01">
         <name>_xdc_runtime_System_snprintf_va__F</name>
         <value>0x8a19f</value>
         <object_component_ref idref="oc-364"/>
      </symbol>
      <symbol id="sm-c02">
         <name>_xdc_runtime_System_Module_startup__E</name>
         <value>0x8a320</value>
         <object_component_ref idref="oc-2f7"/>
      </symbol>
      <symbol id="sm-c03">
         <name>_xdc_runtime_System_avprintf__E</name>
         <value>0x89cde</value>
         <object_component_ref idref="oc-345"/>
      </symbol>
      <symbol id="sm-c04">
         <name>_xdc_runtime_System_vprintf__E</name>
         <value>0x89d2a</value>
         <object_component_ref idref="oc-261"/>
      </symbol>
      <symbol id="sm-c05">
         <name>_xdc_runtime_System_aprintf_va__F</name>
         <value>0x89cde</value>
         <object_component_ref idref="oc-345"/>
      </symbol>
      <symbol id="sm-c06">
         <name>_xdc_runtime_System_doPrint__I</name>
         <value>0x88000</value>
         <object_component_ref idref="oc-291"/>
      </symbol>
      <symbol id="sm-c07">
         <name>_xdc_runtime_System_processAtExit__E</name>
         <value>0x89aa8</value>
         <object_component_ref idref="oc-224"/>
      </symbol>
      <symbol id="sm-c08">
         <name>_xdc_runtime_System_vsnprintf__E</name>
         <value>0x8a19f</value>
         <object_component_ref idref="oc-364"/>
      </symbol>
      <symbol id="sm-c09">
         <name>_xdc_runtime_System_abort__E</name>
         <value>0x8a0be</value>
         <object_component_ref idref="oc-28a"/>
      </symbol>
      <symbol id="sm-c27">
         <name>_xdc_runtime_SysMin_abort__E</name>
         <value>0x89e43</value>
         <object_component_ref idref="oc-2f4"/>
      </symbol>
      <symbol id="sm-c28">
         <name>_xdc_runtime_SysMin_ready__E</name>
         <value>0x8a260</value>
         <object_component_ref idref="oc-2d6"/>
      </symbol>
      <symbol id="sm-c29">
         <name>_xdc_runtime_SysMin_flush__E</name>
         <value>0x899f0</value>
         <object_component_ref idref="oc-297"/>
      </symbol>
      <symbol id="sm-c2a">
         <name>_xdc_runtime_SysMin_Module_startup__E</name>
         <value>0x89f9d</value>
         <object_component_ref idref="oc-2f8"/>
      </symbol>
      <symbol id="sm-c2b">
         <name>_xdc_runtime_SysMin_putch__E</name>
         <value>0x89c1b</value>
         <object_component_ref idref="oc-31f"/>
      </symbol>
      <symbol id="sm-c2c">
         <name>_xdc_runtime_SysMin_exit__E</name>
         <value>0x8a107</value>
         <object_component_ref idref="oc-264"/>
      </symbol>
      <symbol id="sm-c66">
         <name>_xdc_runtime_Text_putLab__E</name>
         <value>0x893d0</value>
         <object_component_ref idref="oc-331"/>
      </symbol>
      <symbol id="sm-c67">
         <name>_xdc_runtime_Text_printVisFxn__I</name>
         <value>0x89e86</value>
         <object_component_ref idref="oc-363"/>
      </symbol>
      <symbol id="sm-c68">
         <name>_xdc_runtime_Text_putMod__E</name>
         <value>0x89676</value>
         <object_component_ref idref="oc-343"/>
      </symbol>
      <symbol id="sm-c69">
         <name>_xdc_runtime_Text_xprintf__I</name>
         <value>0x8999e</value>
         <object_component_ref idref="oc-344"/>
      </symbol>
      <symbol id="sm-c6a">
         <name>_xdc_runtime_Text_ropeText__E</name>
         <value>0x8a1a9</value>
         <object_component_ref idref="oc-29b"/>
      </symbol>
      <symbol id="sm-c6b">
         <name>_xdc_runtime_Text_putSite__E</name>
         <value>0x891c7</value>
         <object_component_ref idref="oc-31d"/>
      </symbol>
      <symbol id="sm-c77">
         <name>___xdc__init</name>
         <value>0x8a2ea</value>
         <object_component_ref idref="oc-200"/>
      </symbol>
      <symbol id="sm-c97">
         <name>_xdc_runtime_Registry_findById__E</name>
         <value>0x89fda</value>
         <object_component_ref idref="oc-361"/>
      </symbol>
      <symbol id="sm-cb2">
         <name>_c_int00</name>
         <value>0x89098</value>
         <object_component_ref idref="oc-92"/>
      </symbol>
      <symbol id="sm-cb3">
         <name>__stack</name>
         <value>0x6dc</value>
         <object_component_ref idref="oc-19d"/>
      </symbol>
      <symbol id="sm-cca">
         <name>_ti_catalog_c2800_initF2837x_Boot_initFlash</name>
         <value>0xb000</value>
         <object_component_ref idref="oc-28b"/>
      </symbol>
      <symbol id="sm-ccb">
         <name>_ti_catalog_c2800_initF2837x_Boot_defaultLimpAbortFunction</name>
         <value>0x8a347</value>
         <object_component_ref idref="oc-25d"/>
      </symbol>
      <symbol id="sm-ccc">
         <name>_ti_catalog_c2800_initF2837x_Boot_configurePllDivs</name>
         <value>0x89273</value>
         <object_component_ref idref="oc-21d"/>
      </symbol>
      <symbol id="sm-ccd">
         <name>_ti_catalog_c2800_initF2837x_Boot_initSharedRAMs</name>
         <value>0x8a228</value>
         <object_component_ref idref="oc-21e"/>
      </symbol>
      <symbol id="sm-cd9">
         <name>_ti_catalog_c2800_initF2837x_Boot_entry</name>
         <value>0x80000</value>
         <object_component_ref idref="oc-93"/>
      </symbol>
      <symbol id="sm-d05">
         <name>ULL$$MOD</name>
         <value>0x8847c</value>
         <object_component_ref idref="oc-1ab"/>
      </symbol>
      <symbol id="sm-d06">
         <name>ULL$$DIV</name>
         <value>0x8844d</value>
         <object_component_ref idref="oc-1ab"/>
      </symbol>
      <symbol id="sm-d07">
         <name>LL$$MOD</name>
         <value>0x88413</value>
         <object_component_ref idref="oc-1ab"/>
      </symbol>
      <symbol id="sm-d08">
         <name>LL$$DIV</name>
         <value>0x883d7</value>
         <object_component_ref idref="oc-1ab"/>
      </symbol>
      <symbol id="sm-d14">
         <name>U$$MOD</name>
         <value>0x8a17b</value>
         <object_component_ref idref="oc-1b0"/>
      </symbol>
      <symbol id="sm-d15">
         <name>U$$DIV</name>
         <value>0x8a176</value>
         <object_component_ref idref="oc-1b0"/>
      </symbol>
      <symbol id="sm-d24">
         <name>_copy_in</name>
         <value>0x89a84</value>
         <object_component_ref idref="oc-1fb"/>
      </symbol>
      <symbol id="sm-d36">
         <name>_memcpy</name>
         <value>0x89c38</value>
         <object_component_ref idref="oc-21f"/>
      </symbol>
      <symbol id="sm-d43">
         <name>__system_pre_init</name>
         <value>0x8a344</value>
         <object_component_ref idref="oc-1f9"/>
      </symbol>
      <symbol id="sm-d51">
         <name>__system_post_cinit</name>
         <value>0x8a34d</value>
         <object_component_ref idref="oc-1fd"/>
      </symbol>
      <symbol id="sm-d66">
         <name>C$$EXIT</name>
         <value>0x899c7</value>
         <object_component_ref idref="oc-265"/>
      </symbol>
      <symbol id="sm-d67">
         <name>_exit</name>
         <value>0x899c9</value>
         <object_component_ref idref="oc-265"/>
      </symbol>
      <symbol id="sm-d69">
         <name>___TI_cleanup_ptr</name>
         <value>0x6d6</value>
         <object_component_ref idref="oc-1cb"/>
      </symbol>
      <symbol id="sm-d6a">
         <name>___TI_enable_exit_profile_output</name>
         <value>0x6d4</value>
         <object_component_ref idref="oc-1cb"/>
      </symbol>
      <symbol id="sm-d6b">
         <name>_abort</name>
         <value>0x899c7</value>
         <object_component_ref idref="oc-265"/>
      </symbol>
      <symbol id="sm-d6d">
         <name>___TI_dtors_ptr</name>
         <value>0x6d8</value>
         <object_component_ref idref="oc-1cb"/>
      </symbol>
      <symbol id="sm-d81">
         <name>__unlock</name>
         <value>0x67e</value>
         <object_component_ref idref="oc-276"/>
      </symbol>
      <symbol id="sm-d82">
         <name>__lock</name>
         <value>0x13e</value>
         <object_component_ref idref="oc-277"/>
      </symbol>
      <symbol id="sm-d83">
         <name>__register_lock</name>
         <value>0x8a223</value>
         <object_component_ref idref="oc-24e"/>
      </symbol>
      <symbol id="sm-d85">
         <name>__nop</name>
         <value>0x8a227</value>
         <object_component_ref idref="oc-24e"/>
      </symbol>
      <symbol id="sm-d87">
         <name>__register_unlock</name>
         <value>0x8a21f</value>
         <object_component_ref idref="oc-24e"/>
      </symbol>
      <symbol id="sm-d97">
         <name>__args_main</name>
         <value>0x89f37</value>
         <object_component_ref idref="oc-1fe"/>
      </symbol>
      <symbol id="sm-da6">
         <name>_memset</name>
         <value>0x8a293</value>
         <object_component_ref idref="oc-308"/>
      </symbol>
      <symbol id="sm-dbd">
         <name>_strlen</name>
         <value>0x8a268</value>
         <object_component_ref idref="oc-2d8"/>
      </symbol>
      <symbol id="sm-dcb">
         <name>_HOSTwrite</name>
         <value>0x8963d</value>
         <object_component_ref idref="oc-334"/>
      </symbol>
      <symbol id="sm-de5">
         <name>___TI_readmsg</name>
         <value>0x88a7e</value>
         <object_component_ref idref="oc-354"/>
      </symbol>
      <symbol id="sm-de7">
         <name>C$$IO$$</name>
         <value>0x88a79</value>
         <object_component_ref idref="oc-354"/>
      </symbol>
      <symbol id="sm-de8">
         <name>__CIOBUF_</name>
         <value>0x8000</value>
         <object_component_ref idref="oc-1ef"/>
      </symbol>
      <symbol id="sm-de9">
         <name>___TI_writemsg</name>
         <value>0x88a26</value>
         <object_component_ref idref="oc-354"/>
      </symbol>
      <symbol id="sm-df6">
         <name>_parmbuf</name>
         <value>0x136</value>
         <object_component_ref idref="oc-353"/>
      </symbol>
   </symbol_table>
   <title>Link successful</title>
</link_info>
